Archive member included to satisfy reference by file (symbol)

c:/program files (x86)/atmel/studio/7.0/toolchain/arm/arm-gnu-toolchain/bin/../lib/gcc/arm-none-eabi/6.3.1/thumb/v7e-m\libgcc.a(_aeabi_uldivmod.o)
                              src/main.o (__aeabi_uldivmod)
c:/program files (x86)/atmel/studio/7.0/toolchain/arm/arm-gnu-toolchain/bin/../lib/gcc/arm-none-eabi/6.3.1/thumb/v7e-m\libgcc.a(_udivmoddi4.o)
                              c:/program files (x86)/atmel/studio/7.0/toolchain/arm/arm-gnu-toolchain/bin/../lib/gcc/arm-none-eabi/6.3.1/thumb/v7e-m\libgcc.a(_aeabi_uldivmod.o) (__udivmoddi4)
c:/program files (x86)/atmel/studio/7.0/toolchain/arm/arm-gnu-toolchain/bin/../lib/gcc/arm-none-eabi/6.3.1/thumb/v7e-m\libgcc.a(_dvmd_tls.o)
                              c:/program files (x86)/atmel/studio/7.0/toolchain/arm/arm-gnu-toolchain/bin/../lib/gcc/arm-none-eabi/6.3.1/thumb/v7e-m\libgcc.a(_aeabi_uldivmod.o) (__aeabi_ldiv0)
c:/program files (x86)/atmel/studio/7.0/toolchain/arm/arm-gnu-toolchain/bin/../lib/gcc/arm-none-eabi/6.3.1/../../../../arm-none-eabi/lib/thumb/v7e-m\libc.a(lib_a-exit.o)
                              c:/program files (x86)/atmel/studio/7.0/toolchain/arm/arm-gnu-toolchain/bin/../lib/gcc/arm-none-eabi/6.3.1/../../../../arm-none-eabi/lib/thumb/v7e-m/crt0.o (exit)
c:/program files (x86)/atmel/studio/7.0/toolchain/arm/arm-gnu-toolchain/bin/../lib/gcc/arm-none-eabi/6.3.1/../../../../arm-none-eabi/lib/thumb/v7e-m\libc.a(lib_a-impure.o)
                              c:/program files (x86)/atmel/studio/7.0/toolchain/arm/arm-gnu-toolchain/bin/../lib/gcc/arm-none-eabi/6.3.1/../../../../arm-none-eabi/lib/thumb/v7e-m\libc.a(lib_a-exit.o) (_global_impure_ptr)
c:/program files (x86)/atmel/studio/7.0/toolchain/arm/arm-gnu-toolchain/bin/../lib/gcc/arm-none-eabi/6.3.1/../../../../arm-none-eabi/lib/thumb/v7e-m\libc.a(lib_a-init.o)
                              c:/program files (x86)/atmel/studio/7.0/toolchain/arm/arm-gnu-toolchain/bin/../lib/gcc/arm-none-eabi/6.3.1/../../../../arm-none-eabi/lib/thumb/v7e-m/crt0.o (__libc_init_array)
c:/program files (x86)/atmel/studio/7.0/toolchain/arm/arm-gnu-toolchain/bin/../lib/gcc/arm-none-eabi/6.3.1/../../../../arm-none-eabi/lib/thumb/v7e-m\libc.a(lib_a-memset.o)
                              c:/program files (x86)/atmel/studio/7.0/toolchain/arm/arm-gnu-toolchain/bin/../lib/gcc/arm-none-eabi/6.3.1/../../../../arm-none-eabi/lib/thumb/v7e-m/crt0.o (memset)
c:/program files (x86)/atmel/studio/7.0/toolchain/arm/arm-gnu-toolchain/bin/../lib/gcc/arm-none-eabi/6.3.1/../../../../arm-none-eabi/lib/thumb/v7e-m\libc.a(lib_a-sprintf.o)
                              src/main.o (sprintf)
c:/program files (x86)/atmel/studio/7.0/toolchain/arm/arm-gnu-toolchain/bin/../lib/gcc/arm-none-eabi/6.3.1/../../../../arm-none-eabi/lib/thumb/v7e-m\libc.a(lib_a-svfprintf.o)
                              c:/program files (x86)/atmel/studio/7.0/toolchain/arm/arm-gnu-toolchain/bin/../lib/gcc/arm-none-eabi/6.3.1/../../../../arm-none-eabi/lib/thumb/v7e-m\libc.a(lib_a-sprintf.o) (_svfprintf_r)
c:/program files (x86)/atmel/studio/7.0/toolchain/arm/arm-gnu-toolchain/bin/../lib/gcc/arm-none-eabi/6.3.1/../../../../arm-none-eabi/lib/thumb/v7e-m\libc.a(lib_a-__call_atexit.o)
                              c:/program files (x86)/atmel/studio/7.0/toolchain/arm/arm-gnu-toolchain/bin/../lib/gcc/arm-none-eabi/6.3.1/../../../../arm-none-eabi/lib/thumb/v7e-m\libc.a(lib_a-exit.o) (__call_exitprocs)
c:/program files (x86)/atmel/studio/7.0/toolchain/arm/arm-gnu-toolchain/bin/../lib/gcc/arm-none-eabi/6.3.1/../../../../arm-none-eabi/lib/thumb/v7e-m\libc.a(lib_a-atexit.o)
                              c:/program files (x86)/atmel/studio/7.0/toolchain/arm/arm-gnu-toolchain/bin/../lib/gcc/arm-none-eabi/6.3.1/../../../../arm-none-eabi/lib/thumb/v7e-m\libc.a(lib_a-__call_atexit.o) (atexit)
c:/program files (x86)/atmel/studio/7.0/toolchain/arm/arm-gnu-toolchain/bin/../lib/gcc/arm-none-eabi/6.3.1/../../../../arm-none-eabi/lib/thumb/v7e-m\libc.a(lib_a-dtoa.o)
                              c:/program files (x86)/atmel/studio/7.0/toolchain/arm/arm-gnu-toolchain/bin/../lib/gcc/arm-none-eabi/6.3.1/../../../../arm-none-eabi/lib/thumb/v7e-m\libc.a(lib_a-svfprintf.o) (_dtoa_r)
c:/program files (x86)/atmel/studio/7.0/toolchain/arm/arm-gnu-toolchain/bin/../lib/gcc/arm-none-eabi/6.3.1/../../../../arm-none-eabi/lib/thumb/v7e-m\libc.a(lib_a-fini.o)
                              c:/program files (x86)/atmel/studio/7.0/toolchain/arm/arm-gnu-toolchain/bin/../lib/gcc/arm-none-eabi/6.3.1/../../../../arm-none-eabi/lib/thumb/v7e-m\libc.a(lib_a-__call_atexit.o) (__libc_fini_array)
c:/program files (x86)/atmel/studio/7.0/toolchain/arm/arm-gnu-toolchain/bin/../lib/gcc/arm-none-eabi/6.3.1/../../../../arm-none-eabi/lib/thumb/v7e-m\libc.a(lib_a-localeconv.o)
[...]
Memory Configuration

Name             Origin             Length             Attributes
rom              0x00400000         0x00200000         xr
ram              0x20400000         0x00060000         xrw
*default*        0x00000000         0xffffffff

Linker script and memory map

LOAD c:/program files (x86)/atmel/studio/7.0/toolchain/arm/arm-gnu-toolchain/bin/../lib/gcc/arm-none-eabi/6.3.1/thumb/v7e-m/crti.o
LOAD c:/program files (x86)/atmel/studio/7.0/toolchain/arm/arm-gnu-toolchain/bin/../lib/gcc/arm-none-eabi/6.3.1/thumb/v7e-m/crtbegin.o
LOAD c:/program files (x86)/atmel/studio/7.0/toolchain/arm/arm-gnu-toolchain/bin/../lib/gcc/arm-none-eabi/6.3.1/../../../../arm-none-eabi/lib/thumb/v7e-m/crt0.o
LOAD src/ASF/sam/drivers/rtc/rtc.o
LOAD src/ASF/sam/drivers/rtt/rtt.o
LOAD src/main.o
LOAD src/ASF/common/services/delay/sam/cycle_counter.o
LOAD src/ASF/common/services/spi/sam_spi/spi_master.o
LOAD src/ASF/sam/components/display/ili9488/ili9488.o
LOAD src/ASF/sam/drivers/spi/spi.o
LOAD src/ASF/common/services/clock/same70/sysclk.o
LOAD src/ASF/common/utils/interrupt/interrupt_sam_nvic.o
LOAD src/ASF/sam/boards/same70_xplained/init.o
LOAD src/ASF/sam/drivers/mpu/mpu.o
LOAD src/ASF/sam/drivers/pio/pio.o
LOAD src/ASF/sam/drivers/pio/pio_handler.o
LOAD src/ASF/sam/drivers/pmc/pmc.o
LOAD src/ASF/sam/drivers/pmc/sleep.o
LOAD src/ASF/sam/utils/cmsis/same70/source/templates/gcc/startup_same70.o
LOAD src/ASF/sam/utils/cmsis/same70/source/templates/system_same70.o
LOAD src/ASF/sam/utils/syscalls/gcc/syscalls.o
START GROUP
LOAD ../src/ASF/thirdparty/CMSIS/Lib/GCC\libarm_cortexM7lfsp_math_softfp.a
LOAD c:/program files (x86)/atmel/studio/7.0/toolchain/arm/arm-gnu-toolchain/bin/../lib/gcc/arm-none-eabi/6.3.1/../../../../arm-none-eabi/lib/thumb/v7e-m\libm.a
END GROUP
START GROUP
LOAD c:/program files (x86)/atmel/studio/7.0/toolchain/arm/arm-gnu-toolchain/bin/../lib/gcc/arm-none-eabi/6.3.1/thumb/v7e-m\libgcc.a
LOAD c:/program files (x86)/atmel/studio/7.0/toolchain/arm/arm-gnu-toolchain/bin/../lib/gcc/arm-none-eabi/6.3.1/../../../../arm-none-eabi/lib/thumb/v7e-m\libc.a
END GROUP
LOAD c:/program files (x86)/atmel/studio/7.0/toolchain/arm/arm-gnu-toolchain/bin/../lib/gcc/arm-none-eabi/6.3.1/thumb/v7e-m/crtend.o
LOAD c:/program files (x86)/atmel/studio/7.0/toolchain/arm/arm-gnu-toolchain/bin/../lib/gcc/arm-none-eabi/6.3.1/thumb/v7e-m/crtn.o
                0x00002000                STACK_SIZE = DEFINED (STACK_SIZE)?STACK_SIZE:0x2000
                0x2045fffc                __ram_end__ = ((ORIGIN (ram) + LENGTH (ram)) - 0x4)
                0x00000200                HEAP_SIZE = DEFINED (HEAP_SIZE)?HEAP_SIZE:0x200

.text           0x00400000    0x36bc4
                0x00400000                . = ALIGN (0x4)
                0x00400000                _sfixed = .
 *(.vectors .vectors.*)
 .vectors       0x00400000      0x168 src/ASF/sam/utils/cmsis/same70/source/templates/gcc/startup_same70.o
                0x00400000                exception_table
 *(.text .text.* .gnu.linkonce.t.*)
 .text          0x00400168       0x6c c:/program files (x86)/atmel/studio/7.0/toolchain/arm/arm-gnu-toolchain/bin/../lib/gcc/arm-none-eabi/6.3.1/thumb/v7e-m/crtbegin.o
 .text.rtc_set_hour_mode
                0x004001d4       0x36 src/ASF/sam/drivers/rtc/rtc.o
                0x004001d4                rtc_set_hour_mode
 .text.rtc_enable_interrupt
                0x0040020a       0x1c src/ASF/sam/drivers/rtc/rtc.o
                0x0040020a                rtc_enable_interrupt
 .text.rtc_get_time
                0x00400226       0xc4 src/ASF/sam/drivers/rtc/rtc.o
                0x00400226                rtc_get_time
 *fill*         0x004002ea        0x2 
 .text.rtc_set_time
                0x004002ec      0x108 src/ASF/sam/drivers/rtc/rtc.o
                0x004002ec                rtc_set_time
 .text.rtc_set_time_alarm
                0x004003f4      0x100 src/ASF/sam/drivers/rtc/rtc.o
                0x004003f4                rtc_set_time_alarm
 .text.rtc_get_status
                0x004004f4       0x18 src/ASF/sam/drivers/rtc/rtc.o
                0x004004f4                rtc_get_status
 .text.rtc_clear_status
                0x0040050c       0x1c src/ASF/sam/drivers/rtc/rtc.o
                0x0040050c                rtc_clear_status
 .text.NVIC_EnableIRQ
                0x00400528       0x34 src/main.o
 .text.NVIC_DisableIRQ
                0x0040055c       0x34 src/main.o
 .text.NVIC_ClearPendingIRQ
                0x00400590       0x34 src/main.o
 .text.NVIC_SetPriority
                0x004005c4       0x54 src/main.o
 .text.osc_get_rate
                0x00400618       0x74 src/main.o
 .text.sysclk_get_main_hz
                0x0040068c       0x20 src/main.o
 .text.sysclk_get_cpu_hz
                0x004006ac       0x14 src/main.o
 .text.configure_lcd
                0x004006c0       0x4c src/main.o
                0x004006c0                configure_lcd
 .text.Button1_Handler
                0x0040070c       0x16 src/main.o
 *fill*         0x00400722        0x2 
 .text.button_init
                0x00400724       0x64 src/main.o
                0x00400724                button_init
 .text.font_draw_text
                0x00400788       0x88 src/main.o
                0x00400788                font_draw_text
 .text.RTC_Handler
                0x00400810       0xa8 src/main.o
                0x00400810                RTC_Handler
 .text.RTC_init
                0x004008b8       0x68 src/main.o
                0x004008b8                RTC_init
 .text.main     0x00400920      0x194 src/main.o
                0x00400920                main
 .text.osc_get_rate
                0x00400ab4       0x74 src/ASF/common/services/spi/sam_spi/spi_master.o
 .text.sysclk_get_main_hz
                0x00400b28       0x20 src/ASF/common/services/spi/sam_spi/spi_master.o
 .text.sysclk_get_peripheral_hz
                0x00400b48       0x14 src/ASF/common/services/spi/sam_spi/spi_master.o
 .text.spi_reset
                0x00400b5c       0x1a src/ASF/common/services/spi/sam_spi/spi_master.o
 .text.spi_set_master_mode
                0x00400b76       0x20 src/ASF/common/services/spi/sam_spi/spi_master.o
 .text.spi_set_fixed_peripheral_select
                0x00400b96       0x20 src/ASF/common/services/spi/sam_spi/spi_master.o
 .text.spi_disable_peripheral_select_decode
                0x00400bb6       0x20 src/ASF/common/services/spi/sam_spi/spi_master.o
 .text.spi_get_peripheral_select_decode_setting
                0x00400bd6       0x26 src/ASF/common/services/spi/sam_spi/spi_master.o
 .text.spi_disable_mode_fault_detect
                0x00400bfc       0x20 src/ASF/common/services/spi/sam_spi/spi_master.o
 .text.spi_disable_loopback
                0x00400c1c       0x20 src/ASF/common/services/spi/sam_spi/spi_master.o
 .text.spi_put  0x00400c3c       0x1e src/ASF/common/services/spi/sam_spi/spi_master.o
 .text.spi_get  0x00400c5a       0x1a src/ASF/common/services/spi/sam_spi/spi_master.o
 .text.spi_is_tx_ready
                0x00400c74       0x26 src/ASF/common/services/spi/sam_spi/spi_master.o
 .text.spi_is_rx_ready
                0x00400c9a       0x2c src/ASF/common/services/spi/sam_spi/spi_master.o
 *fill*         0x00400cc6        0x2 
 .text.spi_write_single
                0x00400cc8       0x24 src/ASF/common/services/spi/sam_spi/spi_master.o
 .text.spi_read_single
                0x00400cec       0x24 src/ASF/common/services/spi/sam_spi/spi_master.o
 .text.spi_master_init
                0x00400d10       0x70 src/ASF/common/services/spi/sam_spi/spi_master.o
                0x00400d10                spi_master_init
 .text.spi_master_setup_device
                0x00400d80       0xb4 src/ASF/common/services/spi/sam_spi/spi_master.o
                0x00400d80                spi_master_setup_device
 .text.spi_select_device
                0x00400e34       0x58 src/ASF/common/services/spi/sam_spi/spi_master.o
                0x00400e34                spi_select_device
 .text.spi_write_packet
                0x00400e8c       0x74 src/ASF/common/services/spi/sam_spi/spi_master.o
                0x00400e8c                spi_write_packet
 .text.spi_read_packet
                0x00400f00       0xac src/ASF/common/services/spi/sam_spi/spi_master.o
                0x00400f00                spi_read_packet
 .text.spi_enable
                0x00400fac       0x1a src/ASF/sam/components/display/ili9488/ili9488.o
 .text.spi_enable_interrupt
                0x00400fc6       0x1c src/ASF/sam/components/display/ili9488/ili9488.o
 *fill*         0x00400fe2        0x2 
 .text.ili9488_write_ram_prepare
                0x00400fe4       0x40 src/ASF/sam/components/display/ili9488/ili9488.o
 .text.ili9488_write_ram_buffer
                0x00401024       0x40 src/ASF/sam/components/display/ili9488/ili9488.o
 .text.ili9488_write_register
                0x00401064       0x78 src/ASF/sam/components/display/ili9488/ili9488.o
 .text.ili9488_read_chipid
                0x004010dc       0xcc src/ASF/sam/components/display/ili9488/ili9488.o
 .text.ili9488_delay
                0x004011a8       0x40 src/ASF/sam/components/display/ili9488/ili9488.o
                0x004011a8                ili9488_delay
 .text.ili9488_check_box_coordinates
                0x004011e8       0xa2 src/ASF/sam/components/display/ili9488/ili9488.o
 *fill*         0x0040128a        0x2 
 .text.ili9488_set_display_direction
                0x0040128c       0x34 src/ASF/sam/components/display/ili9488/ili9488.o
                0x0040128c                ili9488_set_display_direction
 .text.ili9488_set_window
                0x004012c0       0xc8 src/ASF/sam/components/display/ili9488/ili9488.o
                0x004012c0                ili9488_set_window
 .text.ili9488_init
                0x00401388      0x15c src/ASF/sam/components/display/ili9488/ili9488.o
                0x00401388                ili9488_init
 .text.ili9488_display_on
                0x004014e4       0x18 src/ASF/sam/components/display/ili9488/ili9488.o
                0x004014e4                ili9488_display_on
 .text.ili9488_set_foreground_color
                0x004014fc       0x54 src/ASF/sam/components/display/ili9488/ili9488.o
                0x004014fc                ili9488_set_foreground_color
 .text.ili9488_set_cursor_position
                0x00401550       0x84 src/ASF/sam/components/display/ili9488/ili9488.o
                0x00401550                ili9488_set_cursor_position
 .text.ili9488_draw_filled_rectangle
                0x004015d4       0xdc src/ASF/sam/components/display/ili9488/ili9488.o
                0x004015d4                ili9488_draw_filled_rectangle
 .text.ili9488_draw_pixmap
                0x004016b0       0xb4 src/ASF/sam/components/display/ili9488/ili9488.o
                0x004016b0                ili9488_draw_pixmap
 .text.spi_get_peripheral_select_mode
                0x00401764       0x26 src/ASF/sam/drivers/spi/spi.o
 *fill*         0x0040178a        0x2 
 .text.sysclk_enable_peripheral_clock
                0x0040178c       0x1c src/ASF/sam/drivers/spi/spi.o
 .text.spi_enable_clock
                0x004017a8       0x3c src/ASF/sam/drivers/spi/spi.o
                0x004017a8                spi_enable_clock
 .text.spi_set_peripheral_chip_select_value
                0x004017e4       0x34 src/ASF/sam/drivers/spi/spi.o
                0x004017e4                spi_set_peripheral_chip_select_value
 .text.spi_set_delay_between_chip_select
                0x00401818       0x30 src/ASF/sam/drivers/spi/spi.o
                0x00401818                spi_set_delay_between_chip_select
 .text.spi_write
                0x00401848       0x80 src/ASF/sam/drivers/spi/spi.o
                0x00401848                spi_write
 .text.spi_set_clock_polarity
                0x004018c8       0x50 src/ASF/sam/drivers/spi/spi.o
                0x004018c8                spi_set_clock_polarity
 .text.spi_set_clock_phase
                0x00401918       0x50 src/ASF/sam/drivers/spi/spi.o
                0x00401918                spi_set_clock_phase
 .text.spi_configure_cs_behavior
                0x00401968       0xa6 src/ASF/sam/drivers/spi/spi.o
                0x00401968                spi_configure_cs_behavior
 .text.spi_set_bits_per_transfer
                0x00401a0e       0x4a src/ASF/sam/drivers/spi/spi.o
                0x00401a0e                spi_set_bits_per_transfer
 .text.spi_calc_baudrate_div
                0x00401a58       0x3c src/ASF/sam/drivers/spi/spi.o
                0x00401a58                spi_calc_baudrate_div
 .text.spi_set_baudrate_div
                0x00401a94       0x5e src/ASF/sam/drivers/spi/spi.o
                0x00401a94                spi_set_baudrate_div
 .text.spi_set_transfer_delay
                0x00401af2       0x5e src/ASF/sam/drivers/spi/spi.o
                0x00401af2                spi_set_transfer_delay
 .text.osc_enable
                0x00401b50       0x88 src/ASF/common/services/clock/same70/sysclk.o
 .text.osc_is_ready
                0x00401bd8       0x70 src/ASF/common/services/clock/same70/sysclk.o
 .text.osc_get_rate
                0x00401c48       0x74 src/ASF/common/services/clock/same70/sysclk.o
 .text.osc_wait_ready
                0x00401cbc       0x2c src/ASF/common/services/clock/same70/sysclk.o
 .text.pll_config_init
                0x00401ce8       0x6c src/ASF/common/services/clock/same70/sysclk.o
 .text.pll_enable
                0x00401d54       0x40 src/ASF/common/services/clock/same70/sysclk.o
 .text.pll_is_locked
                0x00401d94       0x2c src/ASF/common/services/clock/same70/sysclk.o
 .text.pll_enable_source
                0x00401dc0       0x38 src/ASF/common/services/clock/same70/sysclk.o
 .text.pll_wait_for_lock
                0x00401df8       0x24 src/ASF/common/services/clock/same70/sysclk.o
 .text.sysclk_get_main_hz
                0x00401e1c       0x20 src/ASF/common/services/clock/same70/sysclk.o
 .text.sysclk_get_cpu_hz
                0x00401e3c       0x14 src/ASF/common/services/clock/same70/sysclk.o
 .text.sysclk_init
                0x00401e50       0x7c src/ASF/common/services/clock/same70/sysclk.o
                0x00401e50                sysclk_init
 .text.SCB_EnableICache
                0x00401ecc       0x38 src/ASF/sam/boards/same70_xplained/init.o
 .text.SCB_EnableDCache
                0x00401f04       0xa4 src/ASF/sam/boards/same70_xplained/init.o
 .text.sysclk_enable_peripheral_clock
                0x00401fa8       0x1c src/ASF/sam/boards/same70_xplained/init.o
 .text.ioport_init
                0x00401fc4       0x2c src/ASF/sam/boards/same70_xplained/init.o
 .text.ioport_set_pin_mode
                0x00401ff0      0x11c src/ASF/sam/boards/same70_xplained/init.o
 .text.ioport_set_pin_dir
                0x0040210c       0x88 src/ASF/sam/boards/same70_xplained/init.o
 .text.ioport_set_pin_level
                0x00402194       0x6c src/ASF/sam/boards/same70_xplained/init.o
 .text.ioport_set_pin_sense_mode
                0x00402200       0xd0 src/ASF/sam/boards/same70_xplained/init.o
 .text.tcm_disable
                0x004022d0       0x44 src/ASF/sam/boards/same70_xplained/init.o
 .text.board_init
                0x00402314      0x188 src/ASF/sam/boards/same70_xplained/init.o
                0x00402314                board_init
 .text.pio_pull_up
                0x0040249c       0x2c src/ASF/sam/drivers/pio/pio.o
                0x0040249c                pio_pull_up
 .text.pio_set  0x004024c8       0x1c src/ASF/sam/drivers/pio/pio.o
                0x004024c8                pio_set
 .text.pio_get  0x004024e4       0x46 src/ASF/sam/drivers/pio/pio.o
                0x004024e4                pio_get
 .text.pio_set_peripheral
                0x0040252a      0x110 src/ASF/sam/drivers/pio/pio.o
                0x0040252a                pio_set_peripheral
 *fill*         0x0040263a        0x2 
 .text.pio_set_input
                0x0040263c       0x80 src/ASF/sam/drivers/pio/pio.o
                0x0040263c                pio_set_input
 .text.pio_set_output
                0x004026bc       0x64 src/ASF/sam/drivers/pio/pio.o
                0x004026bc                pio_set_output
 .text.pio_configure
                0x00402720       0xcc src/ASF/sam/drivers/pio/pio.o
                0x00402720                pio_configure
 .text.pio_configure_interrupt
                0x004027ec       0x6c src/ASF/sam/drivers/pio/pio.o
                0x004027ec                pio_configure_interrupt
 .text.pio_enable_interrupt
                0x00402858       0x1c src/ASF/sam/drivers/pio/pio.o
                0x00402858                pio_enable_interrupt
 .text.pio_disable_interrupt
                0x00402874       0x1c src/ASF/sam/drivers/pio/pio.o
                0x00402874                pio_disable_interrupt
 .text.pio_get_interrupt_status
                0x00402890       0x18 src/ASF/sam/drivers/pio/pio.o
                0x00402890                pio_get_interrupt_status
 .text.pio_get_interrupt_mask
                0x004028a8       0x18 src/ASF/sam/drivers/pio/pio.o
                0x004028a8                pio_get_interrupt_mask
 .text.pio_set_pin_high
                0x004028c0       0x30 src/ASF/sam/drivers/pio/pio.o
                0x004028c0                pio_set_pin_high
 .text.pio_set_pin_low
                0x004028f0       0x30 src/ASF/sam/drivers/pio/pio.o
                0x004028f0                pio_set_pin_low
 .text.pio_configure_pin
                0x00402920      0x1b0 src/ASF/sam/drivers/pio/pio.o
                0x00402920                pio_configure_pin
 .text.pio_get_pin_group
                0x00402ad0       0x28 src/ASF/sam/drivers/pio/pio.o
                0x00402ad0                pio_get_pin_group
 .text.pio_handler_process
                0x00402af8       0xb4 src/ASF/sam/drivers/pio/pio_handler.o
                0x00402af8                pio_handler_process
 .text.pio_handler_set
                0x00402bac       0xa0 src/ASF/sam/drivers/pio/pio_handler.o
                0x00402bac                pio_handler_set
 .text.PIOA_Handler
                0x00402c4c       0x18 src/ASF/sam/drivers/pio/pio_handler.o
                0x00402c4c                PIOA_Handler
 .text.PIOB_Handler
                0x00402c64       0x18 src/ASF/sam/drivers/pio/pio_handler.o
                0x00402c64                PIOB_Handler
 .text.PIOC_Handler
                0x00402c7c       0x18 src/ASF/sam/drivers/pio/pio_handler.o
                0x00402c7c                PIOC_Handler
 .text.PIOD_Handler
                0x00402c94       0x18 src/ASF/sam/drivers/pio/pio_handler.o
                0x00402c94                PIOD_Handler
 .text.PIOE_Handler
                0x00402cac       0x18 src/ASF/sam/drivers/pio/pio_handler.o
                0x00402cac                PIOE_Handler
 .text.pmc_mck_set_division
                0x00402cc4       0x7c src/ASF/sam/drivers/pmc/pmc.o
                0x00402cc4                pmc_mck_set_division
 .text.pmc_switch_mck_to_pllack
                0x00402d40       0x84 src/ASF/sam/drivers/pmc/pmc.o
                0x00402d40                pmc_switch_mck_to_pllack
 .text.pmc_switch_sclk_to_32kxtal
                0x00402dc4       0x38 src/ASF/sam/drivers/pmc/pmc.o
                0x00402dc4                pmc_switch_sclk_to_32kxtal
 .text.pmc_osc_is_ready_32kxtal
                0x00402dfc       0x34 src/ASF/sam/drivers/pmc/pmc.o
                0x00402dfc                pmc_osc_is_ready_32kxtal
 .text.pmc_switch_mainck_to_fastrc
                0x00402e30       0x70 src/ASF/sam/drivers/pmc/pmc.o
                0x00402e30                pmc_switch_mainck_to_fastrc
 .text.pmc_switch_mainck_to_xtal
                0x00402ea0       0x78 src/ASF/sam/drivers/pmc/pmc.o
                0x00402ea0                pmc_switch_mainck_to_xtal
 .text.pmc_osc_is_ready_mainck
                0x00402f18       0x1c src/ASF/sam/drivers/pmc/pmc.o
                0x00402f18                pmc_osc_is_ready_mainck
 .text.pmc_disable_pllack
                0x00402f34       0x1c src/ASF/sam/drivers/pmc/pmc.o
                0x00402f34                pmc_disable_pllack
 .text.pmc_is_locked_pllack
                0x00402f50       0x1c src/ASF/sam/drivers/pmc/pmc.o
                0x00402f50                pmc_is_locked_pllack
 .text.pmc_is_locked_upll
                0x00402f6c       0x1c src/ASF/sam/drivers/pmc/pmc.o
                0x00402f6c                pmc_is_locked_upll
 .text.pmc_enable_periph_clk
                0x00402f88       0x3c src/ASF/sam/drivers/pmc/pmc.o
                0x00402f88                pmc_enable_periph_clk
 .text.cpu_irq_save
                0x00402fc4       0x38 src/ASF/sam/utils/cmsis/same70/source/templates/gcc/startup_same70.o
 .text.cpu_irq_is_enabled_flags
                0x00402ffc       0x20 src/ASF/sam/utils/cmsis/same70/source/templates/gcc/startup_same70.o
 .text.cpu_irq_restore
                0x0040301c       0x30 src/ASF/sam/utils/cmsis/same70/source/templates/gcc/startup_same70.o
 .text.Reset_Handler
                0x0040304c       0xb0 src/ASF/sam/utils/cmsis/same70/source/templates/gcc/startup_same70.o
                0x0040304c                Reset_Handler
 .text.Dummy_Handler
                0x004030fc        0x6 src/ASF/sam/utils/cmsis/same70/source/templates/gcc/startup_same70.o
                0x004030fc                DACC_Handler
                0x004030fc                DebugMon_Handler
                0x004030fc                UART3_Handler
                0x004030fc                UART2_Handler
                0x004030fc                TRNG_Handler
                0x004030fc                HardFault_Handler
                0x004030fc                TC2_Handler
                0x004030fc                SysTick_Handler
                0x004030fc                AFEC1_Handler
                0x004030fc                PendSV_Handler
                0x004030fc                NMI_Handler
                0x004030fc                TC7_Handler
                0x004030fc                QSPI_Handler
                0x004030fc                ISI_Handler
                0x004030fc                MCAN0_INT0_Handler
                0x004030fc                TC9_Handler
                0x004030fc                RSWDT_Handler
                0x004030fc                USART0_Handler
                0x004030fc                RTT_Handler
                0x004030fc                USBHS_Handler
                0x004030fc                IXC_Handler
                0x004030fc                CCF_Handler
                0x004030fc                UsageFault_Handler
                0x004030fc                TC6_Handler
                0x004030fc                WDT_Handler
                0x004030fc                MCAN1_INT1_Handler
                0x004030fc                TC4_Handler
                0x004030fc                TC1_Handler
                0x004030fc                HSMCI_Handler
                0x004030fc                UART1_Handler
                0x004030fc                TC3_Handler
                0x004030fc                Dummy_Handler
                0x004030fc                TWIHS1_Handler
                0x004030fc                XDMAC_Handler
                0x004030fc                UART4_Handler
                0x004030fc                PWM1_Handler
                0x004030fc                USART1_Handler
                0x004030fc                PWM0_Handler
                0x004030fc                AFEC0_Handler
                0x004030fc                CCW_Handler
                0x004030fc                TC11_Handler
                0x004030fc                SSC_Handler
                0x004030fc                ACC_Handler
                0x004030fc                PMC_Handler
                0x004030fc                GMAC_Handler
                0x004030fc                MCAN0_INT1_Handler
                0x004030fc                GMAC_Q5_Handler
                0x004030fc                MemManage_Handler
                0x004030fc                SUPC_Handler
                0x004030fc                SVC_Handler
                0x004030fc                TC8_Handler
                0x004030fc                MCAN1_INT0_Handler
                0x004030fc                EFC_Handler
                0x004030fc                GMAC_Q1_Handler
                0x004030fc                USART2_Handler
                0x004030fc                SDRAMC_Handler
                0x004030fc                GMAC_Q2_Handler
                0x004030fc                SPI1_Handler
                0x004030fc                TC10_Handler
                0x004030fc                GMAC_Q3_Handler
                0x004030fc                TWIHS2_Handler
                0x004030fc                I2SC0_Handler
                0x004030fc                UART0_Handler
                0x004030fc                I2SC1_Handler
                0x004030fc                GMAC_Q4_Handler
                0x004030fc                FPU_Handler
                0x004030fc                BusFault_Handler
                0x004030fc                RSTC_Handler
                0x004030fc                TC0_Handler
                0x004030fc                TC5_Handler
                0x004030fc                AES_Handler
                0x004030fc                ICM_Handler
                0x004030fc                TWIHS0_Handler
                0x004030fc                SPI0_Handler
 *fill*         0x00403102        0x2 
 .text.SystemCoreClockUpdate
                0x00403104      0x168 src/ASF/sam/utils/cmsis/same70/source/templates/system_same70.o
                0x00403104                SystemCoreClockUpdate
 .text.system_init_flash
                0x0040326c       0xb0 src/ASF/sam/utils/cmsis/same70/source/templates/system_same70.o
                0x0040326c                system_init_flash
 .text._sbrk    0x0040331c       0x58 src/ASF/sam/utils/syscalls/gcc/syscalls.o
                0x0040331c                _sbrk
 .text          0x00403374       0x30 c:/program files (x86)/atmel/studio/7.0/toolchain/arm/arm-gnu-toolchain/bin/../lib/gcc/arm-none-eabi/6.3.1/thumb/v7e-m\libgcc.a(_aeabi_uldivmod.o)
                0x00403374                __aeabi_uldivmod
 .text          0x004033a4      0x2dc c:/program files (x86)/atmel/studio/7.0/toolchain/arm/arm-gnu-toolchain/bin/../lib/gcc/arm-none-eabi/6.3.1/thumb/v7e-m\libgcc.a(_udivmoddi4.o)
                0x004033a4                __udivmoddi4
 .text          0x00403680        0x4 c:/program files (x86)/atmel/studio/7.0/toolchain/arm/arm-gnu-toolchain/bin/../lib/gcc/arm-none-eabi/6.3.1/thumb/v7e-m\libgcc.a(_dvmd_tls.o)
                0x00403680                __aeabi_idiv0
                0x00403680                __aeabi_ldiv0
 .text.__libc_init_array
                0x00403684       0x50 c:/program files (x86)/atmel/studio/7.0/toolchain/arm/arm-gnu-toolchain/bin/../lib/gcc/arm-none-eabi/6.3.1/../../../../arm-none-eabi/lib/thumb/v7e-m\libc.a(lib_a-init.o)
                0x00403684                __libc_init_array
 .text.memset   0x004036d4       0x9c c:/program files (x86)/atmel/studio/7.0/toolchain/arm/arm-gnu-toolchain/bin/../lib/gcc/arm-none-eabi/6.3.1/../../../../arm-none-eabi/lib/thumb/v7e-m\libc.a(lib_a-memset.o)
                0x004036d4                memset
 .text.sprintf  0x00403770       0x4c c:/program files (x86)/atmel/studio/7.0/toolchain/arm/arm-gnu-toolchain/bin/../lib/gcc/arm-none-eabi/6.3.1/../../../../arm-none-eabi/lib/thumb/v7e-m\libc.a(lib_a-sprintf.o)
                0x00403770                sprintf
 .text._svfprintf_r
                0x004037bc     0x145c c:/program files (x86)/atmel/studio/7.0/toolchain/arm/arm-gnu-toolchain/bin/../lib/gcc/arm-none-eabi/6.3.1/../../../../arm-none-eabi/lib/thumb/v7e-m\libc.a(lib_a-svfprintf.o)
                0x004037bc                _svfprintf_r
 .text.startup.register_fini
                0x00404c18       0x14 c:/program files (x86)/atmel/studio/7.0/toolchain/arm/arm-gnu-toolchain/bin/../lib/gcc/arm-none-eabi/6.3.1/../../../../arm-none-eabi/lib/thumb/v7e-m\libc.a(lib_a-__call_atexit.o)
 .text.atexit   0x00404c2c        0xc c:/program files (x86)/atmel/studio/7.0/toolchain/arm/arm-gnu-toolchain/bin/../lib/gcc/arm-none-eabi/6.3.1/../../../../arm-none-eabi/lib/thumb/v7e-m\libc.a(lib_a-atexit.o)
                0x00404c2c                atexit
 .text.quorem   0x00404c38      0x128 c:/program files (x86)/atmel/studio/7.0/toolchain/arm/arm-gnu-toolchain/bin/../lib/gcc/arm-none-eabi/6.3.1/../../../../arm-none-eabi/lib/thumb/v7e-m\libc.a(lib_a-dtoa.o)
 .text._dtoa_r  0x00404d60      0xe54 c:/program files (x86)/atmel/studio/7.0/toolchain/arm/arm-gnu-toolchain/bin/../lib/gcc/arm-none-eabi/6.3.1/../../../../arm-none-eabi/lib/thumb/v7e-m\libc.a(lib_a-dtoa.o)
                0x00404d60                _dtoa_r
 .text.__libc_fini_array
                0x00405bb4       0x34 c:/program files (x86)/atmel/studio/7.0/toolchain/arm/arm-gnu-toolchain/bin/../lib/gcc/arm-none-eabi/6.3.1/../../../../arm-none-eabi/lib/thumb/v7e-m\libc.a(lib_a-fini.o)
                0x00405bb4                __libc_fini_array
 .text._localeconv_r
                0x00405be8       0x1c c:/program files (x86)/atmel/studio/7.0/toolchain/arm/arm-gnu-toolchain/bin/../lib/gcc/arm-none-eabi/6.3.1/../../../../arm-none-eabi/lib/thumb/v7e-m\libc.a(lib_a-localeconv.o)
                0x00405be8                _localeconv_r
 .text.__retarget_lock_acquire_recursive
                0x00405c04        0x4 c:/program files (x86)/atmel/studio/7.0/toolchain/arm/arm-gnu-toolchain/bin/../lib/gcc/arm-none-eabi/6.3.1/../../../../arm-none-eabi/lib/thumb/v7e-m\libc.a(lib_a-lock.o)
                0x00405c04                __retarget_lock_acquire_recursive
 .text.__retarget_lock_release_recursive
                0x00405c08        0x4 c:/program files (x86)/atmel/studio/7.0/toolchain/arm/arm-gnu-toolchain/bin/../lib/gcc/arm-none-eabi/6.3.1/../../../../arm-none-eabi/lib/thumb/v7e-m\libc.a(lib_a-lock.o)
                0x00405c08                __retarget_lock_release_recursive
 .text._malloc_r
                0x00405c0c      0x560 c:/program files (x86)/atmel/studio/7.0/toolchain/arm/arm-gnu-toolchain/bin/../lib/gcc/arm-none-eabi/6.3.1/../../../../arm-none-eabi/lib/thumb/v7e-m\libc.a(lib_a-mallocr.o)
                0x00405c0c                _malloc_r
 *fill*         0x0040616c        0x4 
 .text          0x00406170       0xa0 c:/program files (x86)/atmel/studio/7.0/toolchain/arm/arm-gnu-toolchain/bin/../lib/gcc/arm-none-eabi/6.3.1/../../../../arm-none-eabi/lib/thumb/v7e-m\libc.a(lib_a-memchr.o)
                0x00406170                memchr
 .text          0x00406210      0x134 c:/program files (x86)/atmel/studio/7.0/toolchain/arm/arm-gnu-toolchain/bin/../lib/gcc/arm-none-eabi/6.3.1/../../../../arm-none-eabi/lib/thumb/v7e-m\libc.a(lib_a-memcpy.o)
                0x00406210                memcpy
 .text.__malloc_lock
                0x00406344        0xc c:/program files (x86)/atmel/studio/7.0/toolchain/arm/arm-gnu-toolchain/bin/../lib/gcc/arm-none-eabi/6.3.1/../../../../arm-none-eabi/lib/thumb/v7e-m\libc.a(lib_a-mlock.o)
                0x00406344                __malloc_lock
 .text.__malloc_unlock
                0x00406350        0xc c:/program files (x86)/atmel/studio/7.0/toolchain/arm/arm-gnu-toolchain/bin/../lib/gcc/arm-none-eabi/6.3.1/../../../../arm-none-eabi/lib/thumb/v7e-m\libc.a(lib_a-mlock.o)
                0x00406350                __malloc_unlock
 .text._Balloc  0x0040635c       0x4c c:/program files (x86)/atmel/studio/7.0/toolchain/arm/arm-gnu-toolchain/bin/../lib/gcc/arm-none-eabi/6.3.1/../../../../arm-none-eabi/lib/thumb/v7e-m\libc.a(lib_a-mprec.o)
                0x0040635c                _Balloc
 .text._Bfree   0x004063a8       0x14 c:/program files (x86)/atmel/studio/7.0/toolchain/arm/arm-gnu-toolchain/bin/../lib/gcc/arm-none-eabi/6.3.1/../../../../arm-none-eabi/lib/thumb/v7e-m\libc.a(lib_a-mprec.o)
                0x004063a8                _Bfree
 .text.__multadd
                0x004063bc       0x80 c:/program files (x86)/atmel/studio/7.0/toolchain/arm/arm-gnu-toolchain/bin/../lib/gcc/arm-none-eabi/6.3.1/../../../../arm-none-eabi/lib/thumb/v7e-m\libc.a(lib_a-mprec.o)
                0x004063bc                __multadd
 .text.__hi0bits
                0x0040643c       0x40 c:/program files (x86)/atmel/studio/7.0/toolchain/arm/arm-gnu-toolchain/bin/../lib/gcc/arm-none-eabi/6.3.1/../../../../arm-none-eabi/lib/thumb/v7e-m\libc.a(lib_a-mprec.o)
                0x0040643c                __hi0bits
 .text.__lo0bits
                0x0040647c       0x60 c:/program files (x86)/atmel/studio/7.0/toolchain/arm/arm-gnu-toolchain/bin/../lib/gcc/arm-none-eabi/6.3.1/../../../../arm-none-eabi/lib/thumb/v7e-m\libc.a(lib_a-mprec.o)
                0x0040647c                __lo0bits
 .text.__i2b    0x004064dc       0x14 c:/program files (x86)/atmel/studio/7.0/toolchain/arm/arm-gnu-toolchain/bin/../lib/gcc/arm-none-eabi/6.3.1/../../../../arm-none-eabi/lib/thumb/v7e-m\libc.a(lib_a-mprec.o)
                0x004064dc                __i2b
 .text.__multiply
                0x004064f0      0x124 c:/program files (x86)/atmel/studio/7.0/toolchain/arm/arm-gnu-toolchain/bin/../lib/gcc/arm-none-eabi/6.3.1/../../../../arm-none-eabi/lib/thumb/v7e-m\libc.a(lib_a-mprec.o)
                0x004064f0                __multiply
 .text.__pow5mult
                0x00406614       0xa0 c:/program files (x86)/atmel/studio/7.0/toolchain/arm/arm-gnu-toolchain/bin/../lib/gcc/arm-none-eabi/6.3.1/../../../../arm-none-eabi/lib/thumb/v7e-m\libc.a(lib_a-mprec.o)
                0x00406614                __pow5mult
 .text.__lshift
                0x004066b4       0xa4 c:/program files (x86)/atmel/studio/7.0/toolchain/arm/arm-gnu-toolchain/bin/../lib/gcc/arm-none-eabi/6.3.1/../../../../arm-none-eabi/lib/thumb/v7e-m\libc.a(lib_a-mprec.o)
                0x004066b4                __lshift
 .text.__mcmp   0x00406758       0x38 c:/program files (x86)/atmel/studio/7.0/toolchain/arm/arm-gnu-toolchain/bin/../lib/gcc/arm-none-eabi/6.3.1/../../../../arm-none-eabi/lib/thumb/v7e-m\libc.a(lib_a-mprec.o)
                0x00406758                __mcmp
 .text.__mdiff  0x00406790      0x108 c:/program files (x86)/atmel/studio/7.0/toolchain/arm/arm-gnu-toolchain/bin/../lib/gcc/arm-none-eabi/6.3.1/../../../../arm-none-eabi/lib/thumb/v7e-m\libc.a(lib_a-mprec.o)
                0x00406790                __mdiff
 .text.__d2b    0x00406898       0xb8 c:/program files (x86)/atmel/studio/7.0/toolchain/arm/arm-gnu-toolchain/bin/../lib/gcc/arm-none-eabi/6.3.1/../../../../arm-none-eabi/lib/thumb/v7e-m\libc.a(lib_a-mprec.o)
                0x00406898                __d2b
 .text._sbrk_r  0x00406950       0x24 c:/program files (x86)/atmel/studio/7.0/toolchain/arm/arm-gnu-toolchain/bin/../lib/gcc/arm-none-eabi/6.3.1/../../../../arm-none-eabi/lib/thumb/v7e-m\libc.a(lib_a-sbrkr.o)
                0x00406950                _sbrk_r
 *fill*         0x00406974        0xc 
 .text          0x00406980       0xdc c:/program files (x86)/atmel/studio/7.0/toolchain/arm/arm-gnu-toolchain/bin/../lib/gcc/arm-none-eabi/6.3.1/../../../../arm-none-eabi/lib/thumb/v7e-m\libc.a(lib_a-strlen.o)
                0x00406980                strlen
 .text.__ssprint_r
                0x00406a5c       0xfc c:/program files (x86)/atmel/studio/7.0/toolchain/arm/arm-gnu-toolchain/bin/../lib/gcc/arm-none-eabi/6.3.1/../../../../arm-none-eabi/lib/thumb/v7e-m\libc.a(lib_a-svfiprintf.o)
                0x00406a5c                __ssprint_r
 .text.__register_exitproc
                0x00406b58       0xc4 c:/program files (x86)/atmel/studio/7.0/toolchain/arm/arm-gnu-toolchain/bin/../lib/gcc/arm-none-eabi/6.3.1/../../../../arm-none-eabi/lib/thumb/v7e-m\libc.a(lib_a-__atexit.o)
                0x00406b58                __register_exitproc
 .text._calloc_r
                0x00406c1c       0x60 c:/program files (x86)/atmel/studio/7.0/toolchain/arm/arm-gnu-toolchain/bin/../lib/gcc/arm-none-eabi/6.3.1/../../../../arm-none-eabi/lib/thumb/v7e-m\libc.a(lib_a-callocr.o)
                0x00406c1c                _calloc_r
 .text._malloc_trim_r
                0x00406c7c       0xa0 c:/program files (x86)/atmel/studio/7.0/toolchain/arm/arm-gnu-toolchain/bin/../lib/gcc/arm-none-eabi/6.3.1/../../../../arm-none-eabi/lib/thumb/v7e-m\libc.a(lib_a-freer.o)
                0x00406c7c                _malloc_trim_r
 .text._free_r  0x00406d1c      0x1cc c:/program files (x86)/atmel/studio/7.0/toolchain/arm/arm-gnu-toolchain/bin/../lib/gcc/arm-none-eabi/6.3.1/../../../../arm-none-eabi/lib/thumb/v7e-m\libc.a(lib_a-freer.o)
                0x00406d1c                _free_r
 .text.__ascii_mbtowc
                0x00406ee8       0x2c c:/program files (x86)/atmel/studio/7.0/toolchain/arm/arm-gnu-toolchain/bin/../lib/gcc/arm-none-eabi/6.3.1/../../../../arm-none-eabi/lib/thumb/v7e-m\libc.a(lib_a-mbtowc_r.o)
                0x00406ee8                __ascii_mbtowc
 .text.memmove  0x00406f14       0xc8 c:/program files (x86)/atmel/studio/7.0/toolchain/arm/arm-gnu-toolchain/bin/../lib/gcc/arm-none-eabi/6.3.1/../../../../arm-none-eabi/lib/thumb/v7e-m\libc.a(lib_a-memmove.o)
                0x00406f14                memmove
 .text._realloc_r
                0x00406fdc      0x34c c:/program files (x86)/atmel/studio/7.0/toolchain/arm/arm-gnu-toolchain/bin/../lib/gcc/arm-none-eabi/6.3.1/../../../../arm-none-eabi/lib/thumb/v7e-m\libc.a(lib_a-reallocr.o)
                0x00406fdc                _realloc_r
 .text.__ascii_wctomb
                0x00407328       0x1c c:/program files (x86)/atmel/studio/7.0/toolchain/arm/arm-gnu-toolchain/bin/../lib/gcc/arm-none-eabi/6.3.1/../../../../arm-none-eabi/lib/thumb/v7e-m\libc.a(lib_a-wctomb_r.o)
                0x00407328                __ascii_wctomb
 .text          0x00407344      0x370 c:/program files (x86)/atmel/studio/7.0/toolchain/arm/arm-gnu-toolchain/bin/../lib/gcc/arm-none-eabi/6.3.1/thumb/v7e-m\libgcc.a(_arm_addsubdf3.o)
                0x00407344                __aeabi_drsub
                0x0040734c                __aeabi_dsub
                0x0040734c                __subdf3
                0x00407350                __aeabi_dadd
                0x00407350                __adddf3
                0x004075c8                __floatunsidf
                0x004075c8                __aeabi_ui2d
                0x004075e8                __floatsidf
                0x004075e8                __aeabi_i2d
                0x0040760c                __aeabi_f2d
                0x0040760c                __extendsfdf2
                0x00407648                __floatundidf
                0x00407648                __aeabi_ul2d
                0x00407658                __floatdidf
                0x00407658                __aeabi_l2d
 .text          0x004076b4      0x424 c:/program files (x86)/atmel/studio/7.0/toolchain/arm/arm-gnu-toolchain/bin/../lib/gcc/arm-none-eabi/6.3.1/thumb/v7e-m\libgcc.a(_arm_muldivdf3.o)
                0x004076b4                __aeabi_dmul
                0x004076b4                __muldf3
                0x00407908                __divdf3
                0x00407908                __aeabi_ddiv
 .text          0x00407ad8      0x110 c:/program files (x86)/atmel/studio/7.0/toolchain/arm/arm-gnu-toolchain/bin/../lib/gcc/arm-none-eabi/6.3.1/thumb/v7e-m\libgcc.a(_arm_cmpdf2.o)
                0x00407ad8                __gtdf2
                0x00407ad8                __gedf2
                0x00407ae0                __ltdf2
                0x00407ae0                __ledf2
                0x00407ae8                __nedf2
                0x00407ae8                __eqdf2
                0x00407ae8                __cmpdf2
                0x00407b64                __aeabi_cdrcmple
                0x00407b74                __aeabi_cdcmpeq
                0x00407b74                __aeabi_cdcmple
                0x00407b84                __aeabi_dcmpeq
                0x00407b98                __aeabi_dcmplt
                0x00407bac                __aeabi_dcmple
                0x00407bc0                __aeabi_dcmpge
                0x00407bd4                __aeabi_dcmpgt
 .text          0x00407be8       0x2c c:/program files (x86)/atmel/studio/7.0/toolchain/arm/arm-gnu-toolchain/bin/../lib/gcc/arm-none-eabi/6.3.1/thumb/v7e-m\libgcc.a(_arm_unorddf2.o)
                0x00407be8                __unorddf2
                0x00407be8                __aeabi_dcmpun
 .text          0x00407c14       0x50 c:/program files (x86)/atmel/studio/7.0/toolchain/arm/arm-gnu-toolchain/bin/../lib/gcc/arm-none-eabi/6.3.1/thumb/v7e-m\libgcc.a(_arm_fixdfsi.o)
                0x00407c14                __aeabi_d2iz
                0x00407c14                __fixdfsi
 *(.glue_7t)
 .glue_7t       0x00407c64        0x0 linker stubs
 *(.glue_7)
 .glue_7        0x00407c64        0x0 linker stubs
 *(.rodata .rodata* .gnu.linkonce.r.*)
 .rodata.image_data_sourcecodepro_28_0x41
                0x00407c64      0x138 src/main.o
 .rodata.sourcecodepro_28_0x41
                0x00407d9c       0x10 src/main.o
 .rodata.image_data_sourcecodepro_28_0x42
                0x00407dac      0x138 src/main.o
 .rodata.sourcecodepro_28_0x42
                0x00407ee4       0x10 src/main.o
 .rodata.image_data_sourcecodepro_28_0x43
                0x00407ef4      0x15f src/main.o
 *fill*         0x00408053        0x1 
 .rodata.sourcecodepro_28_0x43
                0x00408054       0x10 src/main.o
 .rodata.image_data_sourcecodepro_28_0x44
                0x00408064      0x186 src/main.o
 *fill*         0x004081ea        0x2 
 .rodata.sourcecodepro_28_0x44
                0x004081ec       0x10 src/main.o
 .rodata.image_data_sourcecodepro_28_0x45
                0x004081fc      0x138 src/main.o
 .rodata.sourcecodepro_28_0x45
                0x00408334       0x10 src/main.o
 .rodata.image_data_sourcecodepro_28_0x46
                0x00408344      0x111 src/main.o
 *fill*         0x00408455        0x3 
 .rodata.sourcecodepro_28_0x46
                0x00408458       0x10 src/main.o
 .rodata.image_data_sourcecodepro_28_0x47
                0x00408468      0x15f src/main.o
 *fill*         0x004085c7        0x1 
 .rodata.sourcecodepro_28_0x47
                0x004085c8       0x10 src/main.o
 .rodata.image_data_sourcecodepro_28_0x48
                0x004085d8      0x15f src/main.o
 *fill*         0x00408737        0x1 
 .rodata.sourcecodepro_28_0x48
                0x00408738       0x10 src/main.o
 .rodata.image_data_sourcecodepro_28_0x49
                0x00408748       0x9c src/main.o
 .rodata.sourcecodepro_28_0x49
                0x004087e4       0x10 src/main.o
 .rodata.image_data_sourcecodepro_28_0x4a
                0x004087f4       0xea src/main.o
 *fill*         0x004088de        0x2 
 .rodata.sourcecodepro_28_0x4a
                0x004088e0       0x10 src/main.o
 .rodata.image_data_sourcecodepro_28_0x4b
                0x004088f0      0x138 src/main.o
 .rodata.sourcecodepro_28_0x4b
                0x00408a28       0x10 src/main.o
 .rodata.image_data_sourcecodepro_28_0x4c
                0x00408a38      0x111 src/main.o
 *fill*         0x00408b49        0x3 
 .rodata.sourcecodepro_28_0x4c
                0x00408b4c       0x10 src/main.o
 .rodata.image_data_sourcecodepro_28_0x4d
                0x00408b5c      0x186 src/main.o
 *fill*         0x00408ce2        0x2 
 .rodata.sourcecodepro_28_0x4d
                0x00408ce4       0x10 src/main.o
 .rodata.image_data_sourcecodepro_28_0x4e
                0x00408cf4      0x15f src/main.o
 *fill*         0x00408e53        0x1 
 .rodata.sourcecodepro_28_0x4e
                0x00408e54       0x10 src/main.o
 .rodata.image_data_sourcecodepro_28_0x4f
                0x00408e64      0x186 src/main.o
 *fill*         0x00408fea        0x2 
 .rodata.sourcecodepro_28_0x4f
                0x00408fec       0x10 src/main.o
 .rodata.image_data_sourcecodepro_28_0x50
                0x00408ffc      0x138 src/main.o
 .rodata.sourcecodepro_28_0x50
                0x00409134       0x10 src/main.o
 .rodata.image_data_sourcecodepro_28_0x51
                0x00409144      0x186 src/main.o
 *fill*         0x004092ca        0x2 
 .rodata.sourcecodepro_28_0x51
                0x004092cc       0x10 src/main.o
 .rodata.image_data_sourcecodepro_28_0x52
                0x004092dc      0x15f src/main.o
 *fill*         0x0040943b        0x1 
 .rodata.sourcecodepro_28_0x52
                0x0040943c       0x10 src/main.o
 .rodata.image_data_sourcecodepro_28_0x53
                0x0040944c      0x138 src/main.o
 .rodata.sourcecodepro_28_0x53
                0x00409584       0x10 src/main.o
 .rodata.image_data_sourcecodepro_28_0x54
                0x00409594      0x138 src/main.o
 .rodata.sourcecodepro_28_0x54
                0x004096cc       0x10 src/main.o
 .rodata.image_data_sourcecodepro_28_0x55
                0x004096dc      0x15f src/main.o
 *fill*         0x0040983b        0x1 
 .rodata.sourcecodepro_28_0x55
                0x0040983c       0x10 src/main.o
 .rodata.image_data_sourcecodepro_28_0x56
                0x0040984c      0x138 src/main.o
 .rodata.sourcecodepro_28_0x56
                0x00409984       0x10 src/main.o
 .rodata.image_data_sourcecodepro_28_0x57
                0x00409994      0x222 src/main.o
 *fill*         0x00409bb6        0x2 
 .rodata.sourcecodepro_28_0x57
                0x00409bb8       0x10 src/main.o
 .rodata.image_data_sourcecodepro_28_0x58
                0x00409bc8      0x138 src/main.o
 .rodata.sourcecodepro_28_0x58
                0x00409d00       0x10 src/main.o
 .rodata.image_data_sourcecodepro_28_0x59
                0x00409d10      0x138 src/main.o
 .rodata.sourcecodepro_28_0x59
                0x00409e48       0x10 src/main.o
 .rodata.image_data_sourcecodepro_28_0x5a
                0x00409e58      0x138 src/main.o
 .rodata.sourcecodepro_28_0x5a
                0x00409f90       0x10 src/main.o
 .rodata.sourcecodepro_28_array
                0x00409fa0       0xd0 src/main.o
 .rodata.sourcecodepro_28
                0x0040a070        0xc src/main.o
                0x0040a070                sourcecodepro_28
 .rodata.image_data_calibri_36_0x20
                0x0040a07c      0x378 src/main.o
 .rodata.calibri_36_0x20
                0x0040a3f4       0x10 src/main.o
 .rodata.image_data_calibri_36_0x21
                0x0040a404      0x534 src/main.o
 .rodata.calibri_36_0x21
                0x0040a938       0x10 src/main.o
 .rodata.image_data_calibri_36_0x22
                0x0040a948      0x612 src/main.o
 *fill*         0x0040af5a        0x2 
 .rodata.calibri_36_0x22
                0x0040af5c       0x10 src/main.o
 .rodata.image_data_calibri_36_0x23
                0x0040af6c      0x7ce src/main.o
 *fill*         0x0040b73a        0x2 
 .rodata.calibri_36_0x23
                0x0040b73c       0x10 src/main.o
 .rodata.image_data_calibri_36_0x24
                0x0040b74c      0x7ce src/main.o
 *fill*         0x0040bf1a        0x2 
 .rodata.calibri_36_0x24
                0x0040bf1c       0x10 src/main.o
 .rodata.image_data_calibri_36_0x25
                0x0040bf2c      0xb46 src/main.o
 *fill*         0x0040ca72        0x2 
 .rodata.calibri_36_0x25
                0x0040ca74       0x10 src/main.o
 .rodata.image_data_calibri_36_0x26
                0x0040ca84      0xad7 src/main.o
 *fill*         0x0040d55b        0x1 
 .rodata.calibri_36_0x26
                0x0040d55c       0x10 src/main.o
 .rodata.image_data_calibri_36_0x27
                0x0040d56c      0x378 src/main.o
 .rodata.calibri_36_0x27
                0x0040d8e4       0x10 src/main.o
 .rodata.image_data_calibri_36_0x28
                0x0040d8f4      0x4c5 src/main.o
 *fill*         0x0040ddb9        0x3 
 .rodata.calibri_36_0x28
                0x0040ddbc       0x10 src/main.o
 .rodata.image_data_calibri_36_0x29
                0x0040ddcc      0x4c5 src/main.o
 *fill*         0x0040e291        0x3 
 .rodata.calibri_36_0x29
                0x0040e294       0x10 src/main.o
 .rodata.image_data_calibri_36_0x2a
                0x0040e2a4      0x7ce src/main.o
 *fill*         0x0040ea72        0x2 
 .rodata.calibri_36_0x2a
                0x0040ea74       0x10 src/main.o
 .rodata.image_data_calibri_36_0x2b
                0x0040ea84      0x7ce src/main.o
 *fill*         0x0040f252        0x2 
 .rodata.calibri_36_0x2b
                0x0040f254       0x10 src/main.o
 .rodata.image_data_calibri_36_0x2c
                0x0040f264      0x3e7 src/main.o
 *fill*         0x0040f64b        0x1 
 .rodata.calibri_36_0x2c
                0x0040f64c       0x10 src/main.o
 .rodata.image_data_calibri_36_0x2d
                0x0040f65c      0x4c5 src/main.o
 *fill*         0x0040fb21        0x3 
 .rodata.calibri_36_0x2d
                0x0040fb24       0x10 src/main.o
 .rodata.image_data_calibri_36_0x2e
                0x0040fb34      0x3e7 src/main.o
 *fill*         0x0040ff1b        0x1 
 .rodata.calibri_36_0x2e
                0x0040ff1c       0x10 src/main.o
 .rodata.image_data_calibri_36_0x2f
                0x0040ff2c      0x612 src/main.o
 *fill*         0x0041053e        0x2 
 .rodata.calibri_36_0x2f
                0x00410540       0x10 src/main.o
 .rodata.image_data_calibri_36_0x30
                0x00410550      0x7ce src/main.o
 *fill*         0x00410d1e        0x2 
 .rodata.calibri_36_0x30
                0x00410d20       0x10 src/main.o
 .rodata.image_data_calibri_36_0x31
                0x00410d30      0x7ce src/main.o
 *fill*         0x004114fe        0x2 
 .rodata.calibri_36_0x31
                0x00411500       0x10 src/main.o
 .rodata.image_data_calibri_36_0x32
                0x00411510      0x7ce src/main.o
 *fill*         0x00411cde        0x2 
 .rodata.calibri_36_0x32
                0x00411ce0       0x10 src/main.o
 .rodata.image_data_calibri_36_0x33
                0x00411cf0      0x7ce src/main.o
 *fill*         0x004124be        0x2 
 .rodata.calibri_36_0x33
                0x004124c0       0x10 src/main.o
 .rodata.image_data_calibri_36_0x34
                0x004124d0      0x7ce src/main.o
 *fill*         0x00412c9e        0x2 
 .rodata.calibri_36_0x34
                0x00412ca0       0x10 src/main.o
 .rodata.image_data_calibri_36_0x35
                0x00412cb0      0x7ce src/main.o
 *fill*         0x0041347e        0x2 
 .rodata.calibri_36_0x35
                0x00413480       0x10 src/main.o
 .rodata.image_data_calibri_36_0x36
                0x00413490      0x7ce src/main.o
 *fill*         0x00413c5e        0x2 
 .rodata.calibri_36_0x36
                0x00413c60       0x10 src/main.o
 .rodata.image_data_calibri_36_0x37
                0x00413c70      0x7ce src/main.o
 *fill*         0x0041443e        0x2 
 .rodata.calibri_36_0x37
                0x00414440       0x10 src/main.o
 .rodata.image_data_calibri_36_0x38
                0x00414450      0x7ce src/main.o
 *fill*         0x00414c1e        0x2 
 .rodata.calibri_36_0x38
                0x00414c20       0x10 src/main.o
 .rodata.image_data_calibri_36_0x39
                0x00414c30      0x7ce src/main.o
 *fill*         0x004153fe        0x2 
 .rodata.calibri_36_0x39
                0x00415400       0x10 src/main.o
 .rodata.image_data_calibri_36_0x3a
                0x00415410      0x456 src/main.o
 *fill*         0x00415866        0x2 
 .rodata.calibri_36_0x3a
                0x00415868       0x10 src/main.o
 .rodata.image_data_calibri_36_0x3b
                0x00415878      0x456 src/main.o
 *fill*         0x00415cce        0x2 
 .rodata.calibri_36_0x3b
                0x00415cd0       0x10 src/main.o
 .rodata.image_data_calibri_36_0x3c
                0x00415ce0      0x7ce src/main.o
 *fill*         0x004164ae        0x2 
 .rodata.calibri_36_0x3c
                0x004164b0       0x10 src/main.o
 .rodata.image_data_calibri_36_0x3d
                0x004164c0      0x7ce src/main.o
 *fill*         0x00416c8e        0x2 
 .rodata.calibri_36_0x3d
                0x00416c90       0x10 src/main.o
 .rodata.image_data_calibri_36_0x3e
                0x00416ca0      0x7ce src/main.o
 *fill*         0x0041746e        0x2 
 .rodata.calibri_36_0x3e
                0x00417470       0x10 src/main.o
 .rodata.image_data_calibri_36_0x3f
                0x00417480      0x75f src/main.o
 *fill*         0x00417bdf        0x1 
 .rodata.calibri_36_0x3f
                0x00417be0       0x10 src/main.o
 .rodata.image_data_calibri_36_0x40
                0x00417bf0      0xde0 src/main.o
 .rodata.calibri_36_0x40
                0x004189d0       0x10 src/main.o
 .rodata.image_data_calibri_36_0x41
                0x004189e0      0x91b src/main.o
 *fill*         0x004192fb        0x1 
 .rodata.calibri_36_0x41
                0x004192fc       0x10 src/main.o
 .rodata.image_data_calibri_36_0x42
                0x0041930c      0x8ac src/main.o
 .rodata.calibri_36_0x42
                0x00419bb8       0x10 src/main.o
 .rodata.image_data_calibri_36_0x43
                0x00419bc8      0x83d src/main.o
 *fill*         0x0041a405        0x3 
 .rodata.calibri_36_0x43
                0x0041a408       0x10 src/main.o
 .rodata.image_data_calibri_36_0x44
                0x0041a418      0x98a src/main.o
 *fill*         0x0041ada2        0x2 
 .rodata.calibri_36_0x44
                0x0041ada4       0x10 src/main.o
 .rodata.image_data_calibri_36_0x45
                0x0041adb4      0x7ce src/main.o
 *fill*         0x0041b582        0x2 
 .rodata.calibri_36_0x45
                0x0041b584       0x10 src/main.o
 .rodata.image_data_calibri_36_0x46
                0x0041b594      0x75f src/main.o
 *fill*         0x0041bcf3        0x1 
 .rodata.calibri_36_0x46
                0x0041bcf4       0x10 src/main.o
 .rodata.image_data_calibri_36_0x47
                0x0041bd04      0x9f9 src/main.o
 *fill*         0x0041c6fd        0x3 
 .rodata.calibri_36_0x47
                0x0041c700       0x10 src/main.o
 .rodata.image_data_calibri_36_0x48
                0x0041c710      0x98a src/main.o
 *fill*         0x0041d09a        0x2 
 .rodata.calibri_36_0x48
                0x0041d09c       0x10 src/main.o
 .rodata.image_data_calibri_36_0x49
                0x0041d0ac      0x3e7 src/main.o
 *fill*         0x0041d493        0x1 
 .rodata.calibri_36_0x49
                0x0041d494       0x10 src/main.o
 .rodata.image_data_calibri_36_0x4a
                0x0041d4a4      0x4c5 src/main.o
 *fill*         0x0041d969        0x3 
 .rodata.calibri_36_0x4a
                0x0041d96c       0x10 src/main.o
 .rodata.image_data_calibri_36_0x4b
                0x0041d97c      0x83d src/main.o
 *fill*         0x0041e1b9        0x3 
 .rodata.calibri_36_0x4b
                0x0041e1bc       0x10 src/main.o
 .rodata.image_data_calibri_36_0x4c
                0x0041e1cc      0x681 src/main.o
 *fill*         0x0041e84d        0x3 
 .rodata.calibri_36_0x4c
                0x0041e850       0x10 src/main.o
 .rodata.image_data_calibri_36_0x4d
                0x0041e860      0xd71 src/main.o
 *fill*         0x0041f5d1        0x3 
 .rodata.calibri_36_0x4d
                0x0041f5d4       0x10 src/main.o
 .rodata.image_data_calibri_36_0x4e
                0x0041f5e4      0x9f9 src/main.o
 *fill*         0x0041ffdd        0x3 
 .rodata.calibri_36_0x4e
                0x0041ffe0       0x10 src/main.o
 .rodata.image_data_calibri_36_0x4f
                0x0041fff0      0xa68 src/main.o
 .rodata.calibri_36_0x4f
                0x00420a58       0x10 src/main.o
 .rodata.image_data_calibri_36_0x50
                0x00420a68      0x83d src/main.o
 *fill*         0x004212a5        0x3 
 .rodata.calibri_36_0x50
                0x004212a8       0x10 src/main.o
 .rodata.image_data_calibri_36_0x51
                0x004212b8      0xad7 src/main.o
 *fill*         0x00421d8f        0x1 
 .rodata.calibri_36_0x51
                0x00421d90       0x10 src/main.o
 .rodata.image_data_calibri_36_0x52
                0x00421da0      0x8ac src/main.o
 .rodata.calibri_36_0x52
                0x0042264c       0x10 src/main.o
 .rodata.image_data_calibri_36_0x53
                0x0042265c      0x75f src/main.o
 *fill*         0x00422dbb        0x1 
 .rodata.calibri_36_0x53
                0x00422dbc       0x10 src/main.o
 .rodata.image_data_calibri_36_0x54
                0x00422dcc      0x7ce src/main.o
 *fill*         0x0042359a        0x2 
 .rodata.calibri_36_0x54
                0x0042359c       0x10 src/main.o
 .rodata.image_data_calibri_36_0x55
                0x004235ac      0x9f9 src/main.o
 *fill*         0x00423fa5        0x3 
 .rodata.calibri_36_0x55
                0x00423fa8       0x10 src/main.o
 .rodata.image_data_calibri_36_0x56
                0x00423fb8      0x8ac src/main.o
 .rodata.calibri_36_0x56
                0x00424864       0x10 src/main.o
 .rodata.image_data_calibri_36_0x57
                0x00424874      0xde0 src/main.o
 .rodata.calibri_36_0x57
                0x00425654       0x10 src/main.o
 .rodata.image_data_calibri_36_0x58
                0x00425664      0x83d src/main.o
 *fill*         0x00425ea1        0x3 
 .rodata.calibri_36_0x58
                0x00425ea4       0x10 src/main.o
 .rodata.image_data_calibri_36_0x59
                0x00425eb4      0x7ce src/main.o
 *fill*         0x00426682        0x2 
 .rodata.calibri_36_0x59
                0x00426684       0x10 src/main.o
 .rodata.image_data_calibri_36_0x5a
                0x00426694      0x75f src/main.o
 *fill*         0x00426df3        0x1 
 .rodata.calibri_36_0x5a
                0x00426df4       0x10 src/main.o
 .rodata.image_data_calibri_36_0x5b
                0x00426e04      0x4c5 src/main.o
 *fill*         0x004272c9        0x3 
 .rodata.calibri_36_0x5b
                0x004272cc       0x10 src/main.o
 .rodata.image_data_calibri_36_0x5c
                0x004272dc      0x612 src/main.o
 *fill*         0x004278ee        0x2 
 .rodata.calibri_36_0x5c
                0x004278f0       0x10 src/main.o
 .rodata.image_data_calibri_36_0x5d
                0x00427900      0x4c5 src/main.o
 *fill*         0x00427dc5        0x3 
 .rodata.calibri_36_0x5d
                0x00427dc8       0x10 src/main.o
 .rodata.image_data_calibri_36_0x5e
                0x00427dd8      0x7ce src/main.o
 *fill*         0x004285a6        0x2 
 .rodata.calibri_36_0x5e
                0x004285a8       0x10 src/main.o
 .rodata.image_data_calibri_36_0x5f
                0x004285b8      0x7ce src/main.o
 *fill*         0x00428d86        0x2 
 .rodata.calibri_36_0x5f
                0x00428d88       0x10 src/main.o
 .rodata.image_data_calibri_36_0x60
                0x00428d98      0x456 src/main.o
 *fill*         0x004291ee        0x2 
 .rodata.calibri_36_0x60
                0x004291f0       0x10 src/main.o
 .rodata.image_data_calibri_36_0x61
                0x00429200      0x75f src/main.o
 *fill*         0x0042995f        0x1 
 .rodata.calibri_36_0x61
                0x00429960       0x10 src/main.o
 .rodata.image_data_calibri_36_0x62
                0x00429970      0x83d src/main.o
 *fill*         0x0042a1ad        0x3 
 .rodata.calibri_36_0x62
                0x0042a1b0       0x10 src/main.o
 .rodata.image_data_calibri_36_0x63
                0x0042a1c0      0x681 src/main.o
 *fill*         0x0042a841        0x3 
 .rodata.calibri_36_0x63
                0x0042a844       0x10 src/main.o
 .rodata.image_data_calibri_36_0x64
                0x0042a854      0x83d src/main.o
 *fill*         0x0042b091        0x3 
 .rodata.calibri_36_0x64
                0x0042b094       0x10 src/main.o
 .rodata.image_data_calibri_36_0x65
                0x0042b0a4      0x7ce src/main.o
 *fill*         0x0042b872        0x2 
 .rodata.calibri_36_0x65
                0x0042b874       0x10 src/main.o
 .rodata.image_data_calibri_36_0x66
                0x0042b884      0x4c5 src/main.o
 *fill*         0x0042bd49        0x3 
 .rodata.calibri_36_0x66
                0x0042bd4c       0x10 src/main.o
 .rodata.image_data_calibri_36_0x67
                0x0042bd5c      0x75f src/main.o
 *fill*         0x0042c4bb        0x1 
 .rodata.calibri_36_0x67
                0x0042c4bc       0x10 src/main.o
 .rodata.image_data_calibri_36_0x68
                0x0042c4cc      0x83d src/main.o
 *fill*         0x0042cd09        0x3 
 .rodata.calibri_36_0x68
                0x0042cd0c       0x10 src/main.o
 .rodata.image_data_calibri_36_0x69
                0x0042cd1c      0x378 src/main.o
 .rodata.calibri_36_0x69
                0x0042d094       0x10 src/main.o
 .rodata.image_data_calibri_36_0x6a
                0x0042d0a4      0x3e7 src/main.o
 *fill*         0x0042d48b        0x1 
 .rodata.calibri_36_0x6a
                0x0042d48c       0x10 src/main.o
 .rodata.image_data_calibri_36_0x6b
                0x0042d49c      0x6f0 src/main.o
 .rodata.calibri_36_0x6b
                0x0042db8c       0x10 src/main.o
 .rodata.image_data_calibri_36_0x6c
                0x0042db9c      0x378 src/main.o
 .rodata.calibri_36_0x6c
                0x0042df14       0x10 src/main.o
 .rodata.image_data_calibri_36_0x6d
                0x0042df24      0xc93 src/main.o
 *fill*         0x0042ebb7        0x1 
 .rodata.calibri_36_0x6d
                0x0042ebb8       0x10 src/main.o
 .rodata.image_data_calibri_36_0x6e
                0x0042ebc8      0x83d src/main.o
 *fill*         0x0042f405        0x3 
 .rodata.calibri_36_0x6e
                0x0042f408       0x10 src/main.o
 .rodata.image_data_calibri_36_0x6f
                0x0042f418      0x83d src/main.o
 *fill*         0x0042fc55        0x3 
 .rodata.calibri_36_0x6f
                0x0042fc58       0x10 src/main.o
 .rodata.image_data_calibri_36_0x70
                0x0042fc68      0x83d src/main.o
 *fill*         0x004304a5        0x3 
 .rodata.calibri_36_0x70
                0x004304a8       0x10 src/main.o
 .rodata.image_data_calibri_36_0x71
                0x004304b8      0x83d src/main.o
 *fill*         0x00430cf5        0x3 
 .rodata.calibri_36_0x71
                0x00430cf8       0x10 src/main.o
 .rodata.image_data_calibri_36_0x72
                0x00430d08      0x5a3 src/main.o
 *fill*         0x004312ab        0x1 
 .rodata.calibri_36_0x72
                0x004312ac       0x10 src/main.o
 .rodata.image_data_calibri_36_0x73
                0x004312bc      0x612 src/main.o
 *fill*         0x004318ce        0x2 
 .rodata.calibri_36_0x73
                0x004318d0       0x10 src/main.o
 .rodata.image_data_calibri_36_0x74
                0x004318e0      0x534 src/main.o
 .rodata.calibri_36_0x74
                0x00431e14       0x10 src/main.o
 .rodata.image_data_calibri_36_0x75
                0x00431e24      0x83d src/main.o
 *fill*         0x00432661        0x3 
 .rodata.calibri_36_0x75
                0x00432664       0x10 src/main.o
 .rodata.image_data_calibri_36_0x76
                0x00432674      0x6f0 src/main.o
 .rodata.calibri_36_0x76
                0x00432d64       0x10 src/main.o
 .rodata.image_data_calibri_36_0x77
                0x00432d74      0xb46 src/main.o
 *fill*         0x004338ba        0x2 
 .rodata.calibri_36_0x77
                0x004338bc       0x10 src/main.o
 .rodata.image_data_calibri_36_0x78
                0x004338cc      0x6f0 src/main.o
 .rodata.calibri_36_0x78
                0x00433fbc       0x10 src/main.o
 .rodata.image_data_calibri_36_0x79
                0x00433fcc      0x6f0 src/main.o
 .rodata.calibri_36_0x79
                0x004346bc       0x10 src/main.o
 .rodata.image_data_calibri_36_0x7a
                0x004346cc      0x612 src/main.o
 *fill*         0x00434cde        0x2 
 .rodata.calibri_36_0x7a
                0x00434ce0       0x10 src/main.o
 .rodata.image_data_calibri_36_0x7b
                0x00434cf0      0x4c5 src/main.o
 *fill*         0x004351b5        0x3 
 .rodata.calibri_36_0x7b
                0x004351b8       0x10 src/main.o
 .rodata.image_data_calibri_36_0x7c
                0x004351c8      0x75f src/main.o
 *fill*         0x00435927        0x1 
 .rodata.calibri_36_0x7c
                0x00435928       0x10 src/main.o
 .rodata.image_data_calibri_36_0x7d
                0x00435938      0x4c5 src/main.o
 *fill*         0x00435dfd        0x3 
 .rodata.calibri_36_0x7d
                0x00435e00       0x10 src/main.o
 .rodata.image_data_calibri_36_0x7e
                0x00435e10      0x7ce src/main.o
 *fill*         0x004365de        0x2 
 .rodata.calibri_36_0x7e
                0x004365e0       0x10 src/main.o
 .rodata.calibri_36_array
                0x004365f0      0x2f8 src/main.o
 .rodata.calibri_36
                0x004368e8        0xc src/main.o
                0x004368e8                calibri_36
 .rodata        0x004368f4       0x1e src/main.o
 *fill*         0x00436912        0x2 
 .rodata._global_impure_ptr
                0x00436914        0x4 c:/program files (x86)/atmel/studio/7.0/toolchain/arm/arm-gnu-toolchain/bin/../lib/gcc/arm-none-eabi/6.3.1/../../../../arm-none-eabi/lib/thumb/v7e-m\libc.a(lib_a-impure.o)
                0x00436914                _global_impure_ptr
 .rodata._svfprintf_r.str1.4
                0x00436918       0x42 c:/program files (x86)/atmel/studio/7.0/toolchain/arm/arm-gnu-toolchain/bin/../lib/gcc/arm-none-eabi/6.3.1/../../../../arm-none-eabi/lib/thumb/v7e-m\libc.a(lib_a-svfprintf.o)
 *fill*         0x0043695a        0x2 
 .rodata.blanks.7223
                0x0043695c       0x10 c:/program files (x86)/atmel/studio/7.0/toolchain/arm/arm-gnu-toolchain/bin/../lib/gcc/arm-none-eabi/6.3.1/../../../../arm-none-eabi/lib/thumb/v7e-m\libc.a(lib_a-svfprintf.o)
 .rodata.zeroes.7224
                0x0043696c       0x10 c:/program files (x86)/atmel/studio/7.0/toolchain/arm/arm-gnu-toolchain/bin/../lib/gcc/arm-none-eabi/6.3.1/../../../../arm-none-eabi/lib/thumb/v7e-m\libc.a(lib_a-svfprintf.o)
 .rodata._dtoa_r.str1.4
                0x0043697c       0x10 c:/program files (x86)/atmel/studio/7.0/toolchain/arm/arm-gnu-toolchain/bin/../lib/gcc/arm-none-eabi/6.3.1/../../../../arm-none-eabi/lib/thumb/v7e-m\libc.a(lib_a-dtoa.o)
                                 0x12 (size before relaxing)
 *fill*         0x0043698c        0x4 
 .rodata.__mprec_bigtens
                0x00436990       0x28 c:/program files (x86)/atmel/studio/7.0/toolchain/arm/arm-gnu-toolchain/bin/../lib/gcc/arm-none-eabi/6.3.1/../../../../arm-none-eabi/lib/thumb/v7e-m\libc.a(lib_a-mprec.o)
                0x00436990                __mprec_bigtens
 .rodata.__mprec_tens
                0x004369b8       0xc8 c:/program files (x86)/atmel/studio/7.0/toolchain/arm/arm-gnu-toolchain/bin/../lib/gcc/arm-none-eabi/6.3.1/../../../../arm-none-eabi/lib/thumb/v7e-m\libc.a(lib_a-mprec.o)
                0x004369b8                __mprec_tens
 .rodata.p05.6055
                0x00436a80        0xc c:/program files (x86)/atmel/studio/7.0/toolchain/arm/arm-gnu-toolchain/bin/../lib/gcc/arm-none-eabi/6.3.1/../../../../arm-none-eabi/lib/thumb/v7e-m\libc.a(lib_a-mprec.o)
 .rodata._setlocale_r.str1.4
                0x00436a8c        0xa c:/program files (x86)/atmel/studio/7.0/toolchain/arm/arm-gnu-toolchain/bin/../lib/gcc/arm-none-eabi/6.3.1/../../../../arm-none-eabi/lib/thumb/v7e-m\libc.a(lib_a-locale.o)
                                  0xd (size before relaxing)
 *fill*         0x00436a96        0x2 
 .rodata.str1.4
                0x00436a98        0x4 c:/program files (x86)/atmel/studio/7.0/toolchain/arm/arm-gnu-toolchain/bin/../lib/gcc/arm-none-eabi/6.3.1/../../../../arm-none-eabi/lib/thumb/v7e-m\libc.a(lib_a-locale.o)
                                  0x2 (size before relaxing)
 .rodata._ctype_
                0x00436a9c      0x101 c:/program files (x86)/atmel/studio/7.0/toolchain/arm/arm-gnu-toolchain/bin/../lib/gcc/arm-none-eabi/6.3.1/../../../../arm-none-eabi/lib/thumb/v7e-m\libc.a(lib_a-ctype_.o)
                0x00436a9c                _ctype_
 *(.ARM.extab* .gnu.linkonce.armextab.*)
                0x00436ba0                . = ALIGN (0x4)
 *fill*         0x00436b9d        0x3 
 *(.init)
 .init          0x00436ba0        0x4 c:/program files (x86)/atmel/studio/7.0/toolchain/arm/arm-gnu-toolchain/bin/../lib/gcc/arm-none-eabi/6.3.1/thumb/v7e-m/crti.o
                0x00436ba0                _init
 .init          0x00436ba4        0x8 c:/program files (x86)/atmel/studio/7.0/toolchain/arm/arm-gnu-toolchain/bin/../lib/gcc/arm-none-eabi/6.3.1/thumb/v7e-m/crtn.o
                0x00436bac                . = ALIGN (0x4)
                0x00436bac                __preinit_array_start = .
 *(.preinit_array)
                0x00436bac                __preinit_array_end = .
                0x00436bac                . = ALIGN (0x4)
                0x00436bac                __init_array_start = .
 *(SORT(.init_array.*))
 .init_array.00000
                0x00436bac        0x4 c:/program files (x86)/atmel/studio/7.0/toolchain/arm/arm-gnu-toolchain/bin/../lib/gcc/arm-none-eabi/6.3.1/../../../../arm-none-eabi/lib/thumb/v7e-m\libc.a(lib_a-__call_atexit.o)
 *(.init_array)
 .init_array    0x00436bb0        0x4 c:/program files (x86)/atmel/studio/7.0/toolchain/arm/arm-gnu-toolchain/bin/../lib/gcc/arm-none-eabi/6.3.1/thumb/v7e-m/crtbegin.o
                0x00436bb4                __init_array_end = .
                0x00436bb4                . = ALIGN (0x4)
 *crtbegin.o(.ctors)
 *(EXCLUDE_FILE(*crtend.o) .ctors)
 *(SORT(.ctors.*))
 *crtend.o(.ctors)
                0x00436bb4                . = ALIGN (0x4)
 *(.fini)
 .fini          0x00436bb4        0x4 c:/program files (x86)/atmel/studio/7.0/toolchain/arm/arm-gnu-toolchain/bin/../lib/gcc/arm-none-eabi/6.3.1/thumb/v7e-m/crti.o
                0x00436bb4                _fini
 .fini          0x00436bb8        0x8 c:/program files (x86)/atmel/studio/7.0/toolchain/arm/arm-gnu-toolchain/bin/../lib/gcc/arm-none-eabi/6.3.1/thumb/v7e-m/crtn.o
                0x00436bc0                . = ALIGN (0x4)
                0x00436bc0                __fini_array_start = .
 *(.fini_array)
 .fini_array    0x00436bc0        0x4 c:/program files (x86)/atmel/studio/7.0/toolchain/arm/arm-gnu-toolchain/bin/../lib/gcc/arm-none-eabi/6.3.1/thumb/v7e-m/crtbegin.o
 *(SORT(.fini_array.*))
                0x00436bc4                __fini_array_end = .
 *crtbegin.o(.dtors)
 *(EXCLUDE_FILE(*crtend.o) .dtors)
 *(SORT(.dtors.*))
 *crtend.o(.dtors)
                0x00436bc4                . = ALIGN (0x4)
                0x00436bc4                _efixed = .
                [!provide]                PROVIDE (__exidx_start, .)

.vfp11_veneer   0x00436bc4        0x0
 .vfp11_veneer  0x00436bc4        0x0 linker stubs

.v4_bx          0x00436bc4        0x0
 .v4_bx         0x00436bc4        0x0 linker stubs

.iplt           0x00436bc4        0x0
 .iplt          0x00436bc4        0x0 c:/program files (x86)/atmel/studio/7.0/toolchain/arm/arm-gnu-toolchain/bin/../lib/gcc/arm-none-eabi/6.3.1/thumb/v7e-m/crtbegin.o

.ARM.exidx      0x00436bc4        0x8
 *(.ARM.exidx* .gnu.linkonce.armexidx.*)
 .ARM.exidx     0x00436bc4        0x8 c:/program files (x86)/atmel/studio/7.0/toolchain/arm/arm-gnu-toolchain/bin/../lib/gcc/arm-none-eabi/6.3.1/thumb/v7e-m\libgcc.a(_udivmoddi4.o)
                [!provide]                PROVIDE (__exidx_end, .)

.eh_frame       0x00436bcc        0x0
 .eh_frame      0x00436bcc        0x0 c:/program files (x86)/atmel/studio/7.0/toolchain/arm/arm-gnu-toolchain/bin/../lib/gcc/arm-none-eabi/6.3.1/thumb/v7e-m/crtbegin.o

.rel.dyn        0x00436bcc        0x0
 .rel.iplt      0x00436bcc        0x0 c:/program files (x86)/atmel/studio/7.0/toolchain/arm/arm-gnu-toolchain/bin/../lib/gcc/arm-none-eabi/6.3.1/thumb/v7e-m/crtbegin.o

.jcr            0x00436bcc        0x0
 .jcr           0x00436bcc        0x0 c:/program files (x86)/atmel/studio/7.0/toolchain/arm/arm-gnu-toolchain/bin/../lib/gcc/arm-none-eabi/6.3.1/thumb/v7e-m/crtbegin.o

.igot.plt       0x00436bcc        0x0
 .igot.plt      0x00436bcc        0x0 c:/program files (x86)/atmel/studio/7.0/toolchain/arm/arm-gnu-toolchain/bin/../lib/gcc/arm-none-eabi/6.3.1/thumb/v7e-m/crtbegin.o
                0x00436bcc                . = ALIGN (0x4)
                0x00436bcc                _etext = .

.relocate       0x20400000      0x9c0 load address 0x00436bcc
                0x20400000                . = ALIGN (0x4)
                0x20400000                _srelocate = .
 *(.ramfunc .ramfunc.*)
 .ramfunc       0x20400000        0xa src/ASF/common/services/delay/sam/cycle_counter.o
                0x20400000                portable_delay_cycles
 *(.data .data.*)
 .data.g_interrupt_enabled
                0x2040000a        0x1 src/ASF/common/utils/interrupt/interrupt_sam_nvic.o
                0x2040000a                g_interrupt_enabled
 *fill*         0x2040000b        0x1 
 .data.SystemCoreClock
                0x2040000c        0x4 src/ASF/sam/utils/cmsis/same70/source/templates/system_same70.o
                0x2040000c                SystemCoreClock
 .data._impure_ptr
                0x20400010        0x4 c:/program files (x86)/atmel/studio/7.0/toolchain/arm/arm-gnu-toolchain/bin/../lib/gcc/arm-none-eabi/6.3.1/../../../../arm-none-eabi/lib/thumb/v7e-m\libc.a(lib_a-impure.o)
                0x20400010                _impure_ptr
 *fill*         0x20400014        0x4 
 .data.impure_data
                0x20400018      0x428 c:/program files (x86)/atmel/studio/7.0/toolchain/arm/arm-gnu-toolchain/bin/../lib/gcc/arm-none-eabi/6.3.1/../../../../arm-none-eabi/lib/thumb/v7e-m\libc.a(lib_a-impure.o)
 .data.__atexit_recursive_mutex
                0x20400440        0x4 c:/program files (x86)/atmel/studio/7.0/toolchain/arm/arm-gnu-toolchain/bin/../lib/gcc/arm-none-eabi/6.3.1/../../../../arm-none-eabi/lib/thumb/v7e-m\libc.a(lib_a-__call_atexit.o)
                0x20400440                __atexit_recursive_mutex
 .data.__malloc_av_
                0x20400444      0x408 c:/program files (x86)/atmel/studio/7.0/toolchain/arm/arm-gnu-toolchain/bin/../lib/gcc/arm-none-eabi/6.3.1/../../../../arm-none-eabi/lib/thumb/v7e-m\libc.a(lib_a-mallocr.o)
                0x20400444                __malloc_av_
 .data.__malloc_sbrk_base
                0x2040084c        0x4 c:/program files (x86)/atmel/studio/7.0/toolchain/arm/arm-gnu-toolchain/bin/../lib/gcc/arm-none-eabi/6.3.1/../../../../arm-none-eabi/lib/thumb/v7e-m\libc.a(lib_a-mallocr.o)
                0x2040084c                __malloc_sbrk_base
 .data.__malloc_trim_threshold
                0x20400850        0x4 c:/program files (x86)/atmel/studio/7.0/toolchain/arm/arm-gnu-toolchain/bin/../lib/gcc/arm-none-eabi/6.3.1/../../../../arm-none-eabi/lib/thumb/v7e-m\libc.a(lib_a-mallocr.o)
                0x20400850                __malloc_trim_threshold
 .data.__global_locale
                0x20400854      0x16c c:/program files (x86)/atmel/studio/7.0/toolchain/arm/arm-gnu-toolchain/bin/../lib/gcc/arm-none-eabi/6.3.1/../../../../arm-none-eabi/lib/thumb/v7e-m\libc.a(lib_a-locale.o)
                0x20400854                __global_locale
                0x204009c0                . = ALIGN (0x4)
                0x204009c0                _erelocate = .

.bss            0x204009c0      0x4c0 load address 0x0043758c
                0x204009c0                . = ALIGN (0x4)
                0x204009c0                _sbss = .
                0x204009c0                _szero = .
 *(.bss .bss.*)
 .bss           0x204009c0       0x1c c:/program files (x86)/atmel/studio/7.0/toolchain/arm/arm-gnu-toolchain/bin/../lib/gcc/arm-none-eabi/6.3.1/thumb/v7e-m/crtbegin.o
 .bss.g_ul_pixel_cache
                0x204009dc      0x3c0 src/ASF/sam/components/display/ili9488/ili9488.o
 .bss.gs_interrupt_sources
                0x20400d9c       0x70 src/ASF/sam/drivers/pio/pio_handler.o
 .bss.gs_ul_nb_sources
                0x20400e0c        0x4 src/ASF/sam/drivers/pio/pio_handler.o
 .bss.heap.6420
                0x20400e10        0x4 src/ASF/sam/utils/syscalls/gcc/syscalls.o
 .bss.__malloc_current_mallinfo
                0x20400e14       0x28 c:/program files (x86)/atmel/studio/7.0/toolchain/arm/arm-gnu-toolchain/bin/../lib/gcc/arm-none-eabi/6.3.1/../../../../arm-none-eabi/lib/thumb/v7e-m\libc.a(lib_a-mallocr.o)
                0x20400e14                __malloc_current_mallinfo
 .bss.__malloc_max_sbrked_mem
                0x20400e3c        0x4 c:/program files (x86)/atmel/studio/7.0/toolchain/arm/arm-gnu-toolchain/bin/../lib/gcc/arm-none-eabi/6.3.1/../../../../arm-none-eabi/lib/thumb/v7e-m\libc.a(lib_a-mallocr.o)
                0x20400e3c                __malloc_max_sbrked_mem
 .bss.__malloc_max_total_mem
                0x20400e40        0x4 c:/program files (x86)/atmel/studio/7.0/toolchain/arm/arm-gnu-toolchain/bin/../lib/gcc/arm-none-eabi/6.3.1/../../../../arm-none-eabi/lib/thumb/v7e-m\libc.a(lib_a-mallocr.o)
                0x20400e40                __malloc_max_total_mem
 .bss.__malloc_top_pad
                0x20400e44        0x4 c:/program files (x86)/atmel/studio/7.0/toolchain/arm/arm-gnu-toolchain/bin/../lib/gcc/arm-none-eabi/6.3.1/../../../../arm-none-eabi/lib/thumb/v7e-m\libc.a(lib_a-mallocr.o)
                0x20400e44                __malloc_top_pad
 *(COMMON)
 COMMON         0x20400e48       0x10 src/main.o
                0x20400e48                g_ili9488_display_opt
 COMMON         0x20400e58       0x21 c:/program files (x86)/atmel/studio/7.0/toolchain/arm/arm-gnu-toolchain/bin/../lib/gcc/arm-none-eabi/6.3.1/../../../../arm-none-eabi/lib/thumb/v7e-m\libc.a(lib_a-lock.o)
                0x20400e58                __lock___atexit_recursive_mutex
                0x20400e5c                __lock___arc4random_mutex
                0x20400e60                __lock___env_recursive_mutex
                0x20400e64                __lock___sinit_recursive_mutex
                0x20400e68                __lock___malloc_recursive_mutex
                0x20400e6c                __lock___at_quick_exit_mutex
                0x20400e70                __lock___dd_hash_mutex
                0x20400e74                __lock___tz_mutex
                0x20400e78                __lock___sfp_recursive_mutex
 *fill*         0x20400e79        0x3 
 COMMON         0x20400e7c        0x4 c:/program files (x86)/atmel/studio/7.0/toolchain/arm/arm-gnu-toolchain/bin/../lib/gcc/arm-none-eabi/6.3.1/../../../../arm-none-eabi/lib/thumb/v7e-m\libc.a(lib_a-reent.o)
                0x20400e7c                errno
                0x20400e80                . = ALIGN (0x4)
                0x20400e80                _ebss = .
                0x20400e80                _ezero = .

.stack          0x20400e80     0x2000 load address 0x00437a4c
                0x20400e80                . = ALIGN (0x8)
                0x20400e80                _sstack = .
                0x20402e80                . = (. + STACK_SIZE)
 *fill*         0x20400e80     0x2000 
                0x20402e80                . = ALIGN (0x8)
                0x20402e80                _estack = .

.heap           0x20402e80      0x200 load address 0x00439a4c
                0x20402e80                . = ALIGN (0x8)
                0x20402e80                _sheap = .
                0x20403080                . = (. + HEAP_SIZE)
 *fill*         0x20402e80      0x200 
                0x20403080                . = ALIGN (0x8)
                0x20403080                _eheap = .
                0x20403080                . = ALIGN (0x4)
                0x20403080                _end = .
                0x2045ffff                _ram_end_ = ((ORIGIN (ram) + LENGTH (ram)) - 0x1)
OUTPUT(SAME70_FONTS.elf elf32-littlearm)

.ARM.attributes
                0x00000000       0x2e
 .ARM.attributes
                0x00000000       0x1e c:/program files (x86)/atmel/studio/7.0/toolchain/arm/arm-gnu-toolchain/bin/../lib/gcc/arm-none-eabi/6.3.1/thumb/v7e-m/crti.o
 .ARM.attributes
                0x0000001e       0x2e c:/program files (x86)/atmel/studio/7.0/toolchain/arm/arm-gnu-toolchain/bin/../lib/gcc/arm-none-eabi/6.3.1/thumb/v7e-m/crtbegin.o
 .ARM.attributes
                0x0000004c       0x37 src/ASF/sam/drivers/rtc/rtc.o
 .ARM.attributes
                0x00000083       0x37 src/main.o
 .ARM.attributes
                0x000000ba       0x37 src/ASF/common/services/delay/sam/cycle_counter.o
 .ARM.attributes
                0x000000f1       0x37 src/ASF/common/services/spi/sam_spi/spi_master.o
 .ARM.attributes
                0x00000128       0x37 src/ASF/sam/components/display/ili9488/ili9488.o
 .ARM.attributes
                0x0000015f       0x37 src/ASF/sam/drivers/spi/spi.o
 .ARM.attributes
                0x00000196       0x37 src/ASF/common/services/clock/same70/sysclk.o
 .ARM.attributes
                0x000001cd       0x37 src/ASF/common/utils/interrupt/interrupt_sam_nvic.o
 .ARM.attributes
                0x00000204       0x37 src/ASF/sam/boards/same70_xplained/init.o
 .ARM.attributes
                0x0000023b       0x37 src/ASF/sam/drivers/pio/pio.o
 .ARM.attributes
                0x00000272       0x37 src/ASF/sam/drivers/pio/pio_handler.o
 .ARM.attributes
                0x000002a9       0x37 src/ASF/sam/drivers/pmc/pmc.o
 .ARM.attributes
                0x000002e0       0x37 src/ASF/sam/utils/cmsis/same70/source/templates/gcc/startup_same70.o
 .ARM.attributes
                0x00000317       0x37 src/ASF/sam/utils/cmsis/same70/source/templates/system_same70.o
 .ARM.attributes
                0x0000034e       0x37 src/ASF/sam/utils/syscalls/gcc/syscalls.o
 .ARM.attributes
                0x00000385       0x1e c:/program files (x86)/atmel/studio/7.0/toolchain/arm/arm-gnu-toolchain/bin/../lib/gcc/arm-none-eabi/6.3.1/thumb/v7e-m\libgcc.a(_aeabi_uldivmod.o)
 .ARM.attributes
                0x000003a3       0x2e c:/program files (x86)/atmel/studio/7.0/toolchain/arm/arm-gnu-toolchain/bin/../lib/gcc/arm-none-eabi/6.3.1/thumb/v7e-m\libgcc.a(_udivmoddi4.o)
 .ARM.attributes
                0x000003d1       0x1e c:/program files (x86)/atmel/studio/7.0/toolchain/arm/arm-gnu-toolchain/bin/../lib/gcc/arm-none-eabi/6.3.1/thumb/v7e-m\libgcc.a(_dvmd_tls.o)
 .ARM.attributes
                0x000003ef       0x2e c:/program files (x86)/atmel/studio/7.0/toolchain/arm/arm-gnu-toolchain/bin/../lib/gcc/arm-none-eabi/6.3.1/../../../../arm-none-eabi/lib/thumb/v7e-m\libc.a(lib_a-impure.o)
 .ARM.attributes
                0x0000041d       0x2e c:/program files (x86)/atmel/studio/7.0/toolchain/arm/arm-gnu-toolchain/bin/../lib/gcc/arm-none-eabi/6.3.1/../../../../arm-none-eabi/lib/thumb/v7e-m\libc.a(lib_a-init.o)
 .ARM.attributes
                0x0000044b       0x2e c:/program files (x86)/atmel/studio/7.0/toolchain/arm/arm-gnu-toolchain/bin/../lib/gcc/arm-none-eabi/6.3.1/../../../../arm-none-eabi/lib/thumb/v7e-m\libc.a(lib_a-memset.o)
 .ARM.attributes
                0x00000479       0x2e c:/program files (x86)/atmel/studio/7.0/toolchain/arm/arm-gnu-toolchain/bin/../lib/gcc/arm-none-eabi/6.3.1/../../../../arm-none-eabi/lib/thumb/v7e-m\libc.a(lib_a-sprintf.o)
 .ARM.attributes
                0x000004a7       0x2e c:/program files (x86)/atmel/studio/7.0/toolchain/arm/arm-gnu-toolchain/bin/../lib/gcc/arm-none-eabi/6.3.1/../../../../arm-none-eabi/lib/thumb/v7e-m\libc.a(lib_a-svfprintf.o)
 .ARM.attributes
                0x000004d5       0x2e c:/program files (x86)/atmel/studio/7.0/toolchain/arm/arm-gnu-toolchain/bin/../lib/gcc/arm-none-eabi/6.3.1/../../../../arm-none-eabi/lib/thumb/v7e-m\libc.a(lib_a-__call_atexit.o)
 .ARM.attributes
                0x00000503       0x2e c:/program files (x86)/atmel/studio/7.0/toolchain/arm/arm-gnu-toolchain/bin/../lib/gcc/arm-none-eabi/6.3.1/../../../../arm-none-eabi/lib/thumb/v7e-m\libc.a(lib_a-atexit.o)
 .ARM.attributes
                0x00000531       0x2e c:/program files (x86)/atmel/studio/7.0/toolchain/arm/arm-gnu-toolchain/bin/../lib/gcc/arm-none-eabi/6.3.1/../../../../arm-none-eabi/lib/thumb/v7e-m\libc.a(lib_a-dtoa.o)
 .ARM.attributes
                0x0000055f       0x2e c:/program files (x86)/atmel/studio/7.0/toolchain/arm/arm-gnu-toolchain/bin/../lib/gcc/arm-none-eabi/6.3.1/../../../../arm-none-eabi/lib/thumb/v7e-m\libc.a(lib_a-fini.o)
 .ARM.attributes
                0x0000058d       0x2e c:/program files (x86)/atmel/studio/7.0/toolchain/arm/arm-gnu-toolchain/bin/../lib/gcc/arm-none-eabi/6.3.1/../../../../arm-none-eabi/lib/thumb/v7e-m\libc.a(lib_a-localeconv.o)
 .ARM.attributes
                0x000005bb       0x2e c:/program files (x86)/atmel/studio/7.0/toolchain/arm/arm-gnu-toolchain/bin/../lib/gcc/arm-none-eabi/6.3.1/../../../../arm-none-eabi/lib/thumb/v7e-m\libc.a(lib_a-lock.o)
 .ARM.attributes
                0x000005e9       0x2e c:/program files (x86)/atmel/studio/7.0/toolchain/arm/arm-gnu-toolchain/bin/../lib/gcc/arm-none-eabi/6.3.1/../../../../arm-none-eabi/lib/thumb/v7e-m\libc.a(lib_a-mallocr.o)
 .ARM.attributes
                0x00000617       0x1c c:/program files (x86)/atmel/studio/7.0/toolchain/arm/arm-gnu-toolchain/bin/../lib/gcc/arm-none-eabi/6.3.1/../../../../arm-none-eabi/lib/thumb/v7e-m\libc.a(lib_a-memchr.o)
 .ARM.attributes
                0x00000633       0x1c c:/program files (x86)/atmel/studio/7.0/toolchain/arm/arm-gnu-toolchain/bin/../lib/gcc/arm-none-eabi/6.3.1/../../../../arm-none-eabi/lib/thumb/v7e-m\libc.a(lib_a-memcpy.o)
 .ARM.attributes
                0x0000064f       0x2e c:/program files (x86)/atmel/studio/7.0/toolchain/arm/arm-gnu-toolchain/bin/../lib/gcc/arm-none-eabi/6.3.1/../../../../arm-none-eabi/lib/thumb/v7e-m\libc.a(lib_a-mlock.o)
 .ARM.attributes
                0x0000067d       0x2e c:/program files (x86)/atmel/studio/7.0/toolchain/arm/arm-gnu-toolchain/bin/../lib/gcc/arm-none-eabi/6.3.1/../../../../arm-none-eabi/lib/thumb/v7e-m\libc.a(lib_a-mprec.o)
 .ARM.attributes
                0x000006ab       0x2e c:/program files (x86)/atmel/studio/7.0/toolchain/arm/arm-gnu-toolchain/bin/../lib/gcc/arm-none-eabi/6.3.1/../../../../arm-none-eabi/lib/thumb/v7e-m\libc.a(lib_a-sbrkr.o)
 .ARM.attributes
                0x000006d9       0x1c c:/program files (x86)/atmel/studio/7.0/toolchain/arm/arm-gnu-toolchain/bin/../lib/gcc/arm-none-eabi/6.3.1/../../../../arm-none-eabi/lib/thumb/v7e-m\libc.a(lib_a-strlen.o)
 .ARM.attributes
                0x000006f5       0x2e c:/program files (x86)/atmel/studio/7.0/toolchain/arm/arm-gnu-toolchain/bin/../lib/gcc/arm-none-eabi/6.3.1/../../../../arm-none-eabi/lib/thumb/v7e-m\libc.a(lib_a-svfiprintf.o)
 .ARM.attributes
                0x00000723       0x2e c:/program files (x86)/atmel/studio/7.0/toolchain/arm/arm-gnu-toolchain/bin/../lib/gcc/arm-none-eabi/6.3.1/../../../../arm-none-eabi/lib/thumb/v7e-m\libc.a(lib_a-__atexit.o)
 .ARM.attributes
                0x00000751       0x2e c:/program files (x86)/atmel/studio/7.0/toolchain/arm/arm-gnu-toolchain/bin/../lib/gcc/arm-none-eabi/6.3.1/../../../../arm-none-eabi/lib/thumb/v7e-m\libc.a(lib_a-callocr.o)
 .ARM.attributes
                0x0000077f       0x2e c:/program files (x86)/atmel/studio/7.0/toolchain/arm/arm-gnu-toolchain/bin/../lib/gcc/arm-none-eabi/6.3.1/../../../../arm-none-eabi/lib/thumb/v7e-m\libc.a(lib_a-freer.o)
 .ARM.attributes
                0x000007ad       0x2e c:/program files (x86)/atmel/studio/7.0/toolchain/arm/arm-gnu-toolchain/bin/../lib/gcc/arm-none-eabi/6.3.1/../../../../arm-none-eabi/lib/thumb/v7e-m\libc.a(lib_a-locale.o)
 .ARM.attributes
                0x000007db       0x2e c:/program files (x86)/atmel/studio/7.0/toolchain/arm/arm-gnu-toolchain/bin/../lib/gcc/arm-none-eabi/6.3.1/../../../../arm-none-eabi/lib/thumb/v7e-m\libc.a(lib_a-mbtowc_r.o)
 .ARM.attributes
                0x00000809       0x2e c:/program files (x86)/atmel/studio/7.0/toolchain/arm/arm-gnu-toolchain/bin/../lib/gcc/arm-none-eabi/6.3.1/../../../../arm-none-eabi/lib/thumb/v7e-m\libc.a(lib_a-memmove.o)
 .ARM.attributes
                0x00000837       0x2e c:/program files (x86)/atmel/studio/7.0/toolchain/arm/arm-gnu-toolchain/bin/../lib/gcc/arm-none-eabi/6.3.1/../../../../arm-none-eabi/lib/thumb/v7e-m\libc.a(lib_a-reallocr.o)
 .ARM.attributes
                0x00000865       0x2e c:/program files (x86)/atmel/studio/7.0/toolchain/arm/arm-gnu-toolchain/bin/../lib/gcc/arm-none-eabi/6.3.1/../../../../arm-none-eabi/lib/thumb/v7e-m\libc.a(lib_a-reent.o)
 .ARM.attributes
                0x00000893       0x2e c:/program files (x86)/atmel/studio/7.0/toolchain/arm/arm-gnu-toolchain/bin/../lib/gcc/arm-none-eabi/6.3.1/../../../../arm-none-eabi/lib/thumb/v7e-m\libc.a(lib_a-wctomb_r.o)
 .ARM.attributes
                0x000008c1       0x2e c:/program files (x86)/atmel/studio/7.0/toolchain/arm/arm-gnu-toolchain/bin/../lib/gcc/arm-none-eabi/6.3.1/../../../../arm-none-eabi/lib/thumb/v7e-m\libc.a(lib_a-ctype_.o)
 .ARM.attributes
                0x000008ef       0x1e c:/program files (x86)/atmel/studio/7.0/toolchain/arm/arm-gnu-toolchain/bin/../lib/gcc/arm-none-eabi/6.3.1/thumb/v7e-m\libgcc.a(_arm_addsubdf3.o)
 .ARM.attributes
                0x0000090d       0x1e c:/program files (x86)/atmel/studio/7.0/toolchain/arm/arm-gnu-toolchain/bin/../lib/gcc/arm-none-eabi/6.3.1/thumb/v7e-m\libgcc.a(_arm_muldivdf3.o)
 .ARM.attributes
                0x0000092b       0x1e c:/program files (x86)/atmel/studio/7.0/toolchain/arm/arm-gnu-toolchain/bin/../lib/gcc/arm-none-eabi/6.3.1/thumb/v7e-m\libgcc.a(_arm_cmpdf2.o)
 .ARM.attributes
                0x00000949       0x1e c:/program files (x86)/atmel/studio/7.0/toolchain/arm/arm-gnu-toolchain/bin/../lib/gcc/arm-none-eabi/6.3.1/thumb/v7e-m\libgcc.a(_arm_unorddf2.o)
 .ARM.attributes
                0x00000967       0x1e c:/program files (x86)/atmel/studio/7.0/toolchain/arm/arm-gnu-toolchain/bin/../lib/gcc/arm-none-eabi/6.3.1/thumb/v7e-m\libgcc.a(_arm_fixdfsi.o)
 .ARM.attributes
                0x00000985       0x1e c:/program files (x86)/atmel/studio/7.0/toolchain/arm/arm-gnu-toolchain/bin/../lib/gcc/arm-none-eabi/6.3.1/thumb/v7e-m/crtn.o

.comment        0x00000000       0x59
 .comment       0x00000000       0x59 src/ASF/sam/drivers/rtc/rtc.o
                                 0x5a (size before relaxing)
 .comment       0x00000059       0x5a src/main.o
 .comment       0x00000059       0x5a src/ASF/common/services/delay/sam/cycle_counter.o
 .comment       0x00000059       0x5a src/ASF/common/services/spi/sam_spi/spi_master.o
 .comment       0x00000059       0x5a src/ASF/sam/components/display/ili9488/ili9488.o
 .comment       0x00000059       0x5a src/ASF/sam/drivers/spi/spi.o
 .comment       0x00000059       0x5a src/ASF/common/services/clock/same70/sysclk.o
 .comment       0x00000059       0x5a src/ASF/common/utils/interrupt/interrupt_sam_nvic.o
 .comment       0x00000059       0x5a src/ASF/sam/boards/same70_xplained/init.o
 .comment       0x00000059       0x5a src/ASF/sam/drivers/pio/pio.o
 .comment       0x00000059       0x5a src/ASF/sam/drivers/pio/pio_handler.o
 .comment       0x00000059       0x5a src/ASF/sam/drivers/pmc/pmc.o
 .comment       0x00000059       0x5a src/ASF/sam/utils/cmsis/same70/source/templates/gcc/startup_same70.o
 .comment       0x00000059       0x5a src/ASF/sam/utils/cmsis/same70/source/templates/system_same70.o
 .comment       0x00000059       0x5a src/ASF/sam/utils/syscalls/gcc/syscalls.o

.debug_info     0x00000000    0x151b3
 .debug_info    0x00000000     0x1158 src/ASF/sam/drivers/rtc/rtc.o
 .debug_info    0x00001158     0x347f src/main.o
 .debug_info    0x000045d7      0xa45 src/ASF/common/services/delay/sam/cycle_counter.o
 .debug_info    0x0000501c     0x143e src/ASF/common/services/spi/sam_spi/spi_master.o
 .debug_info    0x0000645a     0x208c src/ASF/sam/components/display/ili9488/ili9488.o
 .debug_info    0x000084e6     0x1123 src/ASF/sam/drivers/spi/spi.o
 .debug_info    0x00009609     0x1311 src/ASF/common/services/clock/same70/sysclk.o
 .debug_info    0x0000a91a      0xb06 src/ASF/common/utils/interrupt/interrupt_sam_nvic.o
 .debug_info    0x0000b420     0x1dad src/ASF/sam/boards/same70_xplained/init.o
 .debug_info    0x0000d1cd     0x1ce3 src/ASF/sam/drivers/pio/pio.o
 .debug_info    0x0000eeb0     0x1a74 src/ASF/sam/drivers/pio/pio_handler.o
 .debug_info    0x00010924     0x1eed src/ASF/sam/drivers/pmc/pmc.o
 .debug_info    0x00012811     0x1612 src/ASF/sam/utils/cmsis/same70/source/templates/gcc/startup_same70.o
 .debug_info    0x00013e23      0x5d4 src/ASF/sam/utils/cmsis/same70/source/templates/system_same70.o
 .debug_info    0x000143f7      0xdbc src/ASF/sam/utils/syscalls/gcc/syscalls.o

.debug_abbrev   0x00000000     0x26fc
 .debug_abbrev  0x00000000      0x257 src/ASF/sam/drivers/rtc/rtc.o
 .debug_abbrev  0x00000257      0x34b src/main.o
 .debug_abbrev  0x000005a2      0x1b3 src/ASF/common/services/delay/sam/cycle_counter.o
 .debug_abbrev  0x00000755      0x305 src/ASF/common/services/spi/sam_spi/spi_master.o
 .debug_abbrev  0x00000a5a      0x2f4 src/ASF/sam/components/display/ili9488/ili9488.o
 .debug_abbrev  0x00000d4e      0x2cf src/ASF/sam/drivers/spi/spi.o
 .debug_abbrev  0x0000101d      0x296 src/ASF/common/services/clock/same70/sysclk.o
 .debug_abbrev  0x000012b3      0x214 src/ASF/common/utils/interrupt/interrupt_sam_nvic.o
 .debug_abbrev  0x000014c7      0x3f4 src/ASF/sam/boards/same70_xplained/init.o
 .debug_abbrev  0x000018bb      0x296 src/ASF/sam/drivers/pio/pio.o
 .debug_abbrev  0x00001b51      0x2c9 src/ASF/sam/drivers/pio/pio_handler.o
 .debug_abbrev  0x00001e1a      0x2ce src/ASF/sam/drivers/pmc/pmc.o
 .debug_abbrev  0x000020e8      0x2e8 src/ASF/sam/utils/cmsis/same70/source/templates/gcc/startup_same70.o
 .debug_abbrev  0x000023d0      0x102 src/ASF/sam/utils/cmsis/same70/source/templates/system_same70.o
 .debug_abbrev  0x000024d2      0x22a src/ASF/sam/utils/syscalls/gcc/syscalls.o

.debug_loc      0x00000000     0x6082
 .debug_loc     0x00000000      0x730 src/ASF/sam/drivers/rtc/rtc.o
 .debug_loc     0x00000730      0x402 src/main.o
 .debug_loc     0x00000b32      0x830 src/ASF/common/services/spi/sam_spi/spi_master.o
 .debug_loc     0x00001362      0xd20 src/ASF/sam/components/display/ili9488/ili9488.o
 .debug_loc     0x00002082      0x630 src/ASF/sam/drivers/spi/spi.o
 .debug_loc     0x000026b2      0x4a0 src/ASF/common/services/clock/same70/sysclk.o
 .debug_loc     0x00002b52       0xa0 src/ASF/common/utils/interrupt/interrupt_sam_nvic.o
 .debug_loc     0x00002bf2      0x2fc src/ASF/sam/boards/same70_xplained/init.o
 .debug_loc     0x00002eee     0x1174 src/ASF/sam/drivers/pio/pio.o
 .debug_loc     0x00004062      0x38c src/ASF/sam/drivers/pio/pio_handler.o
 .debug_loc     0x000043ee     0x1744 src/ASF/sam/drivers/pmc/pmc.o
 .debug_loc     0x00005b32      0x16c src/ASF/sam/utils/cmsis/same70/source/templates/gcc/startup_same70.o
 .debug_loc     0x00005c9e       0xe4 src/ASF/sam/utils/cmsis/same70/source/templates/system_same70.o
 .debug_loc     0x00005d82      0x300 src/ASF/sam/utils/syscalls/gcc/syscalls.o

.debug_aranges  0x00000000      0xac0
 .debug_aranges
                0x00000000       0xb8 src/ASF/sam/drivers/rtc/rtc.o
 .debug_aranges
                0x000000b8       0x88 src/main.o
 .debug_aranges
                0x00000140       0x20 src/ASF/common/services/delay/sam/cycle_counter.o
 .debug_aranges