Archive member included to satisfy reference by file (symbol)

c:/program files (x86)/atmel/studio/7.0/toolchain/arm/arm-gnu-toolchain/bin/../lib/gcc/arm-none-eabi/6.3.1/thumb/v7e-m\libgcc.a(_aeabi_uldivmod.o)
                              src/main.o (__aeabi_uldivmod)
c:/program files (x86)/atmel/studio/7.0/toolchain/arm/arm-gnu-toolchain/bin/../lib/gcc/arm-none-eabi/6.3.1/thumb/v7e-m\libgcc.a(_udivmoddi4.o)
                              c:/program files (x86)/atmel/studio/7.0/toolchain/arm/arm-gnu-toolchain/bin/../lib/gcc/arm-none-eabi/6.3.1/thumb/v7e-m\libgcc.a(_aeabi_uldivmod.o) (__udivmoddi4)
c:/program files (x86)/atmel/studio/7.0/toolchain/arm/arm-gnu-toolchain/bin/../lib/gcc/arm-none-eabi/6.3.1/thumb/v7e-m\libgcc.a(_dvmd_tls.o)
                              c:/program files (x86)/atmel/studio/7.0/toolchain/arm/arm-gnu-toolchain/bin/../lib/gcc/arm-none-eabi/6.3.1/thumb/v7e-m\libgcc.a(_aeabi_uldivmod.o) (__aeabi_ldiv0)
c:/program files (x86)/atmel/studio/7.0/toolchain/arm/arm-gnu-toolchain/bin/../lib/gcc/arm-none-eabi/6.3.1/../../../../arm-none-eabi/lib/thumb/v7e-m\libc.a(lib_a-exit.o)
                              c:/program files (x86)/atmel/studio/7.0/toolchain/arm/arm-gnu-toolchain/bin/../lib/gcc/arm-none-eabi/6.3.1/../../../../arm-none-eabi/lib/thumb/v7e-m/crt0.o (exit)
c:/program files (x86)/atmel/studio/7.0/toolchain/arm/arm-gnu-toolchain/bin/../lib/gcc/arm-none-eabi/6.3.1/../../../../arm-none-eabi/lib/thumb/v7e-m\libc.a(lib_a-impure.o)
                              c:/program files (x86)/atmel/studio/7.0/toolchain/arm/arm-gnu-toolchain/bin/../lib/gcc/arm-none-eabi/6.3.1/../../../../arm-none-eabi/lib/thumb/v7e-m\libc.a(lib_a-exit.o) (_global_impure_ptr)
c:/program files (x86)/atmel/studio/7.0/toolchain/arm/arm-gnu-toolchain/bin/../lib/gcc/arm-none-eabi/6.3.1/../../../../arm-none-eabi/lib/thumb/v7e-m\libc.a(lib_a-init.o)
                              c:/program files (x86)/atmel/studio/7.0/toolchain/arm/arm-gnu-toolchain/bin/../lib/gcc/arm-none-eabi/6.3.1/../../../../arm-none-eabi/lib/thumb/v7e-m/crt0.o (__libc_init_array)
c:/program files (x86)/atmel/studio/7.0/toolchain/arm/arm-gnu-toolchain/bin/../lib/gcc/arm-none-eabi/6.3.1/../../../../arm-none-eabi/lib/thumb/v7e-m\libc.a(lib_a-memset.o)
                              c:/program files (x86)/atmel/studio/7.0/toolchain/arm/arm-gnu-toolchain/bin/../lib/gcc/arm-none-eabi/6.3.1/../../../../arm-none-eabi/lib/thumb/v7e-m/crt0.o (memset)
c:/program files (x86)/atmel/studio/7.0/toolchain/arm/arm-gnu-toolchain/bin/../lib/gcc/arm-none-eabi/6.3.1/../../../../arm-none-eabi/lib/thumb/v7e-m\libc.a(lib_a-__call_atexit.o)
                              c:/program files (x86)/atmel/studio/7.0/toolchain/arm/arm-gnu-toolchain/bin/../lib/gcc/arm-none-eabi/6.3.1/../../../../arm-none-eabi/lib/thumb/v7e-m\libc.a(lib_a-exit.o) (__call_exitprocs)
c:/program files (x86)/atmel/studio/7.0/toolchain/arm/arm-gnu-toolchain/bin/../lib/gcc/arm-none-eabi/6.3.1/../../../../arm-none-eabi/lib/thumb/v7e-m\libc.a(lib_a-atexit.o)
                              c:/program files (x86)/atmel/studio/7.0/toolchain/arm/arm-gnu-toolchain/bin/../lib/gcc/arm-none-eabi/6.3.1/../../../../arm-none-eabi/lib/thumb/v7e-m\libc.a(lib_a-__call_atexit.o) (atexit)
c:/program files (x86)/atmel/studio/7.0/toolchain/arm/arm-gnu-toolchain/bin/../lib/gcc/arm-none-eabi/6.3.1/../../../../arm-none-eabi/lib/thumb/v7e-m\libc.a(lib_a-fini.o)
                              c:/program files (x86)/atmel/studio/7.0/toolchain/arm/arm-gnu-toolchain/bin/../lib/gcc/arm-none-eabi/6.3.1/../../../../arm-none-eabi/lib/thumb/v7e-m\libc.a(lib_a-__call_atexit.o) (__libc_fini_array)
c:/program files (x86)/atmel/studio/7.0/toolchain/arm/arm-gnu-toolchain/bin/../lib/gcc/arm-none-eabi/6.3.1/../../../../arm-none-eabi/lib/thumb/v7e-m\libc.a(lib_a-lock.o)
                              c:/program files (x86)/atmel/studio/7.0/toolchain/arm/arm-gnu-toolchain/bin/../lib/gcc/arm-none-eabi/6.3.1/../../../../arm-none-eabi/lib/thumb/v7e-m\libc.a(lib_a-__call_atexit.o) (__retarget_lock_acquire_recursive)
c:/program files (x86)/atmel/studio/7.0/toolchain/arm/arm-gnu-toolchain/bin/../lib/gcc/arm-none-eabi/6.3.1/../../../../arm-none-eabi/lib/thumb/v7e-m\libc.a(lib_a-__atexit.o)
                              c:/program files (x86)/atmel/studio/7.0/toolchain/arm/arm-gnu-toolchain/bin/../lib/gcc/arm-none-eabi/6.3.1/../../../../arm-none-eabi/lib/thumb/v7e-m\libc.a(lib_a-atexit.o) (__register_exitproc)

Allocating common symbols
Common symbol       size              file

__lock___atexit_recursive_mutex
                    0x1               c:/program files (x86)/atmel/studio/7.0/toolchain/arm/arm-gnu-toolchain/bin/../lib/gcc/arm-none-eabi/6.3.1/../../../../arm-none-eabi/lib/thumb/v7e-m\libc.a(lib_a-lock.o)
__lock___arc4random_mutex
                    0x1               c:/program files (x86)/atmel/studio/7.0/toolchain/arm/arm-gnu-toolchain/bin/../lib/gcc/arm-none-eabi/6.3.1/../../../../arm-none-eabi/lib/thumb/v7e-m\libc.a(lib_a-lock.o)
[...]
Memory Configuration

Name             Origin             Length             Attributes
rom              0x00400000         0x00200000         xr
ram              0x20400000         0x00060000         xrw
*default*        0x00000000         0xffffffff

Linker script and memory map

LOAD c:/program files (x86)/atmel/studio/7.0/toolchain/arm/arm-gnu-toolchain/bin/../lib/gcc/arm-none-eabi/6.3.1/thumb/v7e-m/crti.o
LOAD c:/program files (x86)/atmel/studio/7.0/toolchain/arm/arm-gnu-toolchain/bin/../lib/gcc/arm-none-eabi/6.3.1/thumb/v7e-m/crtbegin.o
LOAD c:/program files (x86)/atmel/studio/7.0/toolchain/arm/arm-gnu-toolchain/bin/../lib/gcc/arm-none-eabi/6.3.1/../../../../arm-none-eabi/lib/thumb/v7e-m/crt0.o
LOAD src/main.o
LOAD src/ASF/common/services/delay/sam/cycle_counter.o
LOAD src/ASF/common/services/spi/sam_spi/spi_master.o
LOAD src/ASF/sam/components/display/ili9488/ili9488.o
LOAD src/ASF/sam/drivers/spi/spi.o
LOAD src/ASF/common/services/clock/same70/sysclk.o
LOAD src/ASF/common/utils/interrupt/interrupt_sam_nvic.o
LOAD src/ASF/sam/boards/same70_xplained/init.o
LOAD src/ASF/sam/drivers/mpu/mpu.o
LOAD src/ASF/sam/drivers/pio/pio.o
LOAD src/ASF/sam/drivers/pio/pio_handler.o
LOAD src/ASF/sam/drivers/pmc/pmc.o
LOAD src/ASF/sam/drivers/pmc/sleep.o
LOAD src/ASF/sam/utils/cmsis/same70/source/templates/gcc/startup_same70.o
LOAD src/ASF/sam/utils/cmsis/same70/source/templates/system_same70.o
LOAD src/ASF/sam/utils/syscalls/gcc/syscalls.o
START GROUP
LOAD ../src/ASF/thirdparty/CMSIS/Lib/GCC\libarm_cortexM7lfsp_math_softfp.a
LOAD c:/program files (x86)/atmel/studio/7.0/toolchain/arm/arm-gnu-toolchain/bin/../lib/gcc/arm-none-eabi/6.3.1/../../../../arm-none-eabi/lib/thumb/v7e-m\libm.a
END GROUP
START GROUP
LOAD c:/program files (x86)/atmel/studio/7.0/toolchain/arm/arm-gnu-toolchain/bin/../lib/gcc/arm-none-eabi/6.3.1/thumb/v7e-m\libgcc.a
LOAD c:/program files (x86)/atmel/studio/7.0/toolchain/arm/arm-gnu-toolchain/bin/../lib/gcc/arm-none-eabi/6.3.1/../../../../arm-none-eabi/lib/thumb/v7e-m\libc.a
END GROUP
LOAD c:/program files (x86)/atmel/studio/7.0/toolchain/arm/arm-gnu-toolchain/bin/../lib/gcc/arm-none-eabi/6.3.1/thumb/v7e-m/crtend.o
LOAD c:/program files (x86)/atmel/studio/7.0/toolchain/arm/arm-gnu-toolchain/bin/../lib/gcc/arm-none-eabi/6.3.1/thumb/v7e-m/crtn.o
                0x00002000                STACK_SIZE = DEFINED (STACK_SIZE)?STACK_SIZE:0x2000
                0x2045fffc                __ram_end__ = ((ORIGIN (ram) + LENGTH (ram)) - 0x4)
                0x00000200                HEAP_SIZE = DEFINED (HEAP_SIZE)?HEAP_SIZE:0x200

.text           0x00400000    0x4a7e4
                0x00400000                . = ALIGN (0x4)
                0x00400000                _sfixed = .
 *(.vectors .vectors.*)
 .vectors       0x00400000      0x168 src/ASF/sam/utils/cmsis/same70/source/templates/gcc/startup_same70.o
                0x00400000                exception_table
 *(.text .text.* .gnu.linkonce.t.*)
 .text          0x00400168       0x6c c:/program files (x86)/atmel/studio/7.0/toolchain/arm/arm-gnu-toolchain/bin/../lib/gcc/arm-none-eabi/6.3.1/thumb/v7e-m/crtbegin.o
 .text.osc_get_rate
                0x004001d4       0x74 src/main.o
 .text.sysclk_get_main_hz
                0x00400248       0x20 src/main.o
 .text.sysclk_get_cpu_hz
                0x00400268       0x14 src/main.o
 .text.configure_lcd
                0x0040027c       0x4c src/main.o
                0x0040027c                configure_lcd
 .text.button_init
                0x004002c8       0x48 src/main.o
                0x004002c8                button_init
 .text.font_draw_text
                0x00400310       0x88 src/main.o
                0x00400310                font_draw_text
 .text.main     0x00400398       0xf8 src/main.o
                0x00400398                main
 .text.osc_get_rate
                0x00400490       0x74 src/ASF/common/services/spi/sam_spi/spi_master.o
 .text.sysclk_get_main_hz
                0x00400504       0x20 src/ASF/common/services/spi/sam_spi/spi_master.o
 .text.sysclk_get_peripheral_hz
                0x00400524       0x14 src/ASF/common/services/spi/sam_spi/spi_master.o
 .text.spi_reset
                0x00400538       0x1a src/ASF/common/services/spi/sam_spi/spi_master.o
 .text.spi_set_master_mode
                0x00400552       0x20 src/ASF/common/services/spi/sam_spi/spi_master.o
 .text.spi_set_fixed_peripheral_select
                0x00400572       0x20 src/ASF/common/services/spi/sam_spi/spi_master.o
 .text.spi_disable_peripheral_select_decode
                0x00400592       0x20 src/ASF/common/services/spi/sam_spi/spi_master.o
 .text.spi_get_peripheral_select_decode_setting
                0x004005b2       0x26 src/ASF/common/services/spi/sam_spi/spi_master.o
 .text.spi_disable_mode_fault_detect
                0x004005d8       0x20 src/ASF/common/services/spi/sam_spi/spi_master.o
 .text.spi_disable_loopback
                0x004005f8       0x20 src/ASF/common/services/spi/sam_spi/spi_master.o
 .text.spi_put  0x00400618       0x1e src/ASF/common/services/spi/sam_spi/spi_master.o
 .text.spi_get  0x00400636       0x1a src/ASF/common/services/spi/sam_spi/spi_master.o
 .text.spi_is_tx_ready
                0x00400650       0x26 src/ASF/common/services/spi/sam_spi/spi_master.o
 .text.spi_is_rx_ready
                0x00400676       0x2c src/ASF/common/services/spi/sam_spi/spi_master.o
 *fill*         0x004006a2        0x2 
 .text.spi_write_single
                0x004006a4       0x24 src/ASF/common/services/spi/sam_spi/spi_master.o
 .text.spi_read_single
                0x004006c8       0x24 src/ASF/common/services/spi/sam_spi/spi_master.o
 .text.spi_master_init
                0x004006ec       0x70 src/ASF/common/services/spi/sam_spi/spi_master.o
                0x004006ec                spi_master_init
 .text.spi_master_setup_device
                0x0040075c       0xb4 src/ASF/common/services/spi/sam_spi/spi_master.o
                0x0040075c                spi_master_setup_device
 .text.spi_select_device
                0x00400810       0x58 src/ASF/common/services/spi/sam_spi/spi_master.o
                0x00400810                spi_select_device
 .text.spi_write_packet
                0x00400868       0x74 src/ASF/common/services/spi/sam_spi/spi_master.o
                0x00400868                spi_write_packet
 .text.spi_read_packet
                0x004008dc       0xac src/ASF/common/services/spi/sam_spi/spi_master.o
                0x004008dc                spi_read_packet
 .text.spi_enable
                0x00400988       0x1a src/ASF/sam/components/display/ili9488/ili9488.o
 .text.spi_enable_interrupt
                0x004009a2       0x1c src/ASF/sam/components/display/ili9488/ili9488.o
 *fill*         0x004009be        0x2 
 .text.ili9488_write_ram_prepare
                0x004009c0       0x40 src/ASF/sam/components/display/ili9488/ili9488.o
 .text.ili9488_write_ram_buffer
                0x00400a00       0x40 src/ASF/sam/components/display/ili9488/ili9488.o
 .text.ili9488_write_register
                0x00400a40       0x78 src/ASF/sam/components/display/ili9488/ili9488.o
 .text.ili9488_read_chipid
                0x00400ab8       0xcc src/ASF/sam/components/display/ili9488/ili9488.o
 .text.ili9488_delay
                0x00400b84       0x40 src/ASF/sam/components/display/ili9488/ili9488.o
                0x00400b84                ili9488_delay
 .text.ili9488_check_box_coordinates
                0x00400bc4       0xa2 src/ASF/sam/components/display/ili9488/ili9488.o
 *fill*         0x00400c66        0x2 
 .text.ili9488_set_display_direction
                0x00400c68       0x34 src/ASF/sam/components/display/ili9488/ili9488.o
                0x00400c68                ili9488_set_display_direction
 .text.ili9488_set_window
                0x00400c9c       0xc8 src/ASF/sam/components/display/ili9488/ili9488.o
                0x00400c9c                ili9488_set_window
 .text.ili9488_init
                0x00400d64      0x15c src/ASF/sam/components/display/ili9488/ili9488.o
                0x00400d64                ili9488_init
 .text.ili9488_display_on
                0x00400ec0       0x18 src/ASF/sam/components/display/ili9488/ili9488.o
                0x00400ec0                ili9488_display_on
 .text.ili9488_set_foreground_color
                0x00400ed8       0x54 src/ASF/sam/components/display/ili9488/ili9488.o
                0x00400ed8                ili9488_set_foreground_color
 .text.ili9488_set_cursor_position
                0x00400f2c       0x84 src/ASF/sam/components/display/ili9488/ili9488.o
                0x00400f2c                ili9488_set_cursor_position
 .text.ili9488_draw_filled_rectangle
                0x00400fb0       0xdc src/ASF/sam/components/display/ili9488/ili9488.o
                0x00400fb0                ili9488_draw_filled_rectangle
 .text.ili9488_draw_pixmap
                0x0040108c       0xb4 src/ASF/sam/components/display/ili9488/ili9488.o
                0x0040108c                ili9488_draw_pixmap
 .text.spi_get_peripheral_select_mode
                0x00401140       0x26 src/ASF/sam/drivers/spi/spi.o
 *fill*         0x00401166        0x2 
 .text.sysclk_enable_peripheral_clock
                0x00401168       0x1c src/ASF/sam/drivers/spi/spi.o
 .text.spi_enable_clock
                0x00401184       0x3c src/ASF/sam/drivers/spi/spi.o
                0x00401184                spi_enable_clock
 .text.spi_set_peripheral_chip_select_value
                0x004011c0       0x34 src/ASF/sam/drivers/spi/spi.o
                0x004011c0                spi_set_peripheral_chip_select_value
 .text.spi_set_delay_between_chip_select
                0x004011f4       0x30 src/ASF/sam/drivers/spi/spi.o
                0x004011f4                spi_set_delay_between_chip_select
 .text.spi_write
                0x00401224       0x80 src/ASF/sam/drivers/spi/spi.o
                0x00401224                spi_write
 .text.spi_set_clock_polarity
                0x004012a4       0x50 src/ASF/sam/drivers/spi/spi.o
                0x004012a4                spi_set_clock_polarity
 .text.spi_set_clock_phase
                0x004012f4       0x50 src/ASF/sam/drivers/spi/spi.o
                0x004012f4                spi_set_clock_phase
 .text.spi_configure_cs_behavior
                0x00401344       0xa6 src/ASF/sam/drivers/spi/spi.o
                0x00401344                spi_configure_cs_behavior
 .text.spi_set_bits_per_transfer
                0x004013ea       0x4a src/ASF/sam/drivers/spi/spi.o
                0x004013ea                spi_set_bits_per_transfer
 .text.spi_calc_baudrate_div
                0x00401434       0x3c src/ASF/sam/drivers/spi/spi.o
                0x00401434                spi_calc_baudrate_div
 .text.spi_set_baudrate_div
                0x00401470       0x5e src/ASF/sam/drivers/spi/spi.o
                0x00401470                spi_set_baudrate_div
 .text.spi_set_transfer_delay
                0x004014ce       0x5e src/ASF/sam/drivers/spi/spi.o
                0x004014ce                spi_set_transfer_delay
 .text.osc_enable
                0x0040152c       0x88 src/ASF/common/services/clock/same70/sysclk.o
 .text.osc_is_ready
                0x004015b4       0x70 src/ASF/common/services/clock/same70/sysclk.o
 .text.osc_get_rate
                0x00401624       0x74 src/ASF/common/services/clock/same70/sysclk.o
 .text.osc_wait_ready
                0x00401698       0x2c src/ASF/common/services/clock/same70/sysclk.o
 .text.pll_config_init
                0x004016c4       0x6c src/ASF/common/services/clock/same70/sysclk.o
 .text.pll_enable
                0x00401730       0x40 src/ASF/common/services/clock/same70/sysclk.o
 .text.pll_is_locked
                0x00401770       0x2c src/ASF/common/services/clock/same70/sysclk.o
 .text.pll_enable_source
                0x0040179c       0x38 src/ASF/common/services/clock/same70/sysclk.o
 .text.pll_wait_for_lock
                0x004017d4       0x24 src/ASF/common/services/clock/same70/sysclk.o
 .text.sysclk_get_main_hz
                0x004017f8       0x20 src/ASF/common/services/clock/same70/sysclk.o
 .text.sysclk_get_cpu_hz
                0x00401818       0x14 src/ASF/common/services/clock/same70/sysclk.o
 .text.sysclk_init
                0x0040182c       0x7c src/ASF/common/services/clock/same70/sysclk.o
                0x0040182c                sysclk_init
 .text.SCB_EnableICache
                0x004018a8       0x38 src/ASF/sam/boards/same70_xplained/init.o
 .text.SCB_EnableDCache
                0x004018e0       0xa4 src/ASF/sam/boards/same70_xplained/init.o
 .text.sysclk_enable_peripheral_clock
                0x00401984       0x1c src/ASF/sam/boards/same70_xplained/init.o
 .text.ioport_init
                0x004019a0       0x2c src/ASF/sam/boards/same70_xplained/init.o
 .text.ioport_set_pin_mode
                0x004019cc      0x11c src/ASF/sam/boards/same70_xplained/init.o
 .text.ioport_set_pin_dir
                0x00401ae8       0x88 src/ASF/sam/boards/same70_xplained/init.o
 .text.ioport_set_pin_level
                0x00401b70       0x6c src/ASF/sam/boards/same70_xplained/init.o
 .text.ioport_set_pin_sense_mode
                0x00401bdc       0xd0 src/ASF/sam/boards/same70_xplained/init.o
 .text.tcm_disable
                0x00401cac       0x44 src/ASF/sam/boards/same70_xplained/init.o
 .text.board_init
                0x00401cf0      0x188 src/ASF/sam/boards/same70_xplained/init.o
                0x00401cf0                board_init
 .text.pio_pull_up
                0x00401e78       0x2c src/ASF/sam/drivers/pio/pio.o
                0x00401e78                pio_pull_up
 .text.pio_set  0x00401ea4       0x1c src/ASF/sam/drivers/pio/pio.o
                0x00401ea4                pio_set
 .text.pio_get  0x00401ec0       0x46 src/ASF/sam/drivers/pio/pio.o
                0x00401ec0                pio_get
 .text.pio_set_peripheral
                0x00401f06      0x110 src/ASF/sam/drivers/pio/pio.o
                0x00401f06                pio_set_peripheral
 *fill*         0x00402016        0x2 
 .text.pio_set_input
                0x00402018       0x80 src/ASF/sam/drivers/pio/pio.o
                0x00402018                pio_set_input
 .text.pio_set_output
                0x00402098       0x64 src/ASF/sam/drivers/pio/pio.o
                0x00402098                pio_set_output
 .text.pio_configure
                0x004020fc       0xcc src/ASF/sam/drivers/pio/pio.o
                0x004020fc                pio_configure
 .text.pio_disable_interrupt
                0x004021c8       0x1c src/ASF/sam/drivers/pio/pio.o
                0x004021c8                pio_disable_interrupt
 .text.pio_get_interrupt_status
                0x004021e4       0x18 src/ASF/sam/drivers/pio/pio.o
                0x004021e4                pio_get_interrupt_status
 .text.pio_get_interrupt_mask
                0x004021fc       0x18 src/ASF/sam/drivers/pio/pio.o
                0x004021fc                pio_get_interrupt_mask
 .text.pio_set_pin_high
                0x00402214       0x30 src/ASF/sam/drivers/pio/pio.o
                0x00402214                pio_set_pin_high
 .text.pio_set_pin_low
                0x00402244       0x30 src/ASF/sam/drivers/pio/pio.o
                0x00402244                pio_set_pin_low
 .text.pio_configure_pin
                0x00402274      0x1b0 src/ASF/sam/drivers/pio/pio.o
                0x00402274                pio_configure_pin
 .text.pio_get_pin_group
                0x00402424       0x28 src/ASF/sam/drivers/pio/pio.o
                0x00402424                pio_get_pin_group
 .text.pio_handler_process
                0x0040244c       0xb4 src/ASF/sam/drivers/pio/pio_handler.o
                0x0040244c                pio_handler_process
 .text.PIOA_Handler
                0x00402500       0x18 src/ASF/sam/drivers/pio/pio_handler.o
                0x00402500                PIOA_Handler
 .text.PIOB_Handler
                0x00402518       0x18 src/ASF/sam/drivers/pio/pio_handler.o
                0x00402518                PIOB_Handler
 .text.PIOC_Handler
                0x00402530       0x18 src/ASF/sam/drivers/pio/pio_handler.o
                0x00402530                PIOC_Handler
 .text.PIOD_Handler
                0x00402548       0x18 src/ASF/sam/drivers/pio/pio_handler.o
                0x00402548                PIOD_Handler
 .text.PIOE_Handler
                0x00402560       0x18 src/ASF/sam/drivers/pio/pio_handler.o
                0x00402560                PIOE_Handler
 .text.pmc_mck_set_division
                0x00402578       0x7c src/ASF/sam/drivers/pmc/pmc.o
                0x00402578                pmc_mck_set_division
 .text.pmc_switch_mck_to_pllack
                0x004025f4       0x84 src/ASF/sam/drivers/pmc/pmc.o
                0x004025f4                pmc_switch_mck_to_pllack
 .text.pmc_switch_sclk_to_32kxtal
                0x00402678       0x38 src/ASF/sam/drivers/pmc/pmc.o
                0x00402678                pmc_switch_sclk_to_32kxtal
 .text.pmc_osc_is_ready_32kxtal
                0x004026b0       0x34 src/ASF/sam/drivers/pmc/pmc.o
                0x004026b0                pmc_osc_is_ready_32kxtal
 .text.pmc_switch_mainck_to_fastrc
                0x004026e4       0x70 src/ASF/sam/drivers/pmc/pmc.o
                0x004026e4                pmc_switch_mainck_to_fastrc
 .text.pmc_switch_mainck_to_xtal
                0x00402754       0x78 src/ASF/sam/drivers/pmc/pmc.o
                0x00402754                pmc_switch_mainck_to_xtal
 .text.pmc_osc_is_ready_mainck
                0x004027cc       0x1c src/ASF/sam/drivers/pmc/pmc.o
                0x004027cc                pmc_osc_is_ready_mainck
 .text.pmc_disable_pllack
                0x004027e8       0x1c src/ASF/sam/drivers/pmc/pmc.o
                0x004027e8                pmc_disable_pllack
 .text.pmc_is_locked_pllack
                0x00402804       0x1c src/ASF/sam/drivers/pmc/pmc.o
                0x00402804                pmc_is_locked_pllack
 .text.pmc_is_locked_upll
                0x00402820       0x1c src/ASF/sam/drivers/pmc/pmc.o
                0x00402820                pmc_is_locked_upll
 .text.pmc_enable_periph_clk
                0x0040283c       0x3c src/ASF/sam/drivers/pmc/pmc.o
                0x0040283c                pmc_enable_periph_clk
 .text.cpu_irq_save
                0x00402878       0x38 src/ASF/sam/utils/cmsis/same70/source/templates/gcc/startup_same70.o
 .text.cpu_irq_is_enabled_flags
                0x004028b0       0x20 src/ASF/sam/utils/cmsis/same70/source/templates/gcc/startup_same70.o
 .text.cpu_irq_restore
                0x004028d0       0x30 src/ASF/sam/utils/cmsis/same70/source/templates/gcc/startup_same70.o
 .text.Reset_Handler
                0x00402900       0xb0 src/ASF/sam/utils/cmsis/same70/source/templates/gcc/startup_same70.o
                0x00402900                Reset_Handler
 .text.Dummy_Handler
                0x004029b0        0x6 src/ASF/sam/utils/cmsis/same70/source/templates/gcc/startup_same70.o
                0x004029b0                DACC_Handler
                0x004029b0                DebugMon_Handler
                0x004029b0                UART3_Handler
                0x004029b0                UART2_Handler
                0x004029b0                TRNG_Handler
                0x004029b0                HardFault_Handler
                0x004029b0                TC2_Handler
                0x004029b0                SysTick_Handler
                0x004029b0                AFEC1_Handler
                0x004029b0                PendSV_Handler
                0x004029b0                NMI_Handler
                0x004029b0                TC7_Handler
                0x004029b0                QSPI_Handler
                0x004029b0                ISI_Handler
                0x004029b0                MCAN0_INT0_Handler
                0x004029b0                TC9_Handler
                0x004029b0                RSWDT_Handler
                0x004029b0                USART0_Handler
                0x004029b0                RTT_Handler
                0x004029b0                USBHS_Handler
                0x004029b0                IXC_Handler
                0x004029b0                CCF_Handler
                0x004029b0                RTC_Handler
                0x004029b0                UsageFault_Handler
                0x004029b0                TC6_Handler
                0x004029b0                WDT_Handler
                0x004029b0                MCAN1_INT1_Handler
                0x004029b0                TC4_Handler
                0x004029b0                TC1_Handler
                0x004029b0                HSMCI_Handler
                0x004029b0                UART1_Handler
                0x004029b0                TC3_Handler
                0x004029b0                Dummy_Handler
                0x004029b0                TWIHS1_Handler
                0x004029b0                XDMAC_Handler
                0x004029b0                UART4_Handler
                0x004029b0                PWM1_Handler
                0x004029b0                USART1_Handler
                0x004029b0                PWM0_Handler
                0x004029b0                AFEC0_Handler
                0x004029b0                CCW_Handler
                0x004029b0                TC11_Handler
                0x004029b0                SSC_Handler
                0x004029b0                ACC_Handler
                0x004029b0                PMC_Handler
                0x004029b0                GMAC_Handler
                0x004029b0                MCAN0_INT1_Handler
                0x004029b0                GMAC_Q5_Handler
                0x004029b0                MemManage_Handler
                0x004029b0                SUPC_Handler
                0x004029b0                SVC_Handler
                0x004029b0                TC8_Handler
                0x004029b0                MCAN1_INT0_Handler
                0x004029b0                EFC_Handler
                0x004029b0                GMAC_Q1_Handler
                0x004029b0                USART2_Handler
                0x004029b0                SDRAMC_Handler
                0x004029b0                GMAC_Q2_Handler
                0x004029b0                SPI1_Handler
                0x004029b0                TC10_Handler
                0x004029b0                GMAC_Q3_Handler
                0x004029b0                TWIHS2_Handler
                0x004029b0                I2SC0_Handler
                0x004029b0                UART0_Handler
                0x004029b0                I2SC1_Handler
                0x004029b0                GMAC_Q4_Handler
                0x004029b0                FPU_Handler
                0x004029b0                BusFault_Handler
                0x004029b0                RSTC_Handler
                0x004029b0                TC0_Handler
                0x004029b0                TC5_Handler
                0x004029b0                AES_Handler
                0x004029b0                ICM_Handler
                0x004029b0                TWIHS0_Handler
                0x004029b0                SPI0_Handler
 *fill*         0x004029b6        0x2 
 .text.SystemCoreClockUpdate
                0x004029b8      0x168 src/ASF/sam/utils/cmsis/same70/source/templates/system_same70.o
                0x004029b8                SystemCoreClockUpdate
 .text.system_init_flash
                0x00402b20       0xb0 src/ASF/sam/utils/cmsis/same70/source/templates/system_same70.o
                0x00402b20                system_init_flash
 .text          0x00402bd0       0x30 c:/program files (x86)/atmel/studio/7.0/toolchain/arm/arm-gnu-toolchain/bin/../lib/gcc/arm-none-eabi/6.3.1/thumb/v7e-m\libgcc.a(_aeabi_uldivmod.o)
                0x00402bd0                __aeabi_uldivmod
 .text          0x00402c00      0x2dc c:/program files (x86)/atmel/studio/7.0/toolchain/arm/arm-gnu-toolchain/bin/../lib/gcc/arm-none-eabi/6.3.1/thumb/v7e-m\libgcc.a(_udivmoddi4.o)
                0x00402c00                __udivmoddi4
 .text          0x00402edc        0x4 c:/program files (x86)/atmel/studio/7.0/toolchain/arm/arm-gnu-toolchain/bin/../lib/gcc/arm-none-eabi/6.3.1/thumb/v7e-m\libgcc.a(_dvmd_tls.o)
                0x00402edc                __aeabi_idiv0
                0x00402edc                __aeabi_ldiv0
 .text.__libc_init_array
                0x00402ee0       0x50 c:/program files (x86)/atmel/studio/7.0/toolchain/arm/arm-gnu-toolchain/bin/../lib/gcc/arm-none-eabi/6.3.1/../../../../arm-none-eabi/lib/thumb/v7e-m\libc.a(lib_a-init.o)
                0x00402ee0                __libc_init_array
 .text.startup.register_fini
                0x00402f30       0x14 c:/program files (x86)/atmel/studio/7.0/toolchain/arm/arm-gnu-toolchain/bin/../lib/gcc/arm-none-eabi/6.3.1/../../../../arm-none-eabi/lib/thumb/v7e-m\libc.a(lib_a-__call_atexit.o)
 .text.atexit   0x00402f44        0xc c:/program files (x86)/atmel/studio/7.0/toolchain/arm/arm-gnu-toolchain/bin/../lib/gcc/arm-none-eabi/6.3.1/../../../../arm-none-eabi/lib/thumb/v7e-m\libc.a(lib_a-atexit.o)
                0x00402f44                atexit
 .text.__libc_fini_array
                0x00402f50       0x34 c:/program files (x86)/atmel/studio/7.0/toolchain/arm/arm-gnu-toolchain/bin/../lib/gcc/arm-none-eabi/6.3.1/../../../../arm-none-eabi/lib/thumb/v7e-m\libc.a(lib_a-fini.o)
                0x00402f50                __libc_fini_array
 .text.__retarget_lock_acquire_recursive
                0x00402f84        0x4 c:/program files (x86)/atmel/studio/7.0/toolchain/arm/arm-gnu-toolchain/bin/../lib/gcc/arm-none-eabi/6.3.1/../../../../arm-none-eabi/lib/thumb/v7e-m\libc.a(lib_a-lock.o)
                0x00402f84                __retarget_lock_acquire_recursive
 .text.__retarget_lock_release_recursive
                0x00402f88        0x4 c:/program files (x86)/atmel/studio/7.0/toolchain/arm/arm-gnu-toolchain/bin/../lib/gcc/arm-none-eabi/6.3.1/../../../../arm-none-eabi/lib/thumb/v7e-m\libc.a(lib_a-lock.o)
                0x00402f88                __retarget_lock_release_recursive
 .text.__register_exitproc
                0x00402f8c       0xc4 c:/program files (x86)/atmel/studio/7.0/toolchain/arm/arm-gnu-toolchain/bin/../lib/gcc/arm-none-eabi/6.3.1/../../../../arm-none-eabi/lib/thumb/v7e-m\libc.a(lib_a-__atexit.o)
                0x00402f8c                __register_exitproc
 *(.glue_7t)
 .glue_7t       0x00403050        0x0 linker stubs
 *(.glue_7)
 .glue_7        0x00403050        0x0 linker stubs
 *(.rodata .rodata* .gnu.linkonce.r.*)
 .rodata.image_data_sourcecodepro_28_0x41
                0x00403050      0x138 src/main.o
 .rodata.sourcecodepro_28_0x41
                0x00403188       0x10 src/main.o
 .rodata.image_data_sourcecodepro_28_0x42
                0x00403198      0x138 src/main.o
 .rodata.sourcecodepro_28_0x42
                0x004032d0       0x10 src/main.o
 .rodata.image_data_sourcecodepro_28_0x43
                0x004032e0      0x15f src/main.o
 *fill*         0x0040343f        0x1 
 .rodata.sourcecodepro_28_0x43
                0x00403440       0x10 src/main.o
 .rodata.image_data_sourcecodepro_28_0x44
                0x00403450      0x186 src/main.o
 *fill*         0x004035d6        0x2 
 .rodata.sourcecodepro_28_0x44
                0x004035d8       0x10 src/main.o
 .rodata.image_data_sourcecodepro_28_0x45
                0x004035e8      0x138 src/main.o
 .rodata.sourcecodepro_28_0x45
                0x00403720       0x10 src/main.o
 .rodata.image_data_sourcecodepro_28_0x46
                0x00403730      0x111 src/main.o
 *fill*         0x00403841        0x3 
 .rodata.sourcecodepro_28_0x46
                0x00403844       0x10 src/main.o
 .rodata.image_data_sourcecodepro_28_0x47
                0x00403854      0x15f src/main.o
 *fill*         0x004039b3        0x1 
 .rodata.sourcecodepro_28_0x47
                0x004039b4       0x10 src/main.o
 .rodata.image_data_sourcecodepro_28_0x48
                0x004039c4      0x15f src/main.o
 *fill*         0x00403b23        0x1 
 .rodata.sourcecodepro_28_0x48
                0x00403b24       0x10 src/main.o
 .rodata.image_data_sourcecodepro_28_0x49
                0x00403b34       0x9c src/main.o
 .rodata.sourcecodepro_28_0x49
                0x00403bd0       0x10 src/main.o
 .rodata.image_data_sourcecodepro_28_0x4a
                0x00403be0       0xea src/main.o
 *fill*         0x00403cca        0x2 
 .rodata.sourcecodepro_28_0x4a
                0x00403ccc       0x10 src/main.o
 .rodata.image_data_sourcecodepro_28_0x4b
                0x00403cdc      0x138 src/main.o
 .rodata.sourcecodepro_28_0x4b
                0x00403e14       0x10 src/main.o
 .rodata.image_data_sourcecodepro_28_0x4c
                0x00403e24      0x111 src/main.o
 *fill*         0x00403f35        0x3 
 .rodata.sourcecodepro_28_0x4c
                0x00403f38       0x10 src/main.o
 .rodata.image_data_sourcecodepro_28_0x4d
                0x00403f48      0x186 src/main.o
 *fill*         0x004040ce        0x2 
 .rodata.sourcecodepro_28_0x4d
                0x004040d0       0x10 src/main.o
 .rodata.image_data_sourcecodepro_28_0x4e
                0x004040e0      0x15f src/main.o
 *fill*         0x0040423f        0x1 
 .rodata.sourcecodepro_28_0x4e
                0x00404240       0x10 src/main.o
 .rodata.image_data_sourcecodepro_28_0x4f
                0x00404250      0x186 src/main.o
 *fill*         0x004043d6        0x2 
 .rodata.sourcecodepro_28_0x4f
                0x004043d8       0x10 src/main.o
 .rodata.image_data_sourcecodepro_28_0x50
                0x004043e8      0x138 src/main.o
 .rodata.sourcecodepro_28_0x50
                0x00404520       0x10 src/main.o
 .rodata.image_data_sourcecodepro_28_0x51
                0x00404530      0x186 src/main.o
 *fill*         0x004046b6        0x2 
 .rodata.sourcecodepro_28_0x51
                0x004046b8       0x10 src/main.o
 .rodata.image_data_sourcecodepro_28_0x52
                0x004046c8      0x15f src/main.o
 *fill*         0x00404827        0x1 
 .rodata.sourcecodepro_28_0x52
                0x00404828       0x10 src/main.o
 .rodata.image_data_sourcecodepro_28_0x53
                0x00404838      0x138 src/main.o
 .rodata.sourcecodepro_28_0x53
                0x00404970       0x10 src/main.o
 .rodata.image_data_sourcecodepro_28_0x54
                0x00404980      0x138 src/main.o
 .rodata.sourcecodepro_28_0x54
                0x00404ab8       0x10 src/main.o
 .rodata.image_data_sourcecodepro_28_0x55
                0x00404ac8      0x15f src/main.o
 *fill*         0x00404c27        0x1 
 .rodata.sourcecodepro_28_0x55
                0x00404c28       0x10 src/main.o
 .rodata.image_data_sourcecodepro_28_0x56
                0x00404c38      0x138 src/main.o
 .rodata.sourcecodepro_28_0x56
                0x00404d70       0x10 src/main.o
 .rodata.image_data_sourcecodepro_28_0x57
                0x00404d80      0x222 src/main.o
 *fill*         0x00404fa2        0x2 
 .rodata.sourcecodepro_28_0x57
                0x00404fa4       0x10 src/main.o
 .rodata.image_data_sourcecodepro_28_0x58
                0x00404fb4      0x138 src/main.o
 .rodata.sourcecodepro_28_0x58
                0x004050ec       0x10 src/main.o
 .rodata.image_data_sourcecodepro_28_0x59
                0x004050fc      0x138 src/main.o
 .rodata.sourcecodepro_28_0x59
                0x00405234       0x10 src/main.o
 .rodata.image_data_sourcecodepro_28_0x5a
                0x00405244      0x138 src/main.o
 .rodata.sourcecodepro_28_0x5a
                0x0040537c       0x10 src/main.o
 .rodata.sourcecodepro_28_array
                0x0040538c       0xd0 src/main.o
 .rodata.sourcecodepro_28
                0x0040545c        0xc src/main.o
                0x0040545c                sourcecodepro_28
 .rodata.image_data_calibri_36_0x20
                0x00405468      0x378 src/main.o
 .rodata.calibri_36_0x20
                0x004057e0       0x10 src/main.o
 .rodata.image_data_calibri_36_0x21
                0x004057f0      0x534 src/main.o
 .rodata.calibri_36_0x21
                0x00405d24       0x10 src/main.o
 .rodata.image_data_calibri_36_0x22
                0x00405d34      0x612 src/main.o
 *fill*         0x00406346        0x2 
 .rodata.calibri_36_0x22
                0x00406348       0x10 src/main.o
 .rodata.image_data_calibri_36_0x23
                0x00406358      0x7ce src/main.o
 *fill*         0x00406b26        0x2 
 .rodata.calibri_36_0x23
                0x00406b28       0x10 src/main.o
 .rodata.image_data_calibri_36_0x24
                0x00406b38      0x7ce src/main.o
 *fill*         0x00407306        0x2 
 .rodata.calibri_36_0x24
                0x00407308       0x10 src/main.o
 .rodata.image_data_calibri_36_0x25
                0x00407318      0xb46 src/main.o
 *fill*         0x00407e5e        0x2 
 .rodata.calibri_36_0x25
                0x00407e60       0x10 src/main.o
 .rodata.image_data_calibri_36_0x26
                0x00407e70      0xad7 src/main.o
 *fill*         0x00408947        0x1 
 .rodata.calibri_36_0x26
                0x00408948       0x10 src/main.o
 .rodata.image_data_calibri_36_0x27
                0x00408958      0x378 src/main.o
 .rodata.calibri_36_0x27
                0x00408cd0       0x10 src/main.o
 .rodata.image_data_calibri_36_0x28
                0x00408ce0      0x4c5 src/main.o
 *fill*         0x004091a5        0x3 
 .rodata.calibri_36_0x28
                0x004091a8       0x10 src/main.o
 .rodata.image_data_calibri_36_0x29
                0x004091b8      0x4c5 src/main.o
 *fill*         0x0040967d        0x3 
 .rodata.calibri_36_0x29
                0x00409680       0x10 src/main.o
 .rodata.image_data_calibri_36_0x2a
                0x00409690      0x7ce src/main.o
 *fill*         0x00409e5e        0x2 
 .rodata.calibri_36_0x2a
                0x00409e60       0x10 src/main.o
 .rodata.image_data_calibri_36_0x2b
                0x00409e70      0x7ce src/main.o
 *fill*         0x0040a63e        0x2 
 .rodata.calibri_36_0x2b
                0x0040a640       0x10 src/main.o
 .rodata.image_data_calibri_36_0x2c
                0x0040a650      0x3e7 src/main.o
 *fill*         0x0040aa37        0x1 
 .rodata.calibri_36_0x2c
                0x0040aa38       0x10 src/main.o
 .rodata.image_data_calibri_36_0x2d
                0x0040aa48      0x4c5 src/main.o
 *fill*         0x0040af0d        0x3 
 .rodata.calibri_36_0x2d
                0x0040af10       0x10 src/main.o
 .rodata.image_data_calibri_36_0x2e
                0x0040af20      0x3e7 src/main.o
 *fill*         0x0040b307        0x1 
 .rodata.calibri_36_0x2e
                0x0040b308       0x10 src/main.o
 .rodata.image_data_calibri_36_0x2f
                0x0040b318      0x612 src/main.o
 *fill*         0x0040b92a        0x2 
 .rodata.calibri_36_0x2f
                0x0040b92c       0x10 src/main.o
 .rodata.image_data_calibri_36_0x30
                0x0040b93c      0x7ce src/main.o
 *fill*         0x0040c10a        0x2 
 .rodata.calibri_36_0x30
                0x0040c10c       0x10 src/main.o
 .rodata.image_data_calibri_36_0x31
                0x0040c11c      0x7ce src/main.o
 *fill*         0x0040c8ea        0x2 
 .rodata.calibri_36_0x31
                0x0040c8ec       0x10 src/main.o
 .rodata.image_data_calibri_36_0x32
                0x0040c8fc      0x7ce src/main.o
 *fill*         0x0040d0ca        0x2 
 .rodata.calibri_36_0x32
                0x0040d0cc       0x10 src/main.o
 .rodata.image_data_calibri_36_0x33
                0x0040d0dc      0x7ce src/main.o
 *fill*         0x0040d8aa        0x2 
 .rodata.calibri_36_0x33
                0x0040d8ac       0x10 src/main.o
 .rodata.image_data_calibri_36_0x34
                0x0040d8bc      0x7ce src/main.o
 *fill*         0x0040e08a        0x2 
 .rodata.calibri_36_0x34
                0x0040e08c       0x10 src/main.o
 .rodata.image_data_calibri_36_0x35
                0x0040e09c      0x7ce src/main.o
 *fill*         0x0040e86a        0x2 
 .rodata.calibri_36_0x35
                0x0040e86c       0x10 src/main.o
 .rodata.image_data_calibri_36_0x36
                0x0040e87c      0x7ce src/main.o
 *fill*         0x0040f04a        0x2 
 .rodata.calibri_36_0x36
                0x0040f04c       0x10 src/main.o
 .rodata.image_data_calibri_36_0x37
                0x0040f05c      0x7ce src/main.o
 *fill*         0x0040f82a        0x2 
 .rodata.calibri_36_0x37
                0x0040f82c       0x10 src/main.o
 .rodata.image_data_calibri_36_0x38
                0x0040f83c      0x7ce src/main.o
 *fill*         0x0041000a        0x2 
 .rodata.calibri_36_0x38
                0x0041000c       0x10 src/main.o
 .rodata.image_data_calibri_36_0x39
                0x0041001c      0x7ce src/main.o
 *fill*         0x004107ea        0x2 
 .rodata.calibri_36_0x39
                0x004107ec       0x10 src/main.o
 .rodata.image_data_calibri_36_0x3a
                0x004107fc      0x456 src/main.o
 *fill*         0x00410c52        0x2 
 .rodata.calibri_36_0x3a
                0x00410c54       0x10 src/main.o
 .rodata.image_data_calibri_36_0x3b
                0x00410c64      0x456 src/main.o
 *fill*         0x004110ba        0x2 
 .rodata.calibri_36_0x3b
                0x004110bc       0x10 src/main.o
 .rodata.image_data_calibri_36_0x3c
                0x004110cc      0x7ce src/main.o
 *fill*         0x0041189a        0x2 
 .rodata.calibri_36_0x3c
                0x0041189c       0x10 src/main.o
 .rodata.image_data_calibri_36_0x3d
                0x004118ac      0x7ce src/main.o
 *fill*         0x0041207a        0x2 
 .rodata.calibri_36_0x3d
                0x0041207c       0x10 src/main.o
 .rodata.image_data_calibri_36_0x3e
                0x0041208c      0x7ce src/main.o
 *fill*         0x0041285a        0x2 
 .rodata.calibri_36_0x3e
                0x0041285c       0x10 src/main.o
 .rodata.image_data_calibri_36_0x3f
                0x0041286c      0x75f src/main.o
 *fill*         0x00412fcb        0x1 
 .rodata.calibri_36_0x3f
                0x00412fcc       0x10 src/main.o
 .rodata.image_data_calibri_36_0x40
                0x00412fdc      0xde0 src/main.o
 .rodata.calibri_36_0x40
                0x00413dbc       0x10 src/main.o
 .rodata.image_data_calibri_36_0x41
                0x00413dcc      0x91b src/main.o
 *fill*         0x004146e7        0x1 
 .rodata.calibri_36_0x41
                0x004146e8       0x10 src/main.o
 .rodata.image_data_calibri_36_0x42
                0x004146f8      0x8ac src/main.o
 .rodata.calibri_36_0x42
                0x00414fa4       0x10 src/main.o
 .rodata.image_data_calibri_36_0x43
                0x00414fb4      0x83d src/main.o
 *fill*         0x004157f1        0x3 
 .rodata.calibri_36_0x43
                0x004157f4       0x10 src/main.o
 .rodata.image_data_calibri_36_0x44
                0x00415804      0x98a src/main.o
 *fill*         0x0041618e        0x2 
 .rodata.calibri_36_0x44
                0x00416190       0x10 src/main.o
 .rodata.image_data_calibri_36_0x45
                0x004161a0      0x7ce src/main.o
 *fill*         0x0041696e        0x2 
 .rodata.calibri_36_0x45
                0x00416970       0x10 src/main.o
 .rodata.image_data_calibri_36_0x46
                0x00416980      0x75f src/main.o
 *fill*         0x004170df        0x1 
 .rodata.calibri_36_0x46
                0x004170e0       0x10 src/main.o
 .rodata.image_data_calibri_36_0x47
                0x004170f0      0x9f9 src/main.o
 *fill*         0x00417ae9        0x3 
 .rodata.calibri_36_0x47
                0x00417aec       0x10 src/main.o
 .rodata.image_data_calibri_36_0x48
                0x00417afc      0x98a src/main.o
 *fill*         0x00418486        0x2 
 .rodata.calibri_36_0x48
                0x00418488       0x10 src/main.o
 .rodata.image_data_calibri_36_0x49
                0x00418498      0x3e7 src/main.o
 *fill*         0x0041887f        0x1 
 .rodata.calibri_36_0x49
                0x00418880       0x10 src/main.o
 .rodata.image_data_calibri_36_0x4a
                0x00418890      0x4c5 src/main.o
 *fill*         0x00418d55        0x3 
 .rodata.calibri_36_0x4a
                0x00418d58       0x10 src/main.o
 .rodata.image_data_calibri_36_0x4b
                0x00418d68      0x83d src/main.o
 *fill*         0x004195a5        0x3 
 .rodata.calibri_36_0x4b
                0x004195a8       0x10 src/main.o
 .rodata.image_data_calibri_36_0x4c
                0x004195b8      0x681 src/main.o
 *fill*         0x00419c39        0x3 
 .rodata.calibri_36_0x4c
                0x00419c3c       0x10 src/main.o
 .rodata.image_data_calibri_36_0x4d
                0x00419c4c      0xd71 src/main.o
 *fill*         0x0041a9bd        0x3 
 .rodata.calibri_36_0x4d
                0x0041a9c0       0x10 src/main.o
 .rodata.image_data_calibri_36_0x4e
                0x0041a9d0      0x9f9 src/main.o
 *fill*         0x0041b3c9        0x3 
 .rodata.calibri_36_0x4e
                0x0041b3cc       0x10 src/main.o
 .rodata.image_data_calibri_36_0x4f
                0x0041b3dc      0xa68 src/main.o
 .rodata.calibri_36_0x4f
                0x0041be44       0x10 src/main.o
 .rodata.image_data_calibri_36_0x50
                0x0041be54      0x83d src/main.o
 *fill*         0x0041c691        0x3 
 .rodata.calibri_36_0x50
                0x0041c694       0x10 src/main.o
 .rodata.image_data_calibri_36_0x51
                0x0041c6a4      0xad7 src/main.o
 *fill*         0x0041d17b        0x1 
 .rodata.calibri_36_0x51
                0x0041d17c       0x10 src/main.o
 .rodata.image_data_calibri_36_0x52
                0x0041d18c      0x8ac src/main.o
 .rodata.calibri_36_0x52
                0x0041da38       0x10 src/main.o
 .rodata.image_data_calibri_36_0x53
                0x0041da48      0x75f src/main.o
 *fill*         0x0041e1a7        0x1 
 .rodata.calibri_36_0x53
                0x0041e1a8       0x10 src/main.o
 .rodata.image_data_calibri_36_0x54
                0x0041e1b8      0x7ce src/main.o
 *fill*         0x0041e986        0x2 
 .rodata.calibri_36_0x54
                0x0041e988       0x10 src/main.o
 .rodata.image_data_calibri_36_0x55
                0x0041e998      0x9f9 src/main.o
 *fill*         0x0041f391        0x3 
 .rodata.calibri_36_0x55
                0x0041f394       0x10 src/main.o
 .rodata.image_data_calibri_36_0x56
                0x0041f3a4      0x8ac src/main.o
 .rodata.calibri_36_0x56
                0x0041fc50       0x10 src/main.o
 .rodata.image_data_calibri_36_0x57
                0x0041fc60      0xde0 src/main.o
 .rodata.calibri_36_0x57
                0x00420a40       0x10 src/main.o
 .rodata.image_data_calibri_36_0x58
                0x00420a50      0x83d src/main.o
 *fill*         0x0042128d        0x3 
 .rodata.calibri_36_0x58
                0x00421290       0x10 src/main.o
 .rodata.image_data_calibri_36_0x59
                0x004212a0      0x7ce src/main.o
 *fill*         0x00421a6e        0x2 
 .rodata.calibri_36_0x59
                0x00421a70       0x10 src/main.o
 .rodata.image_data_calibri_36_0x5a
                0x00421a80      0x75f src/main.o
 *fill*         0x004221df        0x1 
 .rodata.calibri_36_0x5a
                0x004221e0       0x10 src/main.o
 .rodata.image_data_calibri_36_0x5b
                0x004221f0      0x4c5 src/main.o
 *fill*         0x004226b5        0x3 
 .rodata.calibri_36_0x5b
                0x004226b8       0x10 src/main.o
 .rodata.image_data_calibri_36_0x5c
                0x004226c8      0x612 src/main.o
 *fill*         0x00422cda        0x2 
 .rodata.calibri_36_0x5c
                0x00422cdc       0x10 src/main.o
 .rodata.image_data_calibri_36_0x5d
                0x00422cec      0x4c5 src/main.o
 *fill*         0x004231b1        0x3 
 .rodata.calibri_36_0x5d
                0x004231b4       0x10 src/main.o
 .rodata.image_data_calibri_36_0x5e
                0x004231c4      0x7ce src/main.o
 *fill*         0x00423992        0x2 
 .rodata.calibri_36_0x5e
                0x00423994       0x10 src/main.o
 .rodata.image_data_calibri_36_0x5f
                0x004239a4      0x7ce src/main.o
 *fill*         0x00424172        0x2 
 .rodata.calibri_36_0x5f
                0x00424174       0x10 src/main.o
 .rodata.image_data_calibri_36_0x60
                0x00424184      0x456 src/main.o
 *fill*         0x004245da        0x2 
 .rodata.calibri_36_0x60
                0x004245dc       0x10 src/main.o
 .rodata.image_data_calibri_36_0x61
                0x004245ec      0x75f src/main.o
 *fill*         0x00424d4b        0x1 
 .rodata.calibri_36_0x61
                0x00424d4c       0x10 src/main.o
 .rodata.image_data_calibri_36_0x62
                0x00424d5c      0x83d src/main.o
 *fill*         0x00425599        0x3 
 .rodata.calibri_36_0x62
                0x0042559c       0x10 src/main.o
 .rodata.image_data_calibri_36_0x63
                0x004255ac      0x681 src/main.o
 *fill*         0x00425c2d        0x3 
 .rodata.calibri_36_0x63
                0x00425c30       0x10 src/main.o
 .rodata.image_data_calibri_36_0x64
                0x00425c40      0x83d src/main.o
 *fill*         0x0042647d        0x3 
 .rodata.calibri_36_0x64
                0x00426480       0x10 src/main.o
 .rodata.image_data_calibri_36_0x65
                0x00426490      0x7ce src/main.o
 *fill*         0x00426c5e        0x2 
 .rodata.calibri_36_0x65
                0x00426c60       0x10 src/main.o
 .rodata.image_data_calibri_36_0x66
                0x00426c70      0x4c5 src/main.o
 *fill*         0x00427135        0x3 
 .rodata.calibri_36_0x66
                0x00427138       0x10 src/main.o
 .rodata.image_data_calibri_36_0x67
                0x00427148      0x75f src/main.o
 *fill*         0x004278a7        0x1 
 .rodata.calibri_36_0x67
                0x004278a8       0x10 src/main.o
 .rodata.image_data_calibri_36_0x68
                0x004278b8      0x83d src/main.o
 *fill*         0x004280f5        0x3 
 .rodata.calibri_36_0x68
                0x004280f8       0x10 src/main.o
 .rodata.image_data_calibri_36_0x69
                0x00428108      0x378 src/main.o
 .rodata.calibri_36_0x69
                0x00428480       0x10 src/main.o
 .rodata.image_data_calibri_36_0x6a
                0x00428490      0x3e7 src/main.o
 *fill*         0x00428877        0x1 
 .rodata.calibri_36_0x6a
                0x00428878       0x10 src/main.o
 .rodata.image_data_calibri_36_0x6b
                0x00428888      0x6f0 src/main.o
 .rodata.calibri_36_0x6b
                0x00428f78       0x10 src/main.o
 .rodata.image_data_calibri_36_0x6c
                0x00428f88      0x378 src/main.o
 .rodata.calibri_36_0x6c
                0x00429300       0x10 src/main.o
 .rodata.image_data_calibri_36_0x6d
                0x00429310      0xc93 src/main.o
 *fill*         0x00429fa3        0x1 
 .rodata.calibri_36_0x6d
                0x00429fa4       0x10 src/main.o
 .rodata.image_data_calibri_36_0x6e
                0x00429fb4      0x83d src/main.o
 *fill*         0x0042a7f1        0x3 
 .rodata.calibri_36_0x6e
                0x0042a7f4       0x10 src/main.o
 .rodata.image_data_calibri_36_0x6f
                0x0042a804      0x83d src/main.o
 *fill*         0x0042b041        0x3 
 .rodata.calibri_36_0x6f
                0x0042b044       0x10 src/main.o
 .rodata.image_data_calibri_36_0x70
                0x0042b054      0x83d src/main.o
 *fill*         0x0042b891        0x3 
 .rodata.calibri_36_0x70
                0x0042b894       0x10 src/main.o
 .rodata.image_data_calibri_36_0x71
                0x0042b8a4      0x83d src/main.o
 *fill*         0x0042c0e1        0x3 
 .rodata.calibri_36_0x71
                0x0042c0e4       0x10 src/main.o
 .rodata.image_data_calibri_36_0x72
                0x0042c0f4      0x5a3 src/main.o
 *fill*         0x0042c697        0x1 
 .rodata.calibri_36_0x72
                0x0042c698       0x10 src/main.o
 .rodata.image_data_calibri_36_0x73
                0x0042c6a8      0x612 src/main.o
 *fill*         0x0042ccba        0x2 
 .rodata.calibri_36_0x73
                0x0042ccbc       0x10 src/main.o
 .rodata.image_data_calibri_36_0x74
                0x0042cccc      0x534 src/main.o
 .rodata.calibri_36_0x74
                0x0042d200       0x10 src/main.o
 .rodata.image_data_calibri_36_0x75
                0x0042d210      0x83d src/main.o
 *fill*         0x0042da4d        0x3 
 .rodata.calibri_36_0x75
                0x0042da50       0x10 src/main.o
 .rodata.image_data_calibri_36_0x76
                0x0042da60      0x6f0 src/main.o
 .rodata.calibri_36_0x76
                0x0042e150       0x10 src/main.o
 .rodata.image_data_calibri_36_0x77
                0x0042e160      0xb46 src/main.o
 *fill*         0x0042eca6        0x2 
 .rodata.calibri_36_0x77
                0x0042eca8       0x10 src/main.o
 .rodata.image_data_calibri_36_0x78
                0x0042ecb8      0x6f0 src/main.o
 .rodata.calibri_36_0x78
                0x0042f3a8       0x10 src/main.o
 .rodata.image_data_calibri_36_0x79
                0x0042f3b8      0x6f0 src/main.o
 .rodata.calibri_36_0x79
                0x0042faa8       0x10 src/main.o
 .rodata.image_data_calibri_36_0x7a
                0x0042fab8      0x612 src/main.o
 *fill*         0x004300ca        0x2 
 .rodata.calibri_36_0x7a
                0x004300cc       0x10 src/main.o
 .rodata.image_data_calibri_36_0x7b
                0x004300dc      0x4c5 src/main.o
 *fill*         0x004305a1        0x3 
 .rodata.calibri_36_0x7b
                0x004305a4       0x10 src/main.o
 .rodata.image_data_calibri_36_0x7c
                0x004305b4      0x75f src/main.o
 *fill*         0x00430d13        0x1 
 .rodata.calibri_36_0x7c
                0x00430d14       0x10 src/main.o
 .rodata.image_data_calibri_36_0x7d
                0x00430d24      0x4c5 src/main.o
 *fill*         0x004311e9        0x3 
 .rodata.calibri_36_0x7d
                0x004311ec       0x10 src/main.o
 .rodata.image_data_calibri_36_0x7e
                0x004311fc      0x7ce src/main.o
 *fill*         0x004319ca        0x2 
 .rodata.calibri_36_0x7e
                0x004319cc       0x10 src/main.o
 .rodata.calibri_36_array
                0x004319dc      0x2f8 src/main.o
 .rodata.calibri_36
                0x00431cd4        0xc src/main.o
                0x00431cd4                calibri_36
 .rodata.image_data_arial_72_0x30
                0x00431ce0     0x2760 src/main.o
 .rodata.arial_72_0x30
                0x00434440       0x10 src/main.o
 .rodata.image_data_arial_72_0x31
                0x00434450     0x2760 src/main.o
 .rodata.arial_72_0x31
                0x00436bb0       0x10 src/main.o
 .rodata.image_data_arial_72_0x32
                0x00436bc0     0x2760 src/main.o
 .rodata.arial_72_0x32
                0x00439320       0x10 src/main.o
 .rodata.image_data_arial_72_0x33
                0x00439330     0x2760 src/main.o
 .rodata.arial_72_0x33
                0x0043ba90       0x10 src/main.o
 .rodata.image_data_arial_72_0x34
                0x0043baa0     0x2760 src/main.o
 .rodata.arial_72_0x34
                0x0043e200       0x10 src/main.o
 .rodata.image_data_arial_72_0x35
                0x0043e210     0x2760 src/main.o
 .rodata.arial_72_0x35
                0x00440970       0x10 src/main.o
 .rodata.image_data_arial_72_0x36
                0x00440980     0x2760 src/main.o
 .rodata.arial_72_0x36
                0x004430e0       0x10 src/main.o
 .rodata.image_data_arial_72_0x37
                0x004430f0     0x2760 src/main.o
 .rodata.arial_72_0x37
                0x00445850       0x10 src/main.o
 .rodata.image_data_arial_72_0x38
                0x00445860     0x2760 src/main.o
 .rodata.arial_72_0x38
                0x00447fc0       0x10 src/main.o
 .rodata.image_data_arial_72_0x39
                0x00447fd0     0x2760 src/main.o
 .rodata.arial_72_0x39
                0x0044a730       0x10 src/main.o
 .rodata.arial_72_array
                0x0044a740       0x50 src/main.o
 .rodata.arial_72
                0x0044a790        0xc src/main.o
                0x0044a790                arial_72
 .rodata        0x0044a79c       0x1f src/main.o
 *fill*         0x0044a7bb        0x1 
 .rodata._global_impure_ptr
                0x0044a7bc        0x4 c:/program files (x86)/atmel/studio/7.0/toolchain/arm/arm-gnu-toolchain/bin/../lib/gcc/arm-none-eabi/6.3.1/../../../../arm-none-eabi/lib/thumb/v7e-m\libc.a(lib_a-impure.o)
                0x0044a7bc                _global_impure_ptr
 *(.ARM.extab* .gnu.linkonce.armextab.*)
                0x0044a7c0                . = ALIGN (0x4)
 *(.init)
 .init          0x0044a7c0        0x4 c:/program files (x86)/atmel/studio/7.0/toolchain/arm/arm-gnu-toolchain/bin/../lib/gcc/arm-none-eabi/6.3.1/thumb/v7e-m/crti.o
                0x0044a7c0                _init
 .init          0x0044a7c4        0x8 c:/program files (x86)/atmel/studio/7.0/toolchain/arm/arm-gnu-toolchain/bin/../lib/gcc/arm-none-eabi/6.3.1/thumb/v7e-m/crtn.o
                0x0044a7cc                . = ALIGN (0x4)
                0x0044a7cc                __preinit_array_start = .
 *(.preinit_array)
                0x0044a7cc                __preinit_array_end = .
                0x0044a7cc                . = ALIGN (0x4)
                0x0044a7cc                __init_array_start = .
 *(SORT(.init_array.*))
 .init_array.00000
                0x0044a7cc        0x4 c:/program files (x86)/atmel/studio/7.0/toolchain/arm/arm-gnu-toolchain/bin/../lib/gcc/arm-none-eabi/6.3.1/../../../../arm-none-eabi/lib/thumb/v7e-m\libc.a(lib_a-__call_atexit.o)
 *(.init_array)
 .init_array    0x0044a7d0        0x4 c:/program files (x86)/atmel/studio/7.0/toolchain/arm/arm-gnu-toolchain/bin/../lib/gcc/arm-none-eabi/6.3.1/thumb/v7e-m/crtbegin.o
                0x0044a7d4                __init_array_end = .
                0x0044a7d4                . = ALIGN (0x4)
 *crtbegin.o(.ctors)
 *(EXCLUDE_FILE(*crtend.o) .ctors)
 *(SORT(.ctors.*))
 *crtend.o(.ctors)
                0x0044a7d4                . = ALIGN (0x4)
 *(.fini)
 .fini          0x0044a7d4        0x4 c:/program files (x86)/atmel/studio/7.0/toolchain/arm/arm-gnu-toolchain/bin/../lib/gcc/arm-none-eabi/6.3.1/thumb/v7e-m/crti.o
                0x0044a7d4                _fini
 .fini          0x0044a7d8        0x8 c:/program files (x86)/atmel/studio/7.0/toolchain/arm/arm-gnu-toolchain/bin/../lib/gcc/arm-none-eabi/6.3.1/thumb/v7e-m/crtn.o
                0x0044a7e0                . = ALIGN (0x4)
                0x0044a7e0                __fini_array_start = .
 *(.fini_array)
 .fini_array    0x0044a7e0        0x4 c:/program files (x86)/atmel/studio/7.0/toolchain/arm/arm-gnu-toolchain/bin/../lib/gcc/arm-none-eabi/6.3.1/thumb/v7e-m/crtbegin.o
 *(SORT(.fini_array.*))
                0x0044a7e4                __fini_array_end = .
 *crtbegin.o(.dtors)
 *(EXCLUDE_FILE(*crtend.o) .dtors)
 *(SORT(.dtors.*))
 *crtend.o(.dtors)
                0x0044a7e4                . = ALIGN (0x4)
                0x0044a7e4                _efixed = .
                [!provide]                PROVIDE (__exidx_start, .)

.vfp11_veneer   0x0044a7e4        0x0
 .vfp11_veneer  0x0044a7e4        0x0 linker stubs

.v4_bx          0x0044a7e4        0x0
 .v4_bx         0x0044a7e4        0x0 linker stubs

.iplt           0x0044a7e4        0x0
 .iplt          0x0044a7e4        0x0 c:/program files (x86)/atmel/studio/7.0/toolchain/arm/arm-gnu-toolchain/bin/../lib/gcc/arm-none-eabi/6.3.1/thumb/v7e-m/crtbegin.o

.ARM.exidx      0x0044a7e4        0x8
 *(.ARM.exidx* .gnu.linkonce.armexidx.*)
 .ARM.exidx     0x0044a7e4        0x8 c:/program files (x86)/atmel/studio/7.0/toolchain/arm/arm-gnu-toolchain/bin/../lib/gcc/arm-none-eabi/6.3.1/thumb/v7e-m\libgcc.a(_udivmoddi4.o)
                [!provide]                PROVIDE (__exidx_end, .)

.eh_frame       0x0044a7ec        0x0
 .eh_frame      0x0044a7ec        0x0 c:/program files (x86)/atmel/studio/7.0/toolchain/arm/arm-gnu-toolchain/bin/../lib/gcc/arm-none-eabi/6.3.1/thumb/v7e-m/crtbegin.o

.rel.dyn        0x0044a7ec        0x0
 .rel.iplt      0x0044a7ec        0x0 c:/program files (x86)/atmel/studio/7.0/toolchain/arm/arm-gnu-toolchain/bin/../lib/gcc/arm-none-eabi/6.3.1/thumb/v7e-m/crtbegin.o

.jcr            0x0044a7ec        0x0
 .jcr           0x0044a7ec        0x0 c:/program files (x86)/atmel/studio/7.0/toolchain/arm/arm-gnu-toolchain/bin/../lib/gcc/arm-none-eabi/6.3.1/thumb/v7e-m/crtbegin.o

.igot.plt       0x0044a7ec        0x0
 .igot.plt      0x0044a7ec        0x0 c:/program files (x86)/atmel/studio/7.0/toolchain/arm/arm-gnu-toolchain/bin/../lib/gcc/arm-none-eabi/6.3.1/thumb/v7e-m/crtbegin.o
                0x0044a7ec                . = ALIGN (0x4)
                0x0044a7ec                _etext = .

.relocate       0x20400000      0x43c load address 0x0044a7ec
                0x20400000                . = ALIGN (0x4)
                0x20400000                _srelocate = .
 *(.ramfunc .ramfunc.*)
 .ramfunc       0x20400000        0xa src/ASF/common/services/delay/sam/cycle_counter.o
                0x20400000                portable_delay_cycles
 *(.data .data.*)
 .data.g_interrupt_enabled
                0x2040000a        0x1 src/ASF/common/utils/interrupt/interrupt_sam_nvic.o
                0x2040000a                g_interrupt_enabled
 *fill*         0x2040000b        0x1 
 .data.SystemCoreClock
                0x2040000c        0x4 src/ASF/sam/utils/cmsis/same70/source/templates/system_same70.o
                0x2040000c                SystemCoreClock
 .data.impure_data
                0x20400010      0x428 c:/program files (x86)/atmel/studio/7.0/toolchain/arm/arm-gnu-toolchain/bin/../lib/gcc/arm-none-eabi/6.3.1/../../../../arm-none-eabi/lib/thumb/v7e-m\libc.a(lib_a-impure.o)
 .data.__atexit_recursive_mutex
                0x20400438        0x4 c:/program files (x86)/atmel/studio/7.0/toolchain/arm/arm-gnu-toolchain/bin/../lib/gcc/arm-none-eabi/6.3.1/../../../../arm-none-eabi/lib/thumb/v7e-m\libc.a(lib_a-__call_atexit.o)
                0x20400438                __atexit_recursive_mutex
                0x2040043c                . = ALIGN (0x4)
                0x2040043c                _erelocate = .

.bss            0x2040043c      0x480 load address 0x0044ac28
                0x2040043c                . = ALIGN (0x4)
                0x2040043c                _sbss = .
                0x2040043c                _szero = .
 *(.bss .bss.*)
 .bss           0x2040043c       0x1c c:/program files (x86)/atmel/studio/7.0/toolchain/arm/arm-gnu-toolchain/bin/../lib/gcc/arm-none-eabi/6.3.1/thumb/v7e-m/crtbegin.o
 .bss.g_ul_pixel_cache
                0x20400458      0x3c0 src/ASF/sam/components/display/ili9488/ili9488.o
 .bss.gs_interrupt_sources
                0x20400818       0x70 src/ASF/sam/drivers/pio/pio_handler.o
 *(COMMON)
 COMMON         0x20400888       0x10 src/main.o
                0x20400888                g_ili9488_display_opt
 COMMON         0x20400898       0x21 c:/program files (x86)/atmel/studio/7.0/toolchain/arm/arm-gnu-toolchain/bin/../lib/gcc/arm-none-eabi/6.3.1/../../../../arm-none-eabi/lib/thumb/v7e-m\libc.a(lib_a-lock.o)
                0x20400898                __lock___atexit_recursive_mutex
                0x2040089c                __lock___arc4random_mutex
                0x204008a0                __lock___env_recursive_mutex
                0x204008a4                __lock___sinit_recursive_mutex
                0x204008a8                __lock___malloc_recursive_mutex
                0x204008ac                __lock___at_quick_exit_mutex
                0x204008b0                __lock___dd_hash_mutex
                0x204008b4                __lock___tz_mutex
                0x204008b8                __lock___sfp_recursive_mutex
                0x204008bc                . = ALIGN (0x4)
 *fill*         0x204008b9        0x3 
                0x204008bc                _ebss = .
                0x204008bc                _ezero = .

.stack          0x204008bc     0x2004 load address 0x0044b0a8
                0x204008c0                . = ALIGN (0x8)
 *fill*         0x204008bc        0x4 
                0x204008c0                _sstack = .
                0x204028c0                . = (. + STACK_SIZE)
 *fill*         0x204008c0     0x2000 
                0x204028c0                . = ALIGN (0x8)
                0x204028c0                _estack = .

.heap           0x204028c0      0x200 load address 0x0044d0ac
                0x204028c0                . = ALIGN (0x8)
                0x204028c0                _sheap = .
                0x20402ac0                . = (. + HEAP_SIZE)
 *fill*         0x204028c0      0x200 
                0x20402ac0                . = ALIGN (0x8)
                0x20402ac0                _eheap = .
                0x20402ac0                . = ALIGN (0x4)
                0x20402ac0                _end = .
                0x2045ffff                _ram_end_ = ((ORIGIN (ram) + LENGTH (ram)) - 0x1)
OUTPUT(SAME70_FONTS.elf elf32-littlearm)

.ARM.attributes
                0x00000000       0x2e
 .ARM.attributes
                0x00000000       0x1e c:/program files (x86)/atmel/studio/7.0/toolchain/arm/arm-gnu-toolchain/bin/../lib/gcc/arm-none-eabi/6.3.1/thumb/v7e-m/crti.o
 .ARM.attributes
                0x0000001e       0x2e c:/program files (x86)/atmel/studio/7.0/toolchain/arm/arm-gnu-toolchain/bin/../lib/gcc/arm-none-eabi/6.3.1/thumb/v7e-m/crtbegin.o
 .ARM.attributes
                0x0000004c       0x37 src/main.o
 .ARM.attributes
                0x00000083       0x37 src/ASF/common/services/delay/sam/cycle_counter.o
 .ARM.attributes
                0x000000ba       0x37 src/ASF/common/services/spi/sam_spi/spi_master.o
 .ARM.attributes
                0x000000f1       0x37 src/ASF/sam/components/display/ili9488/ili9488.o
 .ARM.attributes
                0x00000128       0x37 src/ASF/sam/drivers/spi/spi.o
 .ARM.attributes
                0x0000015f       0x37 src/ASF/common/services/clock/same70/sysclk.o
 .ARM.attributes
                0x00000196       0x37 src/ASF/common/utils/interrupt/interrupt_sam_nvic.o
 .ARM.attributes
                0x000001cd       0x37 src/ASF/sam/boards/same70_xplained/init.o
 .ARM.attributes
                0x00000204       0x37 src/ASF/sam/drivers/pio/pio.o
 .ARM.attributes
                0x0000023b       0x37 src/ASF/sam/drivers/pio/pio_handler.o
 .ARM.attributes
                0x00000272       0x37 src/ASF/sam/drivers/pmc/pmc.o
 .ARM.attributes
                0x000002a9       0x37 src/ASF/sam/utils/cmsis/same70/source/templates/gcc/startup_same70.o
 .ARM.attributes
                0x000002e0       0x37 src/ASF/sam/utils/cmsis/same70/source/templates/system_same70.o
 .ARM.attributes
                0x00000317       0x1e c:/program files (x86)/atmel/studio/7.0/toolchain/arm/arm-gnu-toolchain/bin/../lib/gcc/arm-none-eabi/6.3.1/thumb/v7e-m\libgcc.a(_aeabi_uldivmod.o)
 .ARM.attributes
                0x00000335       0x2e c:/program files (x86)/atmel/studio/7.0/toolchain/arm/arm-gnu-toolchain/bin/../lib/gcc/arm-none-eabi/6.3.1/thumb/v7e-m\libgcc.a(_udivmoddi4.o)
 .ARM.attributes
                0x00000363       0x1e c:/program files (x86)/atmel/studio/7.0/toolchain/arm/arm-gnu-toolchain/bin/../lib/gcc/arm-none-eabi/6.3.1/thumb/v7e-m\libgcc.a(_dvmd_tls.o)
 .ARM.attributes
                0x00000381       0x2e c:/program files (x86)/atmel/studio/7.0/toolchain/arm/arm-gnu-toolchain/bin/../lib/gcc/arm-none-eabi/6.3.1/../../../../arm-none-eabi/lib/thumb/v7e-m\libc.a(lib_a-impure.o)
 .ARM.attributes
                0x000003af       0x2e c:/program files (x86)/atmel/studio/7.0/toolchain/arm/arm-gnu-toolchain/bin/../lib/gcc/arm-none-eabi/6.3.1/../../../../arm-none-eabi/lib/thumb/v7e-m\libc.a(lib_a-init.o)
 .ARM.attributes
                0x000003dd       0x2e c:/program files (x86)/atmel/studio/7.0/toolchain/arm/arm-gnu-toolchain/bin/../lib/gcc/arm-none-eabi/6.3.1/../../../../arm-none-eabi/lib/thumb/v7e-m\libc.a(lib_a-__call_atexit.o)
 .ARM.attributes
                0x0000040b       0x2e c:/program files (x86)/atmel/studio/7.0/toolchain/arm/arm-gnu-toolchain/bin/../lib/gcc/arm-none-eabi/6.3.1/../../../../arm-none-eabi/lib/thumb/v7e-m\libc.a(lib_a-atexit.o)
 .ARM.attributes
                0x00000439       0x2e c:/program files (x86)/atmel/studio/7.0/toolchain/arm/arm-gnu-toolchain/bin/../lib/gcc/arm-none-eabi/6.3.1/../../../../arm-none-eabi/lib/thumb/v7e-m\libc.a(lib_a-fini.o)
 .ARM.attributes
                0x00000467       0x2e c:/program files (x86)/atmel/studio/7.0/toolchain/arm/arm-gnu-toolchain/bin/../lib/gcc/arm-none-eabi/6.3.1/../../../../arm-none-eabi/lib/thumb/v7e-m\libc.a(lib_a-lock.o)
 .ARM.attributes
                0x00000495       0x2e c:/program files (x86)/atmel/studio/7.0/toolchain/arm/arm-gnu-toolchain/bin/../lib/gcc/arm-none-eabi/6.3.1/../../../../arm-none-eabi/lib/thumb/v7e-m\libc.a(lib_a-__atexit.o)
 .ARM.attributes
                0x000004c3       0x1e c:/program files (x86)/atmel/studio/7.0/toolchain/arm/arm-gnu-toolchain/bin/../lib/gcc/arm-none-eabi/6.3.1/thumb/v7e-m/crtn.o

.comment        0x00000000       0x59
 .comment       0x00000000       0x59 src/main.o
                                 0x5a (size before relaxing)
 .comment       0x00000059       0x5a src/ASF/common/services/delay/sam/cycle_counter.o
 .comment       0x00000059       0x5a src/ASF/common/services/spi/sam_spi/spi_master.o
 .comment       0x00000059       0x5a src/ASF/sam/components/display/ili9488/ili9488.o
 .comment       0x00000059       0x5a src/ASF/sam/drivers/spi/spi.o
 .comment       0x00000059       0x5a src/ASF/common/services/clock/same70/sysclk.o
 .comment       0x00000059       0x5a src/ASF/common/utils/interrupt/interrupt_sam_nvic.o
 .comment       0x00000059       0x5a src/ASF/sam/boards/same70_xplained/init.o
 .comment       0x00000059       0x5a src/ASF/sam/drivers/pio/pio.o
 .comment       0x00000059       0x5a src/ASF/sam/drivers/pio/pio_handler.o
 .comment       0x00000059       0x5a src/ASF/sam/drivers/pmc/pmc.o
 .comment       0x00000059       0x5a src/ASF/sam/utils/cmsis/same70/source/templates/gcc/startup_same70.o
 .comment       0x00000059       0x5a src/ASF/sam/utils/cmsis/same70/source/templates/system_same70.o

.debug_info     0x00000000    0x1277b
 .debug_info    0x00000000     0x295b src/main.o
 .debug_info    0x0000295b      0xa45 src/ASF/common/services/delay/sam/cycle_counter.o
 .debug_info    0x000033a0     0x143e src/ASF/common/services/spi/sam_spi/spi_master.o
 .debug_info    0x000047de     0x208c src/ASF/sam/components/display/ili9488/ili9488.o
 .debug_info    0x0000686a     0x1123 src/ASF/sam/drivers/spi/spi.o
 .debug_info    0x0000798d     0x1311 src/ASF/common/services/clock/same70/sysclk.o
 .debug_info    0x00008c9e      0xb06 src/ASF/common/utils/interrupt/interrupt_sam_nvic.o
 .debug_info    0x000097a4     0x1dad src/ASF/sam/boards/same70_xplained/init.o
 .debug_info    0x0000b551     0x1ce3 src/ASF/sam/drivers/pio/pio.o
 .debug_info    0x0000d234     0x1a74 src/ASF/sam/drivers/pio/pio_handler.o
 .debug_info    0x0000eca8     0x1eed src/ASF/sam/drivers/pmc/pmc.o
 .debug_info    0x00010b95     0x1612 src/ASF/sam/utils/cmsis/same70/source/templates/gcc/startup_same70.o
 .debug_info    0x000121a7      0x5d4 src/ASF/sam/utils/cmsis/same70/source/templates/system_same70.o

.debug_abbrev   0x00000000     0x2202
 .debug_abbrev  0x00000000      0x2d2 src/main.o
 .debug_abbrev  0x000002d2      0x1b3 src/ASF/common/services/delay/sam/cycle_counter.o
 .debug_abbrev  0x00000485      0x305 src/ASF/common/services/spi/sam_spi/spi_master.o
 .debug_abbrev  0x0000078a      0x2f4 src/ASF/sam/components/display/ili9488/ili9488.o
 .debug_abbrev  0x00000a7e      0x2cf src/ASF/sam/drivers/spi/spi.o
 .debug_abbrev  0x00000d4d      0x296 src/ASF/common/services/clock/same70/sysclk.o
 .debug_abbrev  0x00000fe3      0x214 src/ASF/common/utils/interrupt/interrupt_sam_nvic.o
 .debug_abbrev  0x000011f7      0x3f4 src/ASF/sam/boards/same70_xplained/init.o
 .debug_abbrev  0x000015eb      0x296 src/ASF/sam/drivers/pio/pio.o
 .debug_abbrev  0x00001881      0x2c9 src/ASF/sam/drivers/pio/pio_handler.o
 .debug_abbrev  0x00001b4a      0x2ce src/ASF/sam/drivers/pmc/pmc.o
 .debug_abbrev  0x00001e18      0x2e8 src/ASF/sam/utils/cmsis/same70/source/templates/gcc/startup_same70.o
 .debug_abbrev  0x00002100      0x102 src/ASF/sam/utils/cmsis/same70/source/templates/system_same70.o

.debug_loc      0x00000000     0x53e4
 .debug_loc     0x00000000      0x194 src/main.o
 .debug_loc     0x00000194      0x830 src/ASF/common/services/spi/sam_spi/spi_master.o
 .debug_loc     0x000009c4      0xd20 src/ASF/sam/components/display/ili9488/ili9488.o
 .debug_loc     0x000016e4      0x630 src/ASF/sam/drivers/spi/spi.o
 .debug_loc     0x00001d14      0x4a0 src/ASF/common/services/clock/same70/sysclk.o
 .debug_loc     0x000021b4       0xa0 src/ASF/common/utils/interrupt/interrupt_sam_nvic.o
 .debug_loc     0x00002254      0x2fc src/ASF/sam/boards/same70_xplained/init.o
 .debug_loc     0x00002550     0x1174 src/ASF/sam/drivers/pio/pio.o
 .debug_loc     0x000036c4      0x38c src/ASF/sam/drivers/pio/pio_handler.o
 .debug_loc     0x00003a50     0x1744 src/ASF/sam/drivers/pmc/pmc.o
 .debug_loc     0x00005194      0x16c src/ASF/sam/utils/cmsis/same70/source/templates/gcc/startup_same70.o
 .debug_loc     0x00005300       0xe4 src/ASF/sam/utils/cmsis/same70/source/templates/system_same70.o

.debug_aranges  0x00000000      0x970
 .debug_aranges
                0x00000000       0x50 src/main.o
 .debug_aranges
                0x00000050       0x20 src/ASF/common/services/delay/sam/cycle_counter.o
 .debug_aranges
                0x00000070       0xe0 src/ASF/common/services/spi/sam_spi/spi_master.o
 .debug_aranges
                0x00000150      0x168 src/ASF/sam/components/display/ili9488/ili9488.o
 .debug_aranges
                0x000002b8       0xa8 src/ASF/sam/drivers/spi/spi.o
 .debug_aranges
                0x00000360       0x98 src/ASF/common/services/clock/same70/sysclk.o
 .debug_aranges
                0x000003f8       0x28 src/ASF/common/utils/interrupt/interrupt_sam_nvic.o
 .debug_aranges
                0x00000420       0x68 src/ASF/sam/boards/same70_xplained/init.o
 .debug_aranges
                0x00000488      0x1a8 src/ASF/sam/drivers/pio/pio.o
 .debug_aranges
                0x00000630       0x80 src/ASF/sam/drivers/pio/pio_handler.o
 .debug_aranges
                0x000006b0      0x250 src/ASF/sam/drivers/pmc/pmc.o
 .debug_aranges
                0x00000900       0x40 src/ASF/sam/utils/cmsis/same70/source/templates/gcc/startup_same70.o
 .debug_aranges
                0x00000940       0x30 src/ASF/sam/utils/cmsis/same70/source/templates/system_same70.o

.debug_ranges   0x00000000      0x918
 .debug_ranges  0x00000000       0x40 src/main.o
 .debug_ranges  0x00000040       0x10 src/ASF/common/services/delay/sam/cycle_counter.o
 .debug_ranges  0x00000050       0xd0 src/ASF/common/services/spi/sam_spi/spi_master.o
 .debug_ranges  0x00000120      0x158 src/ASF/sam/components/display/ili9488/ili9488.o
 .debug_ranges  0x00000278       0x98 src/ASF/sam/drivers/spi/spi.o
 .debug_ranges  0x00000310       0x88 src/ASF/common/services/clock/same70/sysclk.o
 .debug_ranges  0x00000398       0x18 src/ASF/common/utils/interrupt/interrupt_sam_nvic.o
 .debug_ranges  0x000003b0       0xd0 src/ASF/sam/boards/same70_xplained/init.o
 .debug_ranges  0x00000480      0x198 src/ASF/sam/drivers/pio/pio.o
 .debug_ranges  0x00000618       0x70 src/ASF/sam/drivers/pio/pio_handler.o
 .debug_ranges  0x00000688      0x240 src/ASF/sam/drivers/pmc/pmc.o
 .debug_ranges  0x000008c8       0x30 src/ASF/sam/utils/cmsis/same70/source/templates/gcc/startup_same70.o
 .debug_ranges  0x000008f8       0x20 src/ASF/sam/utils/cmsis/same70/source/templates/system_same70.o

.debug_macro    0x00000000    0x1f7a7
 .debug_macro   0x00000000      0x7fa src/main.o
 .debug_macro   0x000007fa      0x8d4 src/main.o
 .debug_macro   0x000010ce      0x16d src/main.o
 .debug_macro   0x0000123b      0x6d7 src/main.o
 .debug_macro   0x00001912       0x76 src/main.o
 .debug_macro   0x00001988       0x16 src/main.o
 .debug_macro   0x0000199e      0x6da src/main.o
 .debug_macro   0x00002078       0x22 src/main.o
 .debug_macro   0x0000209a       0x87 src/main.o
 .debug_macro   0x00002121       0x51 src/main.o
 .debug_macro   0x00002172       0xef src/main.o
 .debug_macro   0x00002261       0x6a src/main.o
 .debug_macro   0x000022cb      0x1df src/main.o
 .debug_macro   0x000024aa       0x51 src/main.o
 .debug_macro   0x000024fb       0x3b src/main.o
 .debug_macro   0x00002536       0x2d src/main.o
 .debug_macro   0x00002563       0x26 src/main.o
 .debug_macro   0x00002589      0xf9a src/main.o
 .debug_macro   0x00003523      0x191 src/main.o
 .debug_macro   0x000036b4      0x2ee src/main.o
 .debug_macro   0x000039a2      0xa23 src/main.o
 .debug_macro   0x000043c5      0x1b4 src/main.o
 .debug_macro   0x00004579      0x35f src/main.o
 .debug_macro   0x000048d8      0x15a src/main.o
 .debug_macro   0x00004a32     0x18b3 src/main.o
 .debug_macro   0x000062e5       0x1c src/main.o
 .debug_macro   0x00006301      0x6a2 src/main.o
 .debug_macro   0x000069a3      0x27f src/main.o
 .debug_macro   0x00006c22      0x3ba src/main.o
 .debug_macro   0x00006fdc      0x4f0 src/main.o
 .debug_macro   0x000074cc      0x5cb src/main.o
 .debug_macro   0x00007a97     0x1527 src/main.o
 .debug_macro   0x00008fbe     0x2a40 src/main.o
 .debug_macro   0x0000b9fe     0x113e src/main.o
 .debug_macro   0x0000cb3c      0xcdb src/main.o
 .debug_macro   0x0000d817      0x3c6 src/main.o
 .debug_macro   0x0000dbdd       0xa0 src/main.o
 .debug_macro   0x0000dc7d       0x76 src/main.o
 .debug_macro   0x0000dcf3      0x442 src/main.o
 .debug_macro   0x0000e135       0x64 src/main.o
 .debug_macro   0x0000e199      0x299 src/main.o
 .debug_macro   0x0000e432      0x201 src/main.o
 .debug_macro   0x0000e633      0x280 src/main.o
 .debug_macro   0x0000e8b3      0x539 src/main.o
 .debug_macro   0x0000edec      0x64f src/main.o
 .debug_macro   0x0000f43b      0x6cc src/main.o
 .debug_macro   0x0000fb07       0x64 src/main.o
 .debug_macro   0x0000fb6b      0x4c4 src/main.o
 .debug_macro   0x0001002f      0x237 src/main.o
 .debug_macro   0x00010266      0xa06 src/main.o
 .debug_macro   0x00010c6c     0x14ec src/main.o
 .debug_macro   0x00012158       0x40 src/main.o
 .debug_macro   0x00012198       0x76 src/main.o
 .debug_macro   0x0001220e      0xdd1 src/main.o
 .debug_macro   0x00012fdf       0x88 src/main.o
 .debug_macro   0x00013067       0x7c src/main.o
 .debug_macro   0x000130e3       0x52 src/main.o
 .debug_macro   0x00013135      0x133 src/main.o
 .debug_macro   0x00013268      0x133 src/main.o
 .debug_macro   0x0001339b      0x133 src/main.o
 .debug_macro   0x000134ce       0x76 src/main.o
 .debug_macro   0x00013544       0x76 src/main.o
 .debug_macro   0x000135ba      0x2fe src/main.o
 .debug_macro   0x000138b8       0xca src/main.o
 .debug_macro   0x00013982       0xca src/main.o
 .debug_macro   0x00013a4c       0xca src/main.o
 .debug_macro   0x00013b16      0x13b src/main.o
 .debug_macro   0x00013c51      0x13b src/main.o
 .debug_macro   0x00013d8c      0x2cd src/main.o
 .debug_macro   0x00014059       0xbe src/main.o
 .debug_macro   0x00014117       0x64 src/main.o
 .debug_macro   0x0001417b       0x46 src/main.o
 .debug_macro   0x000141c1       0x64 src/main.o
 .debug_macro   0x00014225       0xa6 src/main.o
 .debug_macro   0x000142cb      0x4b7 src/main.o
 .debug_macro   0x00014782      0x133 src/main.o
 .debug_macro   0x000148b5       0x52 src/main.o
 .debug_macro   0x00014907      0x2fe src/main.o
 .debug_macro   0x00014c05       0x76 src/main.o
 .debug_macro   0x00014c7b       0xbe src/main.o
 .debug_macro   0x00014d39       0x70 src/main.o
 .debug_macro   0x00014da9       0x34 src/main.o
 .debug_macro   0x00014ddd      0x9b8 src/main.o
 .debug_macro   0x00015795       0x70 src/main.o
 .debug_macro   0x00015805       0x8e src/main.o
 .debug_macro   0x00015893       0x5e src/main.o
 .debug_macro   0x000158f1       0xfa src/main.o
 .debug_macro   0x000159eb       0x4c src/main.o
 .debug_macro   0x00015a37       0x4c src/main.o
 .debug_macro   0x00015a83       0x16 src/main.o
 .debug_macro   0x00015a99       0xfa src/main.o
 .debug_macro   0x00015b93       0x52 src/main.o
 .debug_macro   0x00015be5       0x16 src/main.o
 .debug_macro   0x00015bfb       0x52 src/main.o
 .debug_macro   0x00015c4d       0x2e src/main.o
 .debug_macro   0x00015c7b      0x1b3 src/main.o
 .debug_macro   0x00015e2e      0x1b3 src/main.o
 .debug_macro   0x00015fe1      0x1b3 src/main.o
 .debug_macro   0x00016194      0x1b3 src/main.o
 .debug_macro   0x00016347      0x1b3 src/main.o
 .debug_macro   0x000164fa       0x1c src/main.o
 .debug_macro   0x00016516       0x34 src/main.o
 .debug_macro   0x0001654a       0x22 src/main.o
 .debug_macro   0x0001656c       0x1c src/main.o
 .debug_macro   0x00016588       0x5e src/main.o
 .debug_macro   0x000165e6       0x10 src/main.o
 .debug_macro   0x000165f6       0x1c src/main.o
 .debug_macro   0x00016612       0x52 src/main.o
 .debug_macro   0x00016664       0x52 src/main.o
 .debug_macro   0x000166b6       0x52 src/main.o
 .debug_macro   0x00016708      0x33e src/main.o
 .debug_macro   0x00016a46     0x10ab src/main.o
 .debug_macro   0x00017af1      0x107 src/main.o
 .debug_macro   0x00017bf8       0x58 src/main.o
 .debug_macro   0x00017c50       0x35 src/main.o
 .debug_macro   0x00017c85       0x9c src/main.o
 .debug_macro   0x00017d21       0x16 src/main.o
 .debug_macro   0x00017d37       0x35 src/main.o
 .debug_macro   0x00017d6c      0x353 src/main.o
 .debug_macro   0x000180bf       0x10 src/main.o
 .debug_macro   0x000180cf       0x58 src/main.o
 .debug_macro   0x00018127       0x1f src/main.o
 .debug_macro   0x00018146       0x43 src/main.o
 .debug_macro   0x00018189       0x20 src/main.o
 .debug_macro   0x000181a9      0x187 src/main.o
 .debug_macro   0x00018330       0x10 src/main.o
 .debug_macro   0x00018340       0x1c src/main.o
 .debug_macro   0x0001835c       0x52 src/main.o
 .debug_macro   0x000183ae       0x40 src/main.o
 .debug_macro   0x000183ee       0x10 src/main.o
 .debug_macro   0x000183fe       0x40 src/main.o
 .debug_macro   0x0001843e       0xd7 src/main.o
 .debug_macro   0x00018515       0x16 src/main.o
 .debug_macro   0x0001852b      0x18b src/main.o
 .debug_macro   0x000186b6       0x22 src/main.o
 .debug_macro   0x000186d8       0x16 src/main.o
 .debug_macro   0x000186ee       0x16 src/main.o
 .debug_macro   0x00018704       0x29 src/main.o
 .debug_macro   0x0001872d       0x73 src/main.o
 .debug_macro   0x000187a0       0x3e src/main.o
 .debug_macro   0x000187de      0x3ca src/main.o
 .debug_macro   0x00018ba8       0x3a src/main.o
 .debug_macro   0x00018be2      0x2c3 src/main.o
 .debug_macro   0x00018ea5      0xa91 src/main.o
 .debug_macro   0x00019936       0x70 src/main.o
 .debug_macro   0x000199a6       0x64 src/main.o
 .debug_macro   0x00019a0a       0x5f src/main.o
 .debug_macro   0x00019a69       0xac src/main.o
 .debug_macro   0x00019b15       0x28 src/main.o
 .debug_macro   0x00019b3d       0x22 src/main.o
 .debug_macro   0x00019b5f       0x16 src/main.o
 .debug_macro   0x00019b75      0x41e src/main.o
 .debug_macro   0x00019f93       0x94 src/main.o
 .debug_macro   0x0001a027       0x40 src/main.o
 .debug_macro   0x0001a067       0x88 src/main.o
 .debug_macro   0x0001a0ef      0x1c8 src/main.o
 .debug_macro   0x0001a2b7       0x34 src/main.o
 .debug_macro   0x0001a2eb       0x16 src/main.o
 .debug_macro   0x0001a301       0x1c src/main.o
 .debug_macro   0x0001a31d       0x16 src/main.o
 .debug_macro   0x0001a333       0x28 src/main.o
 .debug_macro   0x0001a35b       0x2e src/main.o
 .debug_macro   0x0001a389      0x686 src/ASF/common/services/delay/sam/cycle_counter.o
 .debug_macro   0x0001aa0f       0x22 src/ASF/common/services/delay/sam/cycle_counter.o
 .debug_macro   0x0001aa31      0x733 src/ASF/common/services/spi/sam_spi/spi_master.o
 .debug_macro   0x0001b164      0x772 src/ASF/sam/components/display/ili9488/ili9488.o
 .debug_macro   0x0001b8d6       0x16 src/ASF/sam/components/display/ili9488/ili9488.o
 .debug_macro   0x0001b8ec       0x16 src/ASF/sam/components/display/ili9488/ili9488.o
 .debug_macro   0x0001b902      0x6fb src/ASF/sam/drivers/spi/spi.o
 .debug_macro   0x0001bffd       0x10 src/ASF/sam/drivers/spi/spi.o
 .debug_macro   0x0001c00d      0x6f2 src/ASF/common/services/clock/same70/sysclk.o
 .debug_macro   0x0001c6ff      0x2bd src/ASF/common/services/clock/same70/sysclk.o
 .debug_macro   0x0001c9bc      0x676 src/ASF/common/utils/interrupt/interrupt_sam_nvic.o
 .debug_macro   0x0001d032      0x72e src/ASF/sam/boards/same70_xplained/init.o
 .debug_macro   0x0001d760       0x16 src/ASF/sam/boards/same70_xplained/init.o
 .debug_macro   0x0001d776       0x82 src/ASF/sam/boards/same70_xplained/init.o
 .debug_macro   0x0001d7f8      0x68c src/ASF/sam/drivers/pio/pio.o
 .debug_macro   0x0001de84       0x8e src/ASF/sam/drivers/pio/pio.o
 .debug_macro   0x0001df12      0x697 src/ASF/sam/drivers/pio/pio_handler.o
 .debug_macro   0x0001e5a9      0x68c src/ASF/sam/drivers/pmc/pmc.o
 .debug_macro   0x0001ec35       0x6a src/ASF/sam/drivers/pmc/pmc.o
 .debug_macro   0x0001ec9f      0x685 src/ASF/sam/utils/cmsis/same70/source/templates/gcc/startup_same70.o
 .debug_macro   0x0001f324       0x10 src/ASF/sam/utils/cmsis/same70/source/templates/gcc/startup_same70.o
 .debug_macro   0x0001f334      0x473 src/ASF/sam/utils/cmsis/same70/source/templates/system_same70.o

.debug_line     0x00000000     0xa71e
 .debug_line    0x00000000      0xe6b src/main.o
 .debug_line    0x00000e6b      0xa0f src/ASF/common/services/delay/sam/cycle_counter.o
 .debug_line    0x0000187a      0xdd7 src/ASF/common/services/spi/sam_spi/spi_master.o
 .debug_line    0x00002651     0x1216 src/ASF/sam/components/display/ili9488/ili9488.o
 .debug_line    0x00003867      0xcbe src/ASF/sam/drivers/spi/spi.o
 .debug_line    0x00004525      0xc89 src/ASF/common/services/clock/same70/sysclk.o
 .debug_line    0x000051ae      0xa2a src/ASF/common/utils/interrupt/interrupt_sam_nvic.o
 .debug_line    0x00005bd8      0xd9a src/ASF/sam/boards/same70_xplained/init.o
 .debug_line    0x00006972      0xe39 src/ASF/sam/drivers/pio/pio.o
 .debug_line    0x000077ab      0xb3a src/ASF/sam/drivers/pio/pio_handler.o
 .debug_line    0x000082e5     0x1116 src/ASF/sam/drivers/pmc/pmc.o
 .debug_line    0x000093fb      0xae2 src/ASF/sam/utils/cmsis/same70/source/templates/gcc/startup_same70.o
 .debug_line    0x00009edd      0x841 src/ASF/sam/utils/cmsis/same70/source/templates/system_same70.o

.debug_str      0x00000000    0x93735
 .debug_str     0x00000000    0x90452 src/main.o
                              0x914e4 (size before relaxing)
 .debug_str     0x00090452       0x35 src/ASF/common/services/delay/sam/cycle_counter.o
                              0x88692 (size before relaxing)
 .debug_str     0x00090487      0x5b4 src/ASF/common/services/spi/sam_spi/spi_master.o
                              0x8cf4d (size before relaxing)
 .debug_str     0x00090a3b      0x6f6 src/ASF/sam/components/display/ili9488/ili9488.o
                              0x8eb25 (size before relaxing)
 .debug_str     0x00091131      0x20e src/ASF/sam/drivers/spi/spi.o
                              0x8cb5a (size before relaxing)
 .debug_str     0x0009133f      0x472 src/ASF/common/services/clock/same70/sysclk.o
                              0x8cc55 (size before relaxing)
 .debug_str     0x000917b1       0x94 src/ASF/common/utils/interrupt/interrupt_sam_nvic.o
                              0x88562 (size before relaxing)
 .debug_str     0x00091845      0x66f src/ASF/sam/boards/same70_xplained/init.o
                              0x8d714 (size before relaxing)
 .debug_str     0x00091eb4      0x51e src/ASF/sam/drivers/pio/pio.o
                              0x890c4 (size before relaxing)
 .debug_str     0x000923d2      0x4dc src/ASF/sam/drivers/pio/pio_handler.o
                              0x8928b (size before relaxing)
 .debug_str     0x000928ae      0x63d src/ASF/sam/drivers/pmc/pmc.o
                              0x89253 (size before relaxing)
 .debug_str     0x00092eeb      0x713 src/ASF/sam/utils/cmsis/same70/source/templates/gcc/startup_same70.o
                              0x88dfb (size before relaxing)
 .debug_str     0x000935fe      0x137 src/ASF/sam/utils/cmsis/same70/source/templates/system_same70.o
                              0x7849b (size before relaxing)

.debug_frame    0x00000000     0x293c
 .debug_frame   0x00000000       0xfc src/main.o
 .debug_frame   0x000000fc       0x20 src/ASF/common/services/delay/sam/cycle_counter.o
 .debug_frame   0x0000011c      0x3c0 src/ASF/common/services/spi/sam_spi/spi_master.o
 .debug_frame   0x000004dc      0x63c src/ASF/sam/components/display/ili9488/ili9488.o
 .debug_frame   0x00000b18      0x2c8 src/ASF/sam/drivers/spi/spi.o
 .debug_frame   0x00000de0      0x240 src/ASF/common/services/clock/same70/sysclk.o
 .debug_frame   0x00001020       0x58 src/ASF/common/utils/interrupt/interrupt_sam_nvic.o
 .debug_frame   0x00001078      0x178 src/ASF/sam/boards/same70_xplained/init.o
 .debug_frame   0x000011f0      0x7c0 src/ASF/sam/drivers/pio/pio.o
 .debug_frame   0x000019b0      0x1d0 src/ASF/sam/drivers/pio/pio_handler.o
 .debug_frame   0x00001b80      0xa68 src/ASF/sam/drivers/pmc/pmc.o
 .debug_frame   0x000025e8       0xbc src/ASF/sam/utils/cmsis/same70/source/templates/gcc/startup_same70.o
 .debug_frame   0x000026a4       0x78 src/ASF/sam/utils/cmsis/same70/source/templates/system_same70.o
 .debug_frame   0x0000271c       0x2c c:/program files (x86)/atmel/studio/7.0/toolchain/arm/arm-gnu-toolchain/bin/../lib/gcc/arm-none-eabi/6.3.1/thumb/v7e-m\libgcc.a(_aeabi_uldivmod.o)
 .debug_frame   0x00002748       0x34 c:/program files (x86)/atmel/studio/7.0/toolchain/arm/arm-gnu-toolchain/bin/../lib/gcc/arm-none-eabi/6.3.1/thumb/v7e-m\libgcc.a(_udivmoddi4.o)
 .debug_frame   0x0000277c       0x2c c:/program files (x86)/atmel/studio/7.0/toolchain/arm/arm-gnu-toolchain/bin/../lib/gcc/arm-none-eabi/6.3.1/../../../../arm-none-eabi/lib/thumb/v7e-m\libc.a(lib_a-init.o)
 .debug_frame   0x000027a8       0x5c c:/program files (x86)/atmel/studio/7.0/toolchain/arm/arm-gnu-toolchain/bin/../lib/gcc/arm-none-eabi/6.3.1/../../../../arm-none-eabi/lib/thumb/v7e-m\libc.a(lib_a-__call_atexit.o)
 .debug_frame   0x00002804       0x20 c:/program files (x86)/atmel/studio/7.0/toolchain/arm/arm-gnu-toolchain/bin/../lib/gcc/arm-none-eabi/6.3.1/../../../../arm-none-eabi/lib/thumb/v7e-m\libc.a(lib_a-atexit.o)
 .debug_frame   0x00002824       0x34 c:/program files (x86)/atmel/studio/7.0/toolchain/arm/arm-gnu-toolchain/bin/../lib/gcc/arm-none-eabi/6.3.1/../../../../arm-none-eabi/lib/thumb/v7e-m\libc.a(lib_a-fini.o)
 .debug_frame   0x00002858       0xb0 c:/program files (x86)/atmel/studio/7.0/toolchain/arm/arm-gnu-toolchain/bin/../lib/gcc/arm-none-eabi/6.3.1/../../../../arm-none-eabi/lib/thumb/v7e-m\libc.a(lib_a-lock.o)
 .debug_frame   0x00002908       0x34 c:/program files (x86)/atmel/studio/7.0/toolchain/arm/arm-gnu-toolchain/bin/../lib/gcc/arm-none-eabi/6.3.1/../../../../arm-none-eabi/lib/thumb/v7e-m\libc.a(lib_a-__atexit.o)

Cross Reference Table

Symbol                                            File
ACC_Handler                                       src/ASF/sam/utils/cmsis/same70/source/templates/gcc/startup_same70.o
AES_Handler                                       src/ASF/sam/utils/cmsis/same70/source/templates/gcc/startup_same70.o
AFEC0_Handler                                     src/ASF/sam/utils/cmsis/same70/source/templates/gcc/startup_same70.o
AFEC1_Handler                                     src/ASF/sam/utils/cmsis/same70/source/templates/gcc/startup_same70.o
BusFault_Handler                                  src/ASF/sam/utils/cmsis/same70/source/templates/gcc/startup_same70.o
CCF_Handler                                       src/ASF/sam/utils/cmsis/same70/source/templates/gcc/startup_same70.o
CCW_Handler                                       src/ASF/sam/utils/cmsis/same70/source/templates/gcc/startup_same70.o
DACC_Handler                                      src/ASF/sam/utils/cmsis/same70/source/templates/gcc/startup_same70.o
DebugMon_Handler                                  src/ASF/sam/utils/cmsis/same70/source/templates/gcc/startup_same70.o
Dummy_Handler                                     src/ASF/sam/utils/cmsis/same70/source/templates/gcc/startup_same70.o
EFC_Handler                                       src/ASF/sam/utils/cmsis/same70/source/templates/gcc/startup_same70.o
FPU_Handler                                       src/ASF/sam/utils/cmsis/same70/source/templates/gcc/startup_same70.o
GMAC_Handler                                      src/ASF/sam/utils/cmsis/same70/source/templates/gcc/startup_same70.o
GMAC_Q1_Handler                                   src/ASF/sam/utils/cmsis/same70/source/templates/gcc/startup_same70.o
GMAC_Q2_Handler                                   src/ASF/sam/utils/cmsis/same70/source/templates/gcc/startup_same70.o
GMAC_Q3_Handler                                   src/ASF/sam/utils/cmsis/same70/source/templates/gcc/startup_same70.o
GMAC_Q4_Handler                                   src/ASF/sam/utils/cmsis/same70/source/templates/gcc/startup_same70.o
GMAC_Q5_Handler                                   src/ASF/sam/utils/cmsis/same70/source/templates/gcc/startup_same70.o
HSMCI_Handler                                     src/ASF/sam/utils/cmsis/same70/source/templates/gcc/startup_same70.o
HardFault_Handler                                 src/ASF/sam/utils/cmsis/same70/source/templates/gcc/startup_same70.o
I2SC0_Handler                                     src/ASF/sam/utils/cmsis/same70/source/templates/gcc/startup_same70.o
I2SC1_Handler                                     src/ASF/sam/utils/cmsis/same70/source/templates/gcc/startup_same70.o
ICM_Handler                                       src/ASF/sam/utils/cmsis/same70/source/templates/gcc/startup_same70.o
ISI_Handler                                       src/ASF/sam/utils/cmsis/same70/source/templates/gcc/startup_same70.o
IXC_Handler                                       src/ASF/sam/utils/cmsis/same70/source/templates/gcc/startup_same70.o
MCAN0_INT0_Handler                                src/ASF/sam/utils/cmsis/same70/source/templates/gcc/startup_same70.o
MCAN0_INT1_Handler                                src/ASF/sam/utils/cmsis/same70/source/templates/gcc/startup_same70.o
MCAN1_INT0_Handler                                src/ASF/sam/utils/cmsis/same70/source/templates/gcc/startup_same70.o
MCAN1_INT1_Handler                                src/ASF/sam/utils/cmsis/same70/source/templates/gcc/startup_same70.o
MemManage_Handler                                 src/ASF/sam/utils/cmsis/same70/source/templates/gcc/startup_same70.o
NMI_Handler                                       src/ASF/sam/utils/cmsis/same70/source/templates/gcc/startup_same70.o
PIOA_Handler                                      src/ASF/sam/drivers/pio/pio_handler.o
PIOB_Handler                                      src/ASF/sam/drivers/pio/pio_handler.o
PIOC_Handler                                      src/ASF/sam/drivers/pio/pio_handler.o
PIOD_Handler                                      src/ASF/sam/drivers/pio/pio_handler.o
PIOE_Handler                                      src/ASF/sam/drivers/pio/pio_handler.o
PMC_Handler                                       src/ASF/sam/utils/cmsis/same70/source/templates/gcc/startup_same70.o
PWM0_Handler                                      src/ASF/sam/utils/cmsis/same70/source/templates/gcc/startup_same70.o
PWM1_Handler                                      src/ASF/sam/utils/cmsis/same70/source/templates/gcc/startup_same70.o
PendSV_Handler                                    src/ASF/sam/utils/cmsis/same70/source/templates/gcc/startup_same70.o
QSPI_Handler                                      src/ASF/sam/utils/cmsis/same70/source/templates/gcc/startup_same70.o
RSTC_Handler                                      src/ASF/sam/utils/cmsis/same70/source/templates/gcc/startup_same70.o
RSWDT_Handler                                     src/ASF/sam/utils/cmsis/same70/source/templates/gcc/startup_same70.o
RTC_Handler                                       src/ASF/sam/utils/cmsis/same70/source/templates/gcc/startup_same70.o
RTT_Handler                                       src/ASF/sam/utils/cmsis/same70/source/templates/gcc/startup_same70.o
Reset_Handler                                     src/ASF/sam/utils/cmsis/same70/source/templates/gcc/startup_same70.o
SDRAMC_Handler                                    src/ASF/sam/utils/cmsis/same70/source/templates/gcc/startup_same70.o
SPI0_Handler                                      src/ASF/sam/utils/cmsis/same70/source/templates/gcc/startup_same70.o
SPI1_Handler                                      src/ASF/sam/utils/cmsis/same70/source/templates/gcc/startup_same70.o
SSC_Handler                                       src/ASF/sam/utils/cmsis/same70/source/templates/gcc/startup_same70.o
SUPC_Handler                                      src/ASF/sam/utils/cmsis/same70/source/templates/gcc/startup_same70.o
SVC_Handler                                       src/ASF/sam/utils/cmsis/same70/source/templates/gcc/startup_same70.o
SysTick_Handler                                   src/ASF/sam/utils/cmsis/same70/source/templates/gcc/startup_same70.o
SystemCoreClock                                   src/ASF/sam/utils/cmsis/same70/source/templates/system_same70.o
SystemCoreClockUpdate                             src/ASF/sam/utils/cmsis/same70/source/templates/system_same70.o
                                                  src/ASF/common/services/clock/same70/sysclk.o
SystemInit                                        src/ASF/sam/utils/cmsis/same70/source/templates/system_same70.o
TC0_Handler                                       src/ASF/sam/utils/cmsis/same70/source/templates/gcc/startup_same70.o
TC10_Handler                                      src/ASF/sam/utils/cmsis/same70/source/templates/gcc/startup_same70.o
TC11_Handler                                      src/ASF/sam/utils/cmsis/same70/source/templates/gcc/startup_same70.o
TC1_Handler                                       src/ASF/sam/utils/cmsis/same70/source/templates/gcc/startup_same70.o
TC2_Handler                                       src/ASF/sam/utils/cmsis/same70/source/templates/gcc/startup_same70.o
TC3_Handler                                       src/ASF/sam/utils/cmsis/same70/source/templates/gcc/startup_same70.o
TC4_Handler                                       src/ASF/sam/utils/cmsis/same70/source/templates/gcc/startup_same70.o
TC5_Handler                                       src/ASF/sam/utils/cmsis/same70/source/templates/gcc/startup_same70.o
TC6_Handler                                       src/ASF/sam/utils/cmsis/same70/source/templates/gcc/startup_same70.o